$ mysql -u root -p
Enter password: 
Welcome to the MySQL monitor.  Commands end with ; or \g.
Your MySQL connection id is 5
Server version: 5.7.26-0ubuntu0.16.04.1 (Ubuntu)

Copyright (c) 2000, 2019, Oracle and/or its affiliates. All rights reserved.

Oracle is a registered trademark of Oracle Corporation and/or its
affiliates. Other names may be trademarks of their respective
owners.

Type 'help;' or '\h' for help. Type '\c' to clear the current input statement.

mysql> create user 'yash23' @ 'localhost' identified by 'yash23'
    -> ^[[A
exit
^C
mysql> create user 'yash23' @ 'localhost' identified by 'yash23';
ERROR 1064 (42000): You have an error in your SQL syntax; check the manual that corresponds to your MySQL server version for the right syntax to use near ''localhost' identified by 'yash23'' at line 1
mysql> create user 'yash23'@'localhost' identified by 'yash23';
Query OK, 0 rows affected (0.00 sec)

mysql> 


mysql -u yash23 -p
Enter password: 
Welcome to the MySQL monitor.  Commands end with ; or \g.
Your MySQL connection id is 6
Server version: 5.7.26-0ubuntu0.16.04.1 (Ubuntu)

Copyright (c) 2000, 2019, Oracle and/or its affiliates. All rights reserved.

Oracle is a registered trademark of Oracle Corporation and/or its
affiliates. Other names may be trademarks of their respective
owners.

Type 'help;' or '\h' for help. Type '\c' to clear the current input statement.

mysql> show databases;
+--------------------+
| Database           |
+--------------------+
| information_schema |
+--------------------+
1 row in set (0.00 sec)

mysql> create database oms;
ERROR 1044 (42000): Access denied for user 'yash23'@'localhost' to database 'oms'
mysql> grant all on *.* to 'yash23'@'localhost' identified by 'yash23';
ERROR 1045 (28000): Access denied for user 'yash23'@'localhost' (using password: YES)
mysql> exit
Bye
pict@DBMSLAB-A3-305-16:~$ mysql -u root -p
Enter password: 
Welcome to the MySQL monitor.  Commands end with ; or \g.
Your MySQL connection id is 7
Server version: 5.7.26-0ubuntu0.16.04.1 (Ubuntu)

Copyright (c) 2000, 2019, Oracle and/or its affiliates. All rights reserved.

Oracle is a registered trademark of Oracle Corporation and/or its
affiliates. Other names may be trademarks of their respective
owners.

Type 'help;' or '\h' for help. Type '\c' to clear the current input statement.

mysql> grant all on *.* to 'yash23'@'localhost' identified by 'yash23';
Query OK, 0 rows affected, 1 warning (0.01 sec)

mysql> exit
Bye
pict@DBMSLAB-A3-305-16:~$ mysql -u yash23 -p
Enter password: 
Welcome to the MySQL monitor.  Commands end with ; or \g.
Your MySQL connection id is 8
Server version: 5.7.26-0ubuntu0.16.04.1 (Ubuntu)

Copyright (c) 2000, 2019, Oracle and/or its affiliates. All rights reserved.

Oracle is a registered trademark of Oracle Corporation and/or its
affiliates. Other names may be trademarks of their respective
owners.

Type 'help;' or '\h' for help. Type '\c' to clear the current input statement.

mysql> create database oms;
Query OK, 1 row affected (0.01 sec)

mysql> show databases;
+--------------------+
| Database           |
+--------------------+
| information_schema |
| FLITE              |
| mysql              |
| oms                |
| performance_schema |
+--------------------+
5 rows in set (0.02 sec)

mysql> use database oms;
ERROR 1049 (42000): Unknown database 'database'
mysql> use oms;
Database changed
mysql>  use database oms;
ERROR 1049 (42000): Unknown database 'database'
mysql> use oms;
Database changed
mysql> create table customer(cust_id int primary key,cust_name varchar(35) not null,email varchar(35) not null,street varchar(35),city varchar(20),state varchar(20));
Query OK, 0 rows affected (0.29 sec)

mysql> desc customer;
+-----------+-------------+------+-----+---------+-------+
| Field     | Type        | Null | Key | Default | Extra |
+-----------+-------------+------+-----+---------+-------+
| cust_id   | int(11)     | NO   | PRI | NULL    |       |
| cust_name | varchar(35) | NO   |     | NULL    |       |
| email     | varchar(35) | NO   |     | NULL    |       |
| street    | varchar(35) | YES  |     | NULL    |       |
| city      | varchar(20) | YES  |     | NULL    |       |
| state     | varchar(20) | YES  |     | NULL    |       |
+-----------+-------------+------+-----+---------+-------+
6 rows in set (0.01 sec)

mysql> create table orders(or_id int primary key,cust_no int,or_date date,total_amt int not null,foreign key fk_cust(cust_no) references customer(cust_id);
ERROR 1064 (42000): You have an error in your SQL syntax; check the manual that corresponds to your MySQL server version for the right syntax to use near '' at line 1
mysql> create table orders(or_id int primary key,cust_no int,or_date date,total_amt int not null,foreign key fk_cust(cust_no) references customer(cust_id));
Query OK, 0 rows affected (0.34 sec)

mysql> desc orders;
+-----------+---------+------+-----+---------+-------+
| Field     | Type    | Null | Key | Default | Extra |
+-----------+---------+------+-----+---------+-------+
| or_id     | int(11) | NO   | PRI | NULL    |       |
| cust_no   | int(11) | YES  | MUL | NULL    |       |
| or_date   | date    | YES  |     | NULL    |       |
| total_amt | int(11) | NO   |     | NULL    |       |
+-----------+---------+------+-----+---------+-------+
4 rows in set (0.00 sec)

mysql> show create table orders;
+--------+------------------------------------------------------------------------------------------------------------------------------------------------------------------------------------------------------------------------------------------------------------------------------------------------------------------------------------------+
| Table  | Create Table                                                                                                                                                                                                                                                                                                                             |
+--------+------------------------------------------------------------------------------------------------------------------------------------------------------------------------------------------------------------------------------------------------------------------------------------------------------------------------------------------+
| orders | CREATE TABLE `orders` (
  `or_id` int(11) NOT NULL,
  `cust_no` int(11) DEFAULT NULL,
  `or_date` date DEFAULT NULL,
  `total_amt` int(11) NOT NULL,
  PRIMARY KEY (`or_id`),
  KEY `fk_cust` (`cust_no`),
  CONSTRAINT `orders_ibfk_1` FOREIGN KEY (`cust_no`) REFERENCES `customer` (`cust_id`)
) ENGINE=InnoDB DEFAULT CHARSET=latin1 |
+--------+------------------------------------------------------------------------------------------------------------------------------------------------------------------------------------------------------------------------------------------------------------------------------------------------------------------------------------------+
1 row in set (0.00 sec)

mysql> mysql -u yash23 -p
Enter password: 
Welcome to the MySQL monitor.  Commands end with ; or \g.
Your MySQL connection id is 3
Server version: 5.7.26-0ubuntu0.16.04.1 (Ubuntu)

Copyright (c) 2000, 2019, Oracle and/or its affiliates. All rights reserved.

Oracle is a registered trademark of Oracle Corporation and/or its
affiliates. Other names may be trademarks of their respective
owners.

Type 'help;' or '\h' for help. Type '\c' to clear the current input statement.

mysql> show databases;
+-----------------------+
| Database              |
+-----------------------+
| information_schema    |
| FLITE                 |
| assi4                 |
| chef                  |
| employee_management   |
| mysql                 |
| oms                   |
| performance_schema    |
| resturaunt_management |
+-----------------------+
9 rows in set (0.05 sec)

mysql> use oms
Reading table information for completion of table and column names
You can turn off this feature to get a quicker startup with -A

Database changed
mysql> use oms;
Database changed
mysql> show tables;
+---------------+
| Tables_in_oms |
+---------------+
| customer      |
| orders        |
+---------------+
2 rows in set (0.00 sec)

mysql> desc customer;
+-----------+-------------+------+-----+---------+-------+
| Field     | Type        | Null | Key | Default | Extra |
+-----------+-------------+------+-----+---------+-------+
| cust_id   | int(11)     | NO   | PRI | NULL    |       |
| cust_name | varchar(35) | NO   |     | NULL    |       |
| email     | varchar(35) | NO   |     | NULL    |       |
| street    | varchar(35) | YES  |     | NULL    |       |
| city      | varchar(20) | YES  |     | NULL    |       |
| state     | varchar(20) | YES  |     | NULL    |       |
+-----------+-------------+------+-----+---------+-------+
6 rows in set (0.00 sec)

mysql> desc orders;
+-----------+---------+------+-----+---------+-------+
| Field     | Type    | Null | Key | Default | Extra |
+-----------+---------+------+-----+---------+-------+
| or_id     | int(11) | NO   | PRI | NULL    |       |
| cust_no   | int(11) | YES  | MUL | NULL    |       |
| or_date   | date    | YES  |     | NULL    |       |
| total_amt | int(11) | NO   |     | NULL    |       |
+-----------+---------+------+-----+---------+-------+
4 rows in set (0.00 sec)

mysql> drop table category;
Query OK, 0 rows affected (0.15 sec)

mysql> show tables;
+---------------+
| Tables_in_oms |
+---------------+
| customer      |
| orders        |
+---------------+
2 rows in set (0.00 sec)

mysql>  create table category(cat_id int,cat_name varchar(20));
Query OK, 0 rows affected (0.27 sec)

mysql> show tables;
+---------------+
| Tables_in_oms |
+---------------+
| category      |
| customer      |
| orders        |
+---------------+
3 rows in set (0.00 sec)

mysql> desc orders;
+-----------+---------+------+-----+---------+-------+
| Field     | Type    | Null | Key | Default | Extra |
+-----------+---------+------+-----+---------+-------+
| or_id     | int(11) | NO   | PRI | NULL    |       |
| cust_no   | int(11) | YES  | MUL | NULL    |       |
| or_date   | date    | YES  |     | NULL    |       |
| total_amt | int(11) | NO   |     | NULL    |       |
+-----------+---------+------+-----+---------+-------+
4 rows in set (0.00 sec)

mysql> desc category;
+----------+-------------+------+-----+---------+-------+
| Field    | Type        | Null | Key | Default | Extra |
+----------+-------------+------+-----+---------+-------+
| cat_id   | int(11)     | YES  |     | NULL    |       |
| cat_name | varchar(20) | YES  |     | NULL    |       |
+----------+-------------+------+-----+---------+-------+
2 rows in set (0.00 sec)

mysql> create table product(cat_no int,p_id int primary key,p_name varchar(20),unit_price int not null,foreign key fk_cust(cat_no) references category(cat_id)); 
ERROR 1215 (HY000): Cannot add foreign key constraint
mysql> create table product(cat_no int,p_id int primary key,p_name varchar(20),unit_price int not null,foreign key fk_cate(cat_no) references category(cat_id)); 
ERROR 1215 (HY000): Cannot add foreign key constraint
mysql> alter table category add constraint primary key(cat_id);
Query OK, 0 rows affected (0.69 sec)
Records: 0  Duplicates: 0  Warnings: 0

mysql> desc category;
+----------+-------------+------+-----+---------+-------+
| Field    | Type        | Null | Key | Default | Extra |
+----------+-------------+------+-----+---------+-------+
| cat_id   | int(11)     | NO   | PRI | NULL    |       |
| cat_name | varchar(20) | YES  |     | NULL    |       |
+----------+-------------+------+-----+---------+-------+
2 rows in set (0.00 sec)

mysql> create table product(cat_no int,p_id int primary key,p_name varchar(20),unit_price int not null,foreign key fk_cate(cat_no) references category(cat_id)); 
Query OK, 0 rows affected (0.49 sec)

mysql> show tables;
+---------------+
| Tables_in_oms |
+---------------+
| category      |
| customer      |
| orders        |
| product       |
+---------------+
4 rows in set (0.00 sec)

mysql> desc product;
+------------+-------------+------+-----+---------+-------+
| Field      | Type        | Null | Key | Default | Extra |
+------------+-------------+------+-----+---------+-------+
| cat_no     | int(11)     | YES  | MUL | NULL    |       |
| p_id       | int(11)     | NO   | PRI | NULL    |       |
| p_name     | varchar(20) | YES  |     | NULL    |       |
| unit_price | int(11)     | NO   |     | NULL    |       |
+------------+-------------+------+-----+---------+-------+
4 rows in set (0.01 sec)

alter table product add column stock int;
Query OK, 0 rows affected (0.56 sec)
Records: 0  Duplicates: 0  Warnings: 0

mysql> desc product;
+------------+-------------+------+-----+---------+-------+
| Field      | Type        | Null | Key | Default | Extra |
+------------+-------------+------+-----+---------+-------+
| cat_no     | int(11)     | YES  | MUL | NULL    |       |
| p_id       | int(11)     | NO   | PRI | NULL    |       |
| p_name     | varchar(20) | YES  |     | NULL    |       |
| unit_price | int(11)     | NO   |     | NULL    |       |
| stock      | int(11)     | YES  |     | NULL    |       |
+------------+-------------+------+-----+---------+-------+
5 rows in set (0.00 sec)

mysql> alter table product [column] unit_price product_price;
ERROR 1064 (42000): You have an error in your SQL syntax; check the manual that corresponds to your MySQL server version for the right syntax to use near '[column] unit_price product_price' at line 1
mysql> alter table product [column] unit_price to product_price;
ERROR 1064 (42000): You have an error in your SQL syntax; check the manual that corresponds to your MySQL server version for the right syntax to use near '[column] unit_price to product_price' at line 1
mysql> alter table product unit_price product_price int;
ERROR 1064 (42000): You have an error in your SQL syntax; check the manual that corresponds to your MySQL server version for the right syntax to use near 'unit_price product_price int' at line 1
mysql> alter table product change unit_price product_price int;
Query OK, 0 rows affected (0.59 sec)
Records: 0  Duplicates: 0  Warnings: 0

mysql> desc product;
+---------------+-------------+------+-----+---------+-------+
| Field         | Type        | Null | Key | Default | Extra |
+---------------+-------------+------+-----+---------+-------+
| cat_no        | int(11)     | YES  | MUL | NULL    |       |
| p_id          | int(11)     | NO   | PRI | NULL    |       |
| p_name        | varchar(20) | YES  |     | NULL    |       |
| product_price | int(11)     | YES  |     | NULL    |       |
| stock         | int(11)     | YES  |     | NULL    |       |
+---------------+-------------+------+-----+---------+-------+
5 rows in set (0.01 sec)

mysql>mysql> create table selects(p_id int,or_id int,qty int,tot_amt int);
Query OK, 0 rows affected (0.31 sec)

mysql> alter table selects add foreign key(p_id) references product(p_id);
Query OK, 0 rows affected (0.78 sec)
Records: 0  Duplicates: 0  Warnings: 0

mysql> alter table selects add foreign key(or_id) references orders(or_id);
Query OK, 0 rows affected (0.92 sec)
Records: 0  Duplicates: 0  Warnings: 0

mysql> desc selects;
+---------+---------+------+-----+---------+-------+
| Field   | Type    | Null | Key | Default | Extra |
+---------+---------+------+-----+---------+-------+
| p_id    | int(11) | YES  | MUL | NULL    |       |
| or_id   | int(11) | YES  | MUL | NULL    |       |
| qty     | int(11) | YES  |     | NULL    |       |
| tot_amt | int(11) | YES  |     | NULL    |       |
+---------+---------+------+-----+---------+-------+
4 rows in set (0.00 sec)

mysql> alter table selects add primary key(p_id,or_id);
Query OK, 0 rows affected (0.65 sec)
Records: 0  Duplicates: 0  Warnings: 0

mysql> desc selects;
+---------+---------+------+-----+---------+-------+
| Field   | Type    | Null | Key | Default | Extra |
+---------+---------+------+-----+---------+-------+
| p_id    | int(11) | NO   | PRI | NULL    |       |
| or_id   | int(11) | NO   | PRI | NULL    |       |
| qty     | int(11) | YES  |     | NULL    |       |
| tot_amt | int(11) | YES  |     | NULL    |       |
+---------+---------+------+-----+---------+-------+
4 rows in set (0.00 sec)

mysql> alter table selects modify qty char(9);
Query OK, 0 rows affected (0.83 sec)
Records: 0  Duplicates: 0  Warnings: 0

mysql> desc selects;
+---------+---------+------+-----+---------+-------+
| Field   | Type    | Null | Key | Default | Extra |
+---------+---------+------+-----+---------+-------+
| p_id    | int(11) | NO   | PRI | NULL    |       |
| or_id   | int(11) | NO   | PRI | NULL    |       |
| qty     | char(9) | YES  |     | NULL    |       |
| tot_amt | int(11) | YES  |     | NULL    |       |
+---------+---------+------+-----+---------+-------+
4 rows in set (0.00 sec)

mysql> alter table selects modify qty int;
Query OK, 0 rows affected (0.79 sec)
Records: 0  Duplicates: 0  Warnings: 0

mysql> desc selects;
+---------+---------+------+-----+---------+-------+
| Field   | Type    | Null | Key | Default | Extra |
+---------+---------+------+-----+---------+-------+
| p_id    | int(11) | NO   | PRI | NULL    |       |
| or_id   | int(11) | NO   | PRI | NULL    |       |
| qty     | int(11) | YES  |     | NULL    |       |
| tot_amt | int(11) | YES  |     | NULL    |       |
+---------+---------+------+-----+---------+-------+
4 rows in set (0.01 sec)

mysql> 

 














