 mysql -u yash23 -p
Enter password: 
ERROR 1045 (28000): Access denied for user 'yash23'@'localhost' (using password: YES)
pict@DBMSLAB-A3-305-16:~$ mysql -u yash23 -p
Enter password: 
Welcome to the MySQL monitor.  Commands end with ; or \g.
Your MySQL connection id is 6
Server version: 5.7.26-0ubuntu0.16.04.1 (Ubuntu)

Copyright (c) 2000, 2019, Oracle and/or its affiliates. All rights reserved.

Oracle is a registered trademark of Oracle Corporation and/or its
affiliates. Other names may be trademarks of their respective
owners.

Type 'help;' or '\h' for help. Type '\c' to clear the current input statement.

mysql> show databases;
+-----------------------+
| Database              |
+-----------------------+
| information_schema    |
| CHEF                  |
| FLITE                 |
| art_gallery           |
| assi4                 |
| chef                  |
| employee_management   |
| music                 |
| mysql                 |
| oms                   |
| performance_schema    |
| resturaunt_management |
+-----------------------+
12 rows in set (0.08 sec)

mysql> use oms;
Reading table information for completion of table and column names
You can turn off this feature to get a quicker startup with -A

Database changed
mysql> show tABLES;
+---------------+
| Tables_in_oms |
+---------------+
| category      |
| customer      |
| orders        |
| product       |
| selects       |
+---------------+
5 rows in set (0.00 sec)

mysql> create database musician;
Query OK, 1 row affected (0.00 sec)

mysql> use musician;
Database changed
mysql> create table musician(adhar_no int primary key,name varchar(20));
Query OK, 0 rows affected (0.28 sec)

mysql> create table place(place_id int primary key,addr varchar(20),phone_no int);
Query OK, 0 rows affected (0.28 sec)

mysql> alter table musician add column place_id int;
Query OK, 0 rows affected (0.50 sec)
Records: 0  Duplicates: 0  Warnings: 0

mysql> alter table musician add foreign key(place_id) references place(place_id);
Query OK, 0 rows affected (0.82 sec)
Records: 0  Duplicates: 0  Warnings: 0

mysql> create table album(album_id int primary key,adhar_no int,title varchar(20),album_date date,format varchar(20),foreign key fk_alb(adhar_no) references musician(adhar_no));
Query OK, 0 rows affected (0.32 sec)

mysql> create table songs(title varchar(20) primary key,author varchar(20),album_id int,foreign key (album_id) refrences album(album_id));
ERROR 1064 (42000): You have an error in your SQL syntax; check the manual that corresponds to your MySQL server version for the right syntax to use near 'refrences album(album_id))' at line 1
mysql> create table songs(title varchar(20) primary key,author varchar(20),album_id int,foreign key(album_id) refrences album(album_id));
ERROR 1064 (42000): You have an error in your SQL syntax; check the manual that corresponds to your MySQL server version for the right syntax to use near 'refrences album(album_id))' at line 1
mysql> create table songs(title varchar(20) primary key,author varchar(20),album_id int,foreign key(album_id) references album(album_id));
Query OK, 0 rows affected (0.31 sec)

mysql> create table instrument(inst_id int primary key,inst_name varchar(20),inst_key varchar(10));
Query OK, 0 rows affected (0.28 sec)

mysql> create table plays(inst_id int,adhar_no int,foreign key(inst_id) refrences instrument(inst_id),foreign key(adhar_no) references musician(adhar_no));
ERROR 1064 (42000): You have an error in your SQL syntax; check the manual that corresponds to your MySQL server version for the right syntax to use near 'refrences instrument(inst_id),foreign key(adhar_no) references musician(adhar_no' at line 1
mysql> create table plays(inst_id int,adhar_no int,foreign key(inst_id) references instrument(inst_id),foreign key(adhar_no) references musician(adhar_no));
Query OK, 0 rows affected (0.35 sec)

mysql> alter table plays add primary key(adhar_no,inst_id);
Query OK, 0 rows affected (0.52 sec)
Records: 0  Duplicates: 0  Warnings: 0

mysql> create table performs(title varchar(20),adhar_no int,foreign key(title) references songs(title),foreign key(adhar_no) references musician(adhar_no)); Query OK, 0 rows affected (0.35 sec)

mysql> create table uses(title varchar(20),inst_id int,foreign key(title) references songs(title),foreign key(inst_id) references instrument(inst_id)); 
Query OK, 0 rows affected (0.36 sec)

mysql> show tables;
+--------------------+
| Tables_in_musician |
+--------------------+
| album              |
| instrument         |
| musician           |
| performs           |
| place              |
| plays              |
| songs              |
| uses               |
+--------------------+
8 rows in set (0.00 sec)

mysql> 

