mysql -u yash23 -p
Enter password: 
Welcome to the MySQL monitor.  Commands end with ; or \g.
Your MySQL connection id is 5
Server version: 5.7.26-0ubuntu0.16.04.1 (Ubuntu)

Copyright (c) 2000, 2019, Oracle and/or its affiliates. All rights reserved.

Oracle is a registered trademark of Oracle Corporation and/or its
affiliates. Other names may be trademarks of their respective
owners.

Type 'help;' or '\h' for help. Type '\c' to clear the current input statement.

mysql> use oms;
Reading table information for completion of table and column names
You can turn off this feature to get a quicker startup with -A

Database changed
mysql> select * from selects;
+-------+------+------+---------+
| or_id | p_id | qty  | tot_amt |
+-------+------+------+---------+
|     1 |    1 |    3 |      75 |
|     1 |    4 |    2 |      20 |
|     2 |    7 |    2 |       6 |
|     2 |   11 |    3 |      75 |
|     3 |   13 |    4 |      60 |
|     3 |   17 |    1 |      15 |
|     4 |   21 |    5 |     125 |
|     4 |   26 |    4 |     300 |
|     5 |   28 |    2 |      30 |
|     5 |   38 |    3 |     135 |
+-------+------+------+---------+
10 rows in set (0.00 sec)

mysql> select * from product;
+--------+------+----------------------+---------------+-------+
| cat_no | p_id | p_name               | product_price | stock |
+--------+------+----------------------+---------------+-------+
|      1 |    1 | Crayons              |            25 |   100 |
|      1 |    2 | Water Colors         |            45 |    50 |
|      1 |    3 | Pencil Colors        |            35 |   100 |
|      2 |    4 | big Eraser           |            10 |   100 |
|      2 |    5 | small Eraser         |             5 |   100 |
|      3 |    6 | H-Pencil             |             5 |   100 |
|      3 |    7 | 2H-Pencil            |             3 |   100 |
|      4 |    8 | Gel Pen              |            15 |   100 |
|      4 |    9 | Ball pen             |            10 |   100 |
|      4 |   10 | Ink pen              |            20 |   100 |
|      5 |   11 | Normal Paper         |            25 |   100 |
|      5 |   12 | Graph Paper          |            15 |   100 |
|      6 |   13 | Dust Sharpner        |            15 |   100 |
|      6 |   14 | Non-Dust Sharpner    |            10 |   100 |
|      7 |   15 | Transparent          |            55 |   100 |
|      7 |   16 | Non-Transparent      |            65 |   100 |
|      8 |   17 | Pouch                |            15 |   100 |
|      8 |   18 | Geometry Box         |            25 |   100 |
|      9 |   19 | Normal Calculator    |            75 |   100 |
|      9 |   20 | Scintific Calculator |           125 |   100 |
|     10 |   21 | Spiral Notebook      |            25 |   100 |
|     10 |   22 | Composite Notebook   |            35 |   100 |
|     11 |   23 | officefiles          |            25 |   100 |
|     11 |   24 | Boxfiles             |            45 |   100 |
|     12 |   25 | Expandable folder    |            55 |   100 |
|     12 |   26 | Leather Folder       |            75 |   100 |
|     13 |   27 | Compass              |            25 |   100 |
|     13 |   28 | Divider              |            15 |   100 |
|     14 |   29 | paper Scissor        |            25 |   100 |
|     14 |   30 | Clothe Scissor       |            35 |   100 |
|     15 |   31 | Fevicol              |            15 |   100 |
|     15 |   32 | Hot Glue             |            25 |   100 |
|     16 |   33 | stapler-Big          |            55 |   100 |
|     16 |   34 | Stapler-small        |            25 |   100 |
|     17 |   35 | Small Punching       |            25 |   100 |
|     17 |   36 | Big Punching         |            75 |   100 |
|     18 |   37 | Papers               |            25 |   100 |
|     18 |   38 | Ink                  |            45 |   100 |
|     19 |   39 | School Bag           |           125 |   100 |
|     19 |   40 | School Bottle        |            35 |   100 |
|     20 |   41 | White Board+duster   |           125 |   100 |
|     20 |   42 | Black Board+duster   |           100 |   100 |
+--------+------+----------------------+---------------+-------+
42 rows in set (0.00 sec)

mysql> update selects set tot_amt=0;
Query OK, 10 rows affected (0.05 sec)
Rows matched: 10  Changed: 10  Warnings: 0

mysql> select * from customer;
+---------+----------------+------------------------------+--------+------+-------------+
| cust_id | cust_name      | email                        | street | city | state       |
+---------+----------------+------------------------------+--------+------+-------------+
|       1 | Yash Jeswani   | yashjeswani2420@gmail.com    | Katraj | Pune | Maharashtra |
|       2 | Kunal Sachdev  | kunalsachdev456@gmail.com    | Katraj | Pune | Maharashtra |
|       3 | Animesh Landge | anni.landge@gmail.com        | Katraj | Pune | Maharashtra |
|       4 | Soham Kotalwar | soham.kotalwar@gmail.com     | Katraj | Pune | Maharashtra |
|       5 | Rajas Kulkarni | rajaskulkarni99.rk@gmail.com | Katraj | Pune | Maharashtra |
+---------+----------------+------------------------------+--------+------+-------------+
5 rows in set (0.00 sec)

mysql> select * from category;
+--------+------------------+
| cat_id | cat_name         |
+--------+------------------+
|      1 | colors           |
|      2 | Erasers          |
|      3 | pencils          |
|      4 | pens             |
|      5 | papers           |
|      6 | sharpners        |
|      7 | Exam pads        |
|      8 | Pencil Box       |
|      9 | Calculators      |
|     10 | Notebooks        |
|     11 | Files            |
|     12 | Folders          |
|     13 | Tools            |
|     14 | scissors         |
|     15 | glue             |
|     16 | Staplers         |
|     17 | Punching machine |
|     18 | Printing Suplies |
|     19 | School Supplies  |
|     20 | Boards & Dusters |
+--------+------------------+
20 rows in set (0.00 sec)

mysql> select * from product;
+--------+------+----------------------+---------------+-------+
| cat_no | p_id | p_name               | product_price | stock |
+--------+------+----------------------+---------------+-------+
|      1 |    1 | Crayons              |            25 |   100 |
|      1 |    2 | Water Colors         |            45 |    50 |
|      1 |    3 | Pencil Colors        |            35 |   100 |
|      2 |    4 | big Eraser           |            10 |   100 |
|      2 |    5 | small Eraser         |             5 |   100 |
|      3 |    6 | H-Pencil             |             5 |   100 |
|      3 |    7 | 2H-Pencil            |             3 |   100 |
|      4 |    8 | Gel Pen              |            15 |   100 |
|      4 |    9 | Ball pen             |            10 |   100 |
|      4 |   10 | Ink pen              |            20 |   100 |
|      5 |   11 | Normal Paper         |            25 |   100 |
|      5 |   12 | Graph Paper          |            15 |   100 |
|      6 |   13 | Dust Sharpner        |            15 |   100 |
|      6 |   14 | Non-Dust Sharpner    |            10 |   100 |
|      7 |   15 | Transparent          |            55 |   100 |
|      7 |   16 | Non-Transparent      |            65 |   100 |
|      8 |   17 | Pouch                |            15 |   100 |
|      8 |   18 | Geometry Box         |            25 |   100 |
|      9 |   19 | Normal Calculator    |            75 |   100 |
|      9 |   20 | Scintific Calculator |           125 |   100 |
|     10 |   21 | Spiral Notebook      |            25 |   100 |
|     10 |   22 | Composite Notebook   |            35 |   100 |
|     11 |   23 | officefiles          |            25 |   100 |
|     11 |   24 | Boxfiles             |            45 |   100 |
|     12 |   25 | Expandable folder    |            55 |   100 |
|     12 |   26 | Leather Folder       |            75 |   100 |
|     13 |   27 | Compass              |            25 |   100 |
|     13 |   28 | Divider              |            15 |   100 |
|     14 |   29 | paper Scissor        |            25 |   100 |
|     14 |   30 | Clothe Scissor       |            35 |   100 |
|     15 |   31 | Fevicol              |            15 |   100 |
|     15 |   32 | Hot Glue             |            25 |   100 |
|     16 |   33 | stapler-Big          |            55 |   100 |
|     16 |   34 | Stapler-small        |            25 |   100 |
|     17 |   35 | Small Punching       |            25 |   100 |
|     17 |   36 | Big Punching         |            75 |   100 |
|     18 |   37 | Papers               |            25 |   100 |
|     18 |   38 | Ink                  |            45 |   100 |
|     19 |   39 | School Bag           |           125 |   100 |
|     19 |   40 | School Bottle        |            35 |   100 |
|     20 |   41 | White Board+duster   |           125 |   100 |
|     20 |   42 | Black Board+duster   |           100 |   100 |
+--------+------+----------------------+---------------+-------+
42 rows in set (0.00 sec)

mysql> select * from orders;
+-------+---------+------------+-----------+
| or_id | cust_no | or_date    | total_amt |
+-------+---------+------------+-----------+
|     1 |       1 | 2019-04-19 |         0 |
|     2 |       1 | 2019-05-19 |         0 |
|     3 |       2 | 2019-06-19 |         0 |
|     4 |       2 | 2019-07-10 |         0 |
|     5 |       3 | 2019-07-15 |         0 |
|     6 |       4 | 2019-07-19 |         0 |
|     7 |       4 | 2019-07-19 |         0 |
|     8 |       5 | 2019-07-18 |         0 |
+-------+---------+------------+-----------+
8 rows in set (0.00 sec)

mysql> select * from selects;
+-------+------+------+---------+
| or_id | p_id | qty  | tot_amt |
+-------+------+------+---------+
|     1 |    1 |    3 |       0 |
|     1 |    4 |    2 |       0 |
|     2 |    7 |    2 |       0 |
|     2 |   11 |    3 |       0 |
|     3 |   13 |    4 |       0 |
|     3 |   17 |    1 |       0 |
|     4 |   21 |    5 |       0 |
|     4 |   26 |    4 |       0 |
|     5 |   28 |    2 |       0 |
|     5 |   38 |    3 |       0 |
+-------+------+------+---------+
10 rows in set (0.00 sec)

mysql> update  customer set city ="nanded" where cust_id =5 ;
Query OK, 1 row affected (0.04 sec)
Rows matched: 1  Changed: 1  Warnings: 0

mysql> select * from customer where city="nanded" or cust_name like 'a%';
+---------+----------------+------------------------------+--------+--------+-------------+
| cust_id | cust_name      | email                        | street | city   | state       |
+---------+----------------+------------------------------+--------+--------+-------------+
|       3 | Animesh Landge | anni.landge@gmail.com        | Katraj | Pune   | Maharashtra |
|       5 | Rajas Kulkarni | rajaskulkarni99.rk@gmail.com | Katraj | nanded | Maharashtra |
+---------+----------------+------------------------------+--------+--------+-------------+
2 rows in set (0.00 sec)

mysql> select count(*) from customer where city="nanded" or cust_name like 'a%';
+----------+
| count(*) |
+----------+
|        2 |
+----------+
1 row in set (0.00 sec)

mysql> select count(*) from customer where city="nanded" or cust_name like 'A%';
+----------+
| count(*) |
+----------+
|        2 |
+----------+
1 row in set (0.00 sec)

mysql> select count(*) from customer where city="nanded" AND  cust_name like 'A%';
+----------+
| count(*) |
+----------+
|        0 |
+----------+
1 row in set (0.00 sec)

mysql> select * from customer where city="nanded" AND cust_name like 'a%';
Empty set (0.00 sec)

mysql> select * from customer where city="nanded" AND cust_name like 'a___';
Empty set (0.00 sec)

mysql> select * from customer where city="nanded" OR cust_name like '!a%';
+---------+----------------+------------------------------+--------+--------+-------------+
| cust_id | cust_name      | email                        | street | city   | state       |
+---------+----------------+------------------------------+--------+--------+-------------+
|       5 | Rajas Kulkarni | rajaskulkarni99.rk@gmail.com | Katraj | nanded | Maharashtra |
+---------+----------------+------------------------------+--------+--------+-------------+
1 row in set (0.00 sec)

mysql> select * from customer where city="nanded" OR cust_name NOT like 'a%';
+---------+----------------+------------------------------+--------+--------+-------------+
| cust_id | cust_name      | email                        | street | city   | state       |
+---------+----------------+------------------------------+--------+--------+-------------+
|       1 | Yash Jeswani   | yashjeswani2420@gmail.com    | Katraj | Pune   | Maharashtra |
|       2 | Kunal Sachdev  | kunalsachdev456@gmail.com    | Katraj | Pune   | Maharashtra |
|       4 | Soham Kotalwar | soham.kotalwar@gmail.com     | Katraj | Pune   | Maharashtra |
|       5 | Rajas Kulkarni | rajaskulkarni99.rk@gmail.com | Katraj | nanded | Maharashtra |
+---------+----------------+------------------------------+--------+--------+-------------+
4 rows in set (0.00 sec)

mysql> select * from customer where city="nanded" OR cust_name like '!R%';
+---------+----------------+------------------------------+--------+--------+-------------+
| cust_id | cust_name      | email                        | street | city   | state       |
+---------+----------------+------------------------------+--------+--------+-------------+
|       5 | Rajas Kulkarni | rajaskulkarni99.rk@gmail.com | Katraj | nanded | Maharashtra |
+---------+----------------+------------------------------+--------+--------+-------------+
1 row in set (0.00 sec)

mysql> select * from PRODUCT  where P_ID BETWEEN 1 TO 20;
ERROR 1064 (42000): You have an error in your SQL syntax; check the manual that corresponds to your MySQL server version for the right syntax to use near 'TO 20' at line 1
mysql> select * from PRODUCT  where P_ID BETWEEN 1 and  20;
ERROR 1146 (42S02): Table 'oms.PRODUCT' doesn't exist
mysql> select * from product  where p_id BETWEEN 1 and  20;
+--------+------+----------------------+---------------+-------+
| cat_no | p_id | p_name               | product_price | stock |
+--------+------+----------------------+---------------+-------+
|      1 |    1 | Crayons              |            25 |   100 |
|      1 |    2 | Water Colors         |            45 |    50 |
|      1 |    3 | Pencil Colors        |            35 |   100 |
|      2 |    4 | big Eraser           |            10 |   100 |
|      2 |    5 | small Eraser         |             5 |   100 |
|      3 |    6 | H-Pencil             |             5 |   100 |
|      3 |    7 | 2H-Pencil            |             3 |   100 |
|      4 |    8 | Gel Pen              |            15 |   100 |
|      4 |    9 | Ball pen             |            10 |   100 |
|      4 |   10 | Ink pen              |            20 |   100 |
|      5 |   11 | Normal Paper         |            25 |   100 |
|      5 |   12 | Graph Paper          |            15 |   100 |
|      6 |   13 | Dust Sharpner        |            15 |   100 |
|      6 |   14 | Non-Dust Sharpner    |            10 |   100 |
|      7 |   15 | Transparent          |            55 |   100 |
|      7 |   16 | Non-Transparent      |            65 |   100 |
|      8 |   17 | Pouch                |            15 |   100 |
|      8 |   18 | Geometry Box         |            25 |   100 |
|      9 |   19 | Normal Calculator    |            75 |   100 |
|      9 |   20 | Scintific Calculator |           125 |   100 |
+--------+------+----------------------+---------------+-------+
20 rows in set (0.00 sec)

mysql> select * from product  where p_id BETWEEN 1 and  20 and product_price > 50;
+--------+------+----------------------+---------------+-------+
| cat_no | p_id | p_name               | product_price | stock |
+--------+------+----------------------+---------------+-------+
|      7 |   15 | Transparent          |            55 |   100 |
|      7 |   16 | Non-Transparent      |            65 |   100 |
|      9 |   19 | Normal Calculator    |            75 |   100 |
|      9 |   20 | Scintific Calculator |           125 |   100 |
+--------+------+----------------------+---------------+-------+
4 rows in set (0.00 sec)

mysql> select cat_no,count(p_id) from product  group by cat_no;
+--------+-------------+
| cat_no | count(p_id) |
+--------+-------------+
|      1 |           3 |
|      2 |           2 |
|      3 |           2 |
|      4 |           3 |
|      5 |           2 |
|      6 |           2 |
|      7 |           2 |
|      8 |           2 |
|      9 |           2 |
|     10 |           2 |
|     11 |           2 |
|     12 |           2 |
|     13 |           2 |
|     14 |           2 |
|     15 |           2 |
|     16 |           2 |
|     17 |           2 |
|     18 |           2 |
|     19 |           2 |
|     20 |           2 |
+--------+-------------+
20 rows in set (0.00 sec)

mysql> select cat_no,count(p_id) from product  group by cat_no having product_price > 20;
ERROR 1054 (42S22): Unknown column 'product_price' in 'having clause'
mysql> select cat_no,count(p_id) from product  group by cat_no having cat_no between 1 and 7;
+--------+-------------+
| cat_no | count(p_id) |
+--------+-------------+
|      1 |           3 |
|      2 |           2 |
|      3 |           2 |
|      4 |           3 |
|      5 |           2 |
|      6 |           2 |
|      7 |           2 |
+--------+-------------+
7 rows in set (0.00 sec)

mysql> select cat_no,count(p_id) from product  where product_price > 20 group by cat_no having cat_no between 1 and 7;
+--------+-------------+
| cat_no | count(p_id) |
+--------+-------------+
|      1 |           3 |
|      5 |           1 |
|      7 |           2 |
+--------+-------------+
3 rows in set (0.01 sec)

mysql> select * from product order by cat_no;
+--------+------+----------------------+---------------+-------+
| cat_no | p_id | p_name               | product_price | stock |
+--------+------+----------------------+---------------+-------+
|      1 |    2 | Water Colors         |            45 |    50 |
|      1 |    1 | Crayons              |            25 |   100 |
|      1 |    3 | Pencil Colors        |            35 |   100 |
|      2 |    4 | big Eraser           |            10 |   100 |
|      2 |    5 | small Eraser         |             5 |   100 |
|      3 |    6 | H-Pencil             |             5 |   100 |
|      3 |    7 | 2H-Pencil            |             3 |   100 |
|      4 |    8 | Gel Pen              |            15 |   100 |
|      4 |    9 | Ball pen             |            10 |   100 |
|      4 |   10 | Ink pen              |            20 |   100 |
|      5 |   12 | Graph Paper          |            15 |   100 |
|      5 |   11 | Normal Paper         |            25 |   100 |
|      6 |   13 | Dust Sharpner        |            15 |   100 |
|      6 |   14 | Non-Dust Sharpner    |            10 |   100 |
|      7 |   15 | Transparent          |            55 |   100 |
|      7 |   16 | Non-Transparent      |            65 |   100 |
|      8 |   17 | Pouch                |            15 |   100 |
|      8 |   18 | Geometry Box         |            25 |   100 |
|      9 |   19 | Normal Calculator    |            75 |   100 |
|      9 |   20 | Scintific Calculator |           125 |   100 |
|     10 |   22 | Composite Notebook   |            35 |   100 |
|     10 |   21 | Spiral Notebook      |            25 |   100 |
|     11 |   23 | officefiles          |            25 |   100 |
|     11 |   24 | Boxfiles             |            45 |   100 |
|     12 |   25 | Expandable folder    |            55 |   100 |
|     12 |   26 | Leather Folder       |            75 |   100 |
|     13 |   27 | Compass              |            25 |   100 |
|     13 |   28 | Divider              |            15 |   100 |
|     14 |   29 | paper Scissor        |            25 |   100 |
|     14 |   30 | Clothe Scissor       |            35 |   100 |
|     15 |   32 | Hot Glue             |            25 |   100 |
|     15 |   31 | Fevicol              |            15 |   100 |
|     16 |   33 | stapler-Big          |            55 |   100 |
|     16 |   34 | Stapler-small        |            25 |   100 |
|     17 |   35 | Small Punching       |            25 |   100 |
|     17 |   36 | Big Punching         |            75 |   100 |
|     18 |   37 | Papers               |            25 |   100 |
|     18 |   38 | Ink                  |            45 |   100 |
|     19 |   39 | School Bag           |           125 |   100 |
|     19 |   40 | School Bottle        |            35 |   100 |
|     20 |   41 | White Board+duster   |           125 |   100 |
|     20 |   42 | Black Board+duster   |           100 |   100 |
+--------+------+----------------------+---------------+-------+
42 rows in set (0.00 sec)

mysql> select * from product order by cat_no,product_price;
+--------+------+----------------------+---------------+-------+
| cat_no | p_id | p_name               | product_price | stock |
+--------+------+----------------------+---------------+-------+
|      1 |    1 | Crayons              |            25 |   100 |
|      1 |    3 | Pencil Colors        |            35 |   100 |
|      1 |    2 | Water Colors         |            45 |    50 |
|      2 |    5 | small Eraser         |             5 |   100 |
|      2 |    4 | big Eraser           |            10 |   100 |
|      3 |    7 | 2H-Pencil            |             3 |   100 |
|      3 |    6 | H-Pencil             |             5 |   100 |
|      4 |    9 | Ball pen             |            10 |   100 |
|      4 |    8 | Gel Pen              |            15 |   100 |
|      4 |   10 | Ink pen              |            20 |   100 |
|      5 |   12 | Graph Paper          |            15 |   100 |
|      5 |   11 | Normal Paper         |            25 |   100 |
|      6 |   14 | Non-Dust Sharpner    |            10 |   100 |
|      6 |   13 | Dust Sharpner        |            15 |   100 |
|      7 |   15 | Transparent          |            55 |   100 |
|      7 |   16 | Non-Transparent      |            65 |   100 |
|      8 |   17 | Pouch                |            15 |   100 |
|      8 |   18 | Geometry Box         |            25 |   100 |
|      9 |   19 | Normal Calculator    |            75 |   100 |
|      9 |   20 | Scintific Calculator |           125 |   100 |
|     10 |   21 | Spiral Notebook      |            25 |   100 |
|     10 |   22 | Composite Notebook   |            35 |   100 |
|     11 |   23 | officefiles          |            25 |   100 |
|     11 |   24 | Boxfiles             |            45 |   100 |
|     12 |   25 | Expandable folder    |            55 |   100 |
|     12 |   26 | Leather Folder       |            75 |   100 |
|     13 |   28 | Divider              |            15 |   100 |
|     13 |   27 | Compass              |            25 |   100 |
|     14 |   29 | paper Scissor        |            25 |   100 |
|     14 |   30 | Clothe Scissor       |            35 |   100 |
|     15 |   31 | Fevicol              |            15 |   100 |
|     15 |   32 | Hot Glue             |            25 |   100 |
|     16 |   34 | Stapler-small        |            25 |   100 |
|     16 |   33 | stapler-Big          |            55 |   100 |
|     17 |   35 | Small Punching       |            25 |   100 |
|     17 |   36 | Big Punching         |            75 |   100 |
|     18 |   37 | Papers               |            25 |   100 |
|     18 |   38 | Ink                  |            45 |   100 |
|     19 |   40 | School Bottle        |            35 |   100 |
|     19 |   39 | School Bag           |           125 |   100 |
|     20 |   42 | Black Board+duster   |           100 |   100 |
|     20 |   41 | White Board+duster   |           125 |   100 |
+--------+------+----------------------+---------------+-------+
42 rows in set (0.00 sec)

mysql> select * from product order by cat_no,product_price desc;
+--------+------+----------------------+---------------+-------+
| cat_no | p_id | p_name               | product_price | stock |
+--------+------+----------------------+---------------+-------+
|      1 |    2 | Water Colors         |            45 |    50 |
|      1 |    3 | Pencil Colors        |            35 |   100 |
|      1 |    1 | Crayons              |            25 |   100 |
|      2 |    4 | big Eraser           |            10 |   100 |
|      2 |    5 | small Eraser         |             5 |   100 |
|      3 |    6 | H-Pencil             |             5 |   100 |
|      3 |    7 | 2H-Pencil            |             3 |   100 |
|      4 |   10 | Ink pen              |            20 |   100 |
|      4 |    8 | Gel Pen              |            15 |   100 |
|      4 |    9 | Ball pen             |            10 |   100 |
|      5 |   11 | Normal Paper         |            25 |   100 |
|      5 |   12 | Graph Paper          |            15 |   100 |
|      6 |   13 | Dust Sharpner        |            15 |   100 |
|      6 |   14 | Non-Dust Sharpner    |            10 |   100 |
|      7 |   16 | Non-Transparent      |            65 |   100 |
|      7 |   15 | Transparent          |            55 |   100 |
|      8 |   18 | Geometry Box         |            25 |   100 |
|      8 |   17 | Pouch                |            15 |   100 |
|      9 |   20 | Scintific Calculator |           125 |   100 |
|      9 |   19 | Normal Calculator    |            75 |   100 |
|     10 |   22 | Composite Notebook   |            35 |   100 |
|     10 |   21 | Spiral Notebook      |            25 |   100 |
|     11 |   24 | Boxfiles             |            45 |   100 |
|     11 |   23 | officefiles          |            25 |   100 |
|     12 |   26 | Leather Folder       |            75 |   100 |
|     12 |   25 | Expandable folder    |            55 |   100 |
|     13 |   27 | Compass              |            25 |   100 |
|     13 |   28 | Divider              |            15 |   100 |
|     14 |   30 | Clothe Scissor       |            35 |   100 |
|     14 |   29 | paper Scissor        |            25 |   100 |
|     15 |   32 | Hot Glue             |            25 |   100 |
|     15 |   31 | Fevicol              |            15 |   100 |
|     16 |   33 | stapler-Big          |            55 |   100 |
|     16 |   34 | Stapler-small        |            25 |   100 |
|     17 |   36 | Big Punching         |            75 |   100 |
|     17 |   35 | Small Punching       |            25 |   100 |
|     18 |   38 | Ink                  |            45 |   100 |
|     18 |   37 | Papers               |            25 |   100 |
|     19 |   39 | School Bag           |           125 |   100 |
|     19 |   40 | School Bottle        |            35 |   100 |
|     20 |   41 | White Board+duster   |           125 |   100 |
|     20 |   42 | Black Board+duster   |           100 |   100 |
+--------+------+----------------------+---------------+-------+
42 rows in set (0.00 sec)

mysql> select * from product where cat_no=1;
+--------+------+---------------+---------------+-------+
| cat_no | p_id | p_name        | product_price | stock |
+--------+------+---------------+---------------+-------+
|      1 |    1 | Crayons       |            25 |   100 |
|      1 |    2 | Water Colors  |            45 |    50 |
|      1 |    3 | Pencil Colors |            35 |   100 |
+--------+------+---------------+---------------+-------+
3 rows in set (0.00 sec)

mysql> select p_id,p_name  from product where cat_no=1;
+------+---------------+
| p_id | p_name        |
+------+---------------+
|    1 | Crayons       |
|    2 | Water Colors  |
|    3 | Pencil Colors |
+------+---------------+
3 rows in set (0.00 sec)

mysql> select p_id as productno,p_name as product_Name  from product where cat_no=1;
+-----------+---------------+
| productno | product_Name  |
+-----------+---------------+
|         1 | Crayons       |
|         2 | Water Colors  |
|         3 | Pencil Colors |
+-----------+---------------+
3 rows in set (0.00 sec)

mysql> select * from category,product;
+--------+------------------+--------+------+----------------------+---------------+-------+
| cat_id | cat_name         | cat_no | p_id | p_name               | product_price | stock |
+--------+------------------+--------+------+----------------------+---------------+-------+
|      1 | colors           |      1 |    1 | Crayons              |            25 |   100 |
|      2 | Erasers          |      1 |    1 | Crayons              |            25 |   100 |
|      3 | pencils          |      1 |    1 | Crayons              |            25 |   100 |
|      4 | pens             |      1 |    1 | Crayons              |            25 |   100 |
|      5 | papers           |      1 |    1 | Crayons              |            25 |   100 |
|      6 | sharpners        |      1 |    1 | Crayons              |            25 |   100 |
|      7 | Exam pads        |      1 |    1 | Crayons              |            25 |   100 |
|      8 | Pencil Box       |      1 |    1 | Crayons              |            25 |   100 |
|      9 | Calculators      |      1 |    1 | Crayons              |            25 |   100 |
|     10 | Notebooks        |      1 |    1 | Crayons              |            25 |   100 |
|     11 | Files            |      1 |    1 | Crayons              |            25 |   100 |
|     12 | Folders          |      1 |    1 | Crayons              |            25 |   100 |
|     13 | Tools            |      1 |    1 | Crayons              |            25 |   100 |
|     14 | scissors         |      1 |    1 | Crayons              |            25 |   100 |
|     15 | glue             |      1 |    1 | Crayons              |            25 |   100 |
|     16 | Staplers         |      1 |    1 | Crayons              |            25 |   100 |
|     17 | Punching machine |      1 |    1 | Crayons              |            25 |   100 |
|     18 | Printing Suplies |      1 |    1 | Crayons              |            25 |   100 |
|     19 | School Supplies  |      1 |    1 | Crayons              |            25 |   100 |
|     20 | Boards & Dusters |      1 |    1 | Crayons              |            25 |   100 |
|      1 | colors           |      1 |    2 | Water Colors         |            45 |    50 |
|      2 | Erasers          |      1 |    2 | Water Colors         |            45 |    50 |
|      3 | pencils          |      1 |    2 | Water Colors         |            45 |    50 |
|      4 | pens             |      1 |    2 | Water Colors         |            45 |    50 |
|      5 | papers           |      1 |    2 | Water Colors         |            45 |    50 |
|      6 | sharpners        |      1 |    2 | Water Colors         |            45 |    50 |
|      7 | Exam pads        |      1 |    2 | Water Colors         |            45 |    50 |
|      8 | Pencil Box       |      1 |    2 | Water Colors         |            45 |    50 |
|      9 | Calculators      |      1 |    2 | Water Colors         |            45 |    50 |
|     10 | Notebooks        |      1 |    2 | Water Colors         |            45 |    50 |
|     11 | Files            |      1 |    2 | Water Colors         |            45 |    50 |
|     12 | Folders          |      1 |    2 | Water Colors         |            45 |    50 |
|     13 | Tools            |      1 |    2 | Water Colors         |            45 |    50 |
|     14 | scissors         |      1 |    2 | Water Colors         |            45 |    50 |
|     15 | glue             |      1 |    2 | Water Colors         |            45 |    50 |
|     16 | Staplers         |      1 |    2 | Water Colors         |            45 |    50 |
|     17 | Punching machine |      1 |    2 | Water Colors         |            45 |    50 |
|     18 | Printing Suplies |      1 |    2 | Water Colors         |            45 |    50 |
|     19 | School Supplies  |      1 |    2 | Water Colors         |            45 |    50 |
|     20 | Boards & Dusters |      1 |    2 | Water Colors         |            45 |    50 |
|      1 | colors           |      1 |    3 | Pencil Colors        |            35 |   100 |
|      2 | Erasers          |      1 |    3 | Pencil Colors        |            35 |   100 |
|      3 | pencils          |      1 |    3 | Pencil Colors        |            35 |   100 |
|      4 | pens             |      1 |    3 | Pencil Colors        |            35 |   100 |
|      5 | papers           |      1 |    3 | Pencil Colors        |            35 |   100 |
|      6 | sharpners        |      1 |    3 | Pencil Colors        |            35 |   100 |
|      7 | Exam pads        |      1 |    3 | Pencil Colors        |            35 |   100 |
|      8 | Pencil Box       |      1 |    3 | Pencil Colors        |            35 |   100 |
|      9 | Calculators      |      1 |    3 | Pencil Colors        |            35 |   100 |
|     10 | Notebooks        |      1 |    3 | Pencil Colors        |            35 |   100 |
|     11 | Files            |      1 |    3 | Pencil Colors        |            35 |   100 |
|     12 | Folders          |      1 |    3 | Pencil Colors        |            35 |   100 |
|     13 | Tools            |      1 |    3 | Pencil Colors        |            35 |   100 |
|     14 | scissors         |      1 |    3 | Pencil Colors        |            35 |   100 |
|     15 | glue             |      1 |    3 | Pencil Colors        |            35 |   100 |
|     16 | Staplers         |      1 |    3 | Pencil Colors        |            35 |   100 |
|     17 | Punching machine |      1 |    3 | Pencil Colors        |            35 |   100 |
|     18 | Printing Suplies |      1 |    3 | Pencil Colors        |            35 |   100 |
|     19 | School Supplies  |      1 |    3 | Pencil Colors        |            35 |   100 |
|     20 | Boards & Dusters |      1 |    3 | Pencil Colors        |            35 |   100 |
|      1 | colors           |      2 |    4 | big Eraser           |            10 |   100 |
|      2 | Erasers          |      2 |    4 | big Eraser           |            10 |   100 |
|      3 | pencils          |      2 |    4 | big Eraser           |            10 |   100 |
|      4 | pens             |      2 |    4 | big Eraser           |            10 |   100 |
|      5 | papers           |      2 |    4 | big Eraser           |            10 |   100 |
|      6 | sharpners        |      2 |    4 | big Eraser           |            10 |   100 |
|      7 | Exam pads        |      2 |    4 | big Eraser           |            10 |   100 |
|      8 | Pencil Box       |      2 |    4 | big Eraser           |            10 |   100 |
|      9 | Calculators      |      2 |    4 | big Eraser           |            10 |   100 |
|     10 | Notebooks        |      2 |    4 | big Eraser           |            10 |   100 |
|     11 | Files            |      2 |    4 | big Eraser           |            10 |   100 |
|     12 | Folders          |      2 |    4 | big Eraser           |            10 |   100 |
|     13 | Tools            |      2 |    4 | big Eraser           |            10 |   100 |
|     14 | scissors         |      2 |    4 | big Eraser           |            10 |   100 |
|     15 | glue             |      2 |    4 | big Eraser           |            10 |   100 |
|     16 | Staplers         |      2 |    4 | big Eraser           |            10 |   100 |
|     17 | Punching machine |      2 |    4 | big Eraser           |            10 |   100 |
|     18 | Printing Suplies |      2 |    4 | big Eraser           |            10 |   100 |
|     19 | School Supplies  |      2 |    4 | big Eraser           |            10 |   100 |
|     20 | Boards & Dusters |      2 |    4 | big Eraser           |            10 |   100 |
|      1 | colors           |      2 |    5 | small Eraser         |             5 |   100 |
|      2 | Erasers          |      2 |    5 | small Eraser         |             5 |   100 |
|      3 | pencils          |      2 |    5 | small Eraser         |             5 |   100 |
|      4 | pens             |      2 |    5 | small Eraser         |             5 |   100 |
|      5 | papers           |      2 |    5 | small Eraser         |             5 |   100 |
|      6 | sharpners        |      2 |    5 | small Eraser         |             5 |   100 |
|      7 | Exam pads        |      2 |    5 | small Eraser         |             5 |   100 |
|      8 | Pencil Box       |      2 |    5 | small Eraser         |             5 |   100 |
|      9 | Calculators      |      2 |    5 | small Eraser         |             5 |   100 |
|     10 | Notebooks        |      2 |    5 | small Eraser         |             5 |   100 |
|     11 | Files            |      2 |    5 | small Eraser         |             5 |   100 |
|     12 | Folders          |      2 |    5 | small Eraser         |             5 |   100 |
|     13 | Tools            |      2 |    5 | small Eraser         |             5 |   100 |
|     14 | scissors         |      2 |    5 | small Eraser         |             5 |   100 |
|     15 | glue             |      2 |    5 | small Eraser         |             5 |   100 |
|     16 | Staplers         |      2 |    5 | small Eraser         |             5 |   100 |
|     17 | Punching machine |      2 |    5 | small Eraser         |             5 |   100 |
|     18 | Printing Suplies |      2 |    5 | small Eraser         |             5 |   100 |
|     19 | School Supplies  |      2 |    5 | small Eraser         |             5 |   100 |
|     20 | Boards & Dusters |      2 |    5 | small Eraser         |             5 |   100 |
|      1 | colors           |      3 |    6 | H-Pencil             |             5 |   100 |
|      2 | Erasers          |      3 |    6 | H-Pencil             |             5 |   100 |
|      3 | pencils          |      3 |    6 | H-Pencil             |             5 |   100 |
|      4 | pens             |      3 |    6 | H-Pencil             |             5 |   100 |
|      5 | papers           |      3 |    6 | H-Pencil             |             5 |   100 |
|      6 | sharpners        |      3 |    6 | H-Pencil             |             5 |   100 |
|      7 | Exam pads        |      3 |    6 | H-Pencil             |             5 |   100 |
|      8 | Pencil Box       |      3 |    6 | H-Pencil             |             5 |   100 |
|      9 | Calculators      |      3 |    6 | H-Pencil             |             5 |   100 |
|     10 | Notebooks        |      3 |    6 | H-Pencil             |             5 |   100 |
|     11 | Files            |      3 |    6 | H-Pencil             |             5 |   100 |
|     12 | Folders          |      3 |    6 | H-Pencil             |             5 |   100 |
|     13 | Tools            |      3 |    6 | H-Pencil             |             5 |   100 |
|     14 | scissors         |      3 |    6 | H-Pencil             |             5 |   100 |
|     15 | glue             |      3 |    6 | H-Pencil             |             5 |   100 |
|     16 | Staplers         |      3 |    6 | H-Pencil             |             5 |   100 |
|     17 | Punching machine |      3 |    6 | H-Pencil             |             5 |   100 |
|     18 | Printing Suplies |      3 |    6 | H-Pencil             |             5 |   100 |
|     19 | School Supplies  |      3 |    6 | H-Pencil             |             5 |   100 |
|     20 | Boards & Dusters |      3 |    6 | H-Pencil             |             5 |   100 |
|      1 | colors           |      3 |    7 | 2H-Pencil            |             3 |   100 |
|      2 | Erasers          |      3 |    7 | 2H-Pencil            |             3 |   100 |
|      3 | pencils          |      3 |    7 | 2H-Pencil            |             3 |   100 |
|      4 | pens             |      3 |    7 | 2H-Pencil            |             3 |   100 |
|      5 | papers           |      3 |    7 | 2H-Pencil            |             3 |   100 |
|      6 | sharpners        |      3 |    7 | 2H-Pencil            |             3 |   100 |
|      7 | Exam pads        |      3 |    7 | 2H-Pencil            |             3 |   100 |
|      8 | Pencil Box       |      3 |    7 | 2H-Pencil            |             3 |   100 |
|      9 | Calculators      |      3 |    7 | 2H-Pencil            |             3 |   100 |
|     10 | Notebooks        |      3 |    7 | 2H-Pencil            |             3 |   100 |
|     11 | Files            |      3 |    7 | 2H-Pencil            |             3 |   100 |
|     12 | Folders          |      3 |    7 | 2H-Pencil            |             3 |   100 |
|     13 | Tools            |      3 |    7 | 2H-Pencil            |             3 |   100 |
|     14 | scissors         |      3 |    7 | 2H-Pencil            |             3 |   100 |
|     15 | glue             |      3 |    7 | 2H-Pencil            |             3 |   100 |
|     16 | Staplers         |      3 |    7 | 2H-Pencil            |             3 |   100 |
|     17 | Punching machine |      3 |    7 | 2H-Pencil            |             3 |   100 |
|     18 | Printing Suplies |      3 |    7 | 2H-Pencil            |             3 |   100 |
|     19 | School Supplies  |      3 |    7 | 2H-Pencil            |             3 |   100 |
|     20 | Boards & Dusters |      3 |    7 | 2H-Pencil            |             3 |   100 |
|      1 | colors           |      4 |    8 | Gel Pen              |            15 |   100 |
|      2 | Erasers          |      4 |    8 | Gel Pen              |            15 |   100 |
|      3 | pencils          |      4 |    8 | Gel Pen              |            15 |   100 |
|      4 | pens             |      4 |    8 | Gel Pen              |            15 |   100 |
|      5 | papers           |      4 |    8 | Gel Pen              |            15 |   100 |
|      6 | sharpners        |      4 |    8 | Gel Pen              |            15 |   100 |
|      7 | Exam pads        |      4 |    8 | Gel Pen              |            15 |   100 |
|      8 | Pencil Box       |      4 |    8 | Gel Pen              |            15 |   100 |
|      9 | Calculators      |      4 |    8 | Gel Pen              |            15 |   100 |
|     10 | Notebooks        |      4 |    8 | Gel Pen              |            15 |   100 |
|     11 | Files            |      4 |    8 | Gel Pen              |            15 |   100 |
|     12 | Folders          |      4 |    8 | Gel Pen              |            15 |   100 |
|     13 | Tools            |      4 |    8 | Gel Pen              |            15 |   100 |
|     14 | scissors         |      4 |    8 | Gel Pen              |            15 |   100 |
|     15 | glue             |      4 |    8 | Gel Pen              |            15 |   100 |
|     16 | Staplers         |      4 |    8 | Gel Pen              |            15 |   100 |
|     17 | Punching machine |      4 |    8 | Gel Pen              |            15 |   100 |
|     18 | Printing Suplies |      4 |    8 | Gel Pen              |            15 |   100 |
|     19 | School Supplies  |      4 |    8 | Gel Pen              |            15 |   100 |
|     20 | Boards & Dusters |      4 |    8 | Gel Pen              |            15 |   100 |
|      1 | colors           |      4 |    9 | Ball pen             |            10 |   100 |
|      2 | Erasers          |      4 |    9 | Ball pen             |            10 |   100 |
|      3 | pencils          |      4 |    9 | Ball pen             |            10 |   100 |
|      4 | pens             |      4 |    9 | Ball pen             |            10 |   100 |
|      5 | papers           |      4 |    9 | Ball pen             |            10 |   100 |
|      6 | sharpners        |      4 |    9 | Ball pen             |            10 |   100 |
|      7 | Exam pads        |      4 |    9 | Ball pen             |            10 |   100 |
|      8 | Pencil Box       |      4 |    9 | Ball pen             |            10 |   100 |
|      9 | Calculators      |      4 |    9 | Ball pen             |            10 |   100 |
|     10 | Notebooks        |      4 |    9 | Ball pen             |            10 |   100 |
|     11 | Files            |      4 |    9 | Ball pen             |            10 |   100 |
|     12 | Folders          |      4 |    9 | Ball pen             |            10 |   100 |
|     13 | Tools            |      4 |    9 | Ball pen             |            10 |   100 |
|     14 | scissors         |      4 |    9 | Ball pen             |            10 |   100 |
|     15 | glue             |      4 |    9 | Ball pen             |            10 |   100 |
|     16 | Staplers         |      4 |    9 | Ball pen             |            10 |   100 |
|     17 | Punching machine |      4 |    9 | Ball pen             |            10 |   100 |
|     18 | Printing Suplies |      4 |    9 | Ball pen             |            10 |   100 |
|     19 | School Supplies  |      4 |    9 | Ball pen             |            10 |   100 |
|     20 | Boards & Dusters |      4 |    9 | Ball pen             |            10 |   100 |
|      1 | colors           |      4 |   10 | Ink pen              |            20 |   100 |
|      2 | Erasers          |      4 |   10 | Ink pen              |            20 |   100 |
|      3 | pencils          |      4 |   10 | Ink pen              |            20 |   100 |
|      4 | pens             |      4 |   10 | Ink pen              |            20 |   100 |
|      5 | papers           |      4 |   10 | Ink pen              |            20 |   100 |
|      6 | sharpners        |      4 |   10 | Ink pen              |            20 |   100 |
|      7 | Exam pads        |      4 |   10 | Ink pen              |            20 |   100 |
|      8 | Pencil Box       |      4 |   10 | Ink pen              |            20 |   100 |
|      9 | Calculators      |      4 |   10 | Ink pen              |            20 |   100 |
|     10 | Notebooks        |      4 |   10 | Ink pen              |            20 |   100 |
|     11 | Files            |      4 |   10 | Ink pen              |            20 |   100 |
|     12 | Folders          |      4 |   10 | Ink pen              |            20 |   100 |
|     13 | Tools            |      4 |   10 | Ink pen              |            20 |   100 |
|     14 | scissors         |      4 |   10 | Ink pen              |            20 |   100 |
|     15 | glue             |      4 |   10 | Ink pen              |            20 |   100 |
|     16 | Staplers         |      4 |   10 | Ink pen              |            20 |   100 |
|     17 | Punching machine |      4 |   10 | Ink pen              |            20 |   100 |
|     18 | Printing Suplies |      4 |   10 | Ink pen              |            20 |   100 |
|     19 | School Supplies  |      4 |   10 | Ink pen              |            20 |   100 |
|     20 | Boards & Dusters |      4 |   10 | Ink pen              |            20 |   100 |
|      1 | colors           |      5 |   11 | Normal Paper         |            25 |   100 |
|      2 | Erasers          |      5 |   11 | Normal Paper         |            25 |   100 |
|      3 | pencils          |      5 |   11 | Normal Paper         |            25 |   100 |
|      4 | pens             |      5 |   11 | Normal Paper         |            25 |   100 |
|      5 | papers           |      5 |   11 | Normal Paper         |            25 |   100 |
|      6 | sharpners        |      5 |   11 | Normal Paper         |            25 |   100 |
|      7 | Exam pads        |      5 |   11 | Normal Paper         |            25 |   100 |
|      8 | Pencil Box       |      5 |   11 | Normal Paper         |            25 |   100 |
|      9 | Calculators      |      5 |   11 | Normal Paper         |            25 |   100 |
|     10 | Notebooks        |      5 |   11 | Normal Paper         |            25 |   100 |
|     11 | Files            |      5 |   11 | Normal Paper         |            25 |   100 |
|     12 | Folders          |      5 |   11 | Normal Paper         |            25 |   100 |
|     13 | Tools            |      5 |   11 | Normal Paper         |            25 |   100 |
|     14 | scissors         |      5 |   11 | Normal Paper         |            25 |   100 |
|     15 | glue             |      5 |   11 | Normal Paper         |            25 |   100 |
|     16 | Staplers         |      5 |   11 | Normal Paper         |            25 |   100 |
|     17 | Punching machine |      5 |   11 | Normal Paper         |            25 |   100 |
|     18 | Printing Suplies |      5 |   11 | Normal Paper         |            25 |   100 |
|     19 | School Supplies  |      5 |   11 | Normal Paper         |            25 |   100 |
|     20 | Boards & Dusters |      5 |   11 | Normal Paper         |            25 |   100 |
|      1 | colors           |      5 |   12 | Graph Paper          |            15 |   100 |
|      2 | Erasers          |      5 |   12 | Graph Paper          |            15 |   100 |
|      3 | pencils          |      5 |   12 | Graph Paper          |            15 |   100 |
|      4 | pens             |      5 |   12 | Graph Paper          |            15 |   100 |
|      5 | papers           |      5 |   12 | Graph Paper          |            15 |   100 |
|      6 | sharpners        |      5 |   12 | Graph Paper          |            15 |   100 |
|      7 | Exam pads        |      5 |   12 | Graph Paper          |            15 |   100 |
|      8 | Pencil Box       |      5 |   12 | Graph Paper          |            15 |   100 |
|      9 | Calculators      |      5 |   12 | Graph Paper          |            15 |   100 |
|     10 | Notebooks        |      5 |   12 | Graph Paper          |            15 |   100 |
|     11 | Files            |      5 |   12 | Graph Paper          |            15 |   100 |
|     12 | Folders          |      5 |   12 | Graph Paper          |            15 |   100 |
|     13 | Tools            |      5 |   12 | Graph Paper          |            15 |   100 |
|     14 | scissors         |      5 |   12 | Graph Paper          |            15 |   100 |
|     15 | glue             |      5 |   12 | Graph Paper          |            15 |   100 |
|     16 | Staplers         |      5 |   12 | Graph Paper          |            15 |   100 |
|     17 | Punching machine |      5 |   12 | Graph Paper          |            15 |   100 |
|     18 | Printing Suplies |      5 |   12 | Graph Paper          |            15 |   100 |
|     19 | School Supplies  |      5 |   12 | Graph Paper          |            15 |   100 |
|     20 | Boards & Dusters |      5 |   12 | Graph Paper          |            15 |   100 |
|      1 | colors           |      6 |   13 | Dust Sharpner        |            15 |   100 |
|      2 | Erasers          |      6 |   13 | Dust Sharpner        |            15 |   100 |
|      3 | pencils          |      6 |   13 | Dust Sharpner        |            15 |   100 |
|      4 | pens             |      6 |   13 | Dust Sharpner        |            15 |   100 |
|      5 | papers           |      6 |   13 | Dust Sharpner        |            15 |   100 |
|      6 | sharpners        |      6 |   13 | Dust Sharpner        |            15 |   100 |
|      7 | Exam pads        |      6 |   13 | Dust Sharpner        |            15 |   100 |
|      8 | Pencil Box       |      6 |   13 | Dust Sharpner        |            15 |   100 |
|      9 | Calculators      |      6 |   13 | Dust Sharpner        |            15 |   100 |
|     10 | Notebooks        |      6 |   13 | Dust Sharpner        |            15 |   100 |
|     11 | Files            |      6 |   13 | Dust Sharpner        |            15 |   100 |
|     12 | Folders          |      6 |   13 | Dust Sharpner        |            15 |   100 |
|     13 | Tools            |      6 |   13 | Dust Sharpner        |            15 |   100 |
|     14 | scissors         |      6 |   13 | Dust Sharpner        |            15 |   100 |
|     15 | glue             |      6 |   13 | Dust Sharpner        |            15 |   100 |
|     16 | Staplers         |      6 |   13 | Dust Sharpner        |            15 |   100 |
|     17 | Punching machine |      6 |   13 | Dust Sharpner        |            15 |   100 |
|     18 | Printing Suplies |      6 |   13 | Dust Sharpner        |            15 |   100 |
|     19 | School Supplies  |      6 |   13 | Dust Sharpner        |            15 |   100 |
|     20 | Boards & Dusters |      6 |   13 | Dust Sharpner        |            15 |   100 |
|      1 | colors           |      6 |   14 | Non-Dust Sharpner    |            10 |   100 |
|      2 | Erasers          |      6 |   14 | Non-Dust Sharpner    |            10 |   100 |
|      3 | pencils          |      6 |   14 | Non-Dust Sharpner    |            10 |   100 |
|      4 | pens             |      6 |   14 | Non-Dust Sharpner    |            10 |   100 |
|      5 | papers           |      6 |   14 | Non-Dust Sharpner    |            10 |   100 |
|      6 | sharpners        |      6 |   14 | Non-Dust Sharpner    |            10 |   100 |
|      7 | Exam pads        |      6 |   14 | Non-Dust Sharpner    |            10 |   100 |
|      8 | Pencil Box       |      6 |   14 | Non-Dust Sharpner    |            10 |   100 |
|      9 | Calculators      |      6 |   14 | Non-Dust Sharpner    |            10 |   100 |
|     10 | Notebooks        |      6 |   14 | Non-Dust Sharpner    |            10 |   100 |
|     11 | Files            |      6 |   14 | Non-Dust Sharpner    |            10 |   100 |
|     12 | Folders          |      6 |   14 | Non-Dust Sharpner    |            10 |   100 |
|     13 | Tools            |      6 |   14 | Non-Dust Sharpner    |            10 |   100 |
|     14 | scissors         |      6 |   14 | Non-Dust Sharpner    |            10 |   100 |
|     15 | glue             |      6 |   14 | Non-Dust Sharpner    |            10 |   100 |
|     16 | Staplers         |      6 |   14 | Non-Dust Sharpner    |            10 |   100 |
|     17 | Punching machine |      6 |   14 | Non-Dust Sharpner    |            10 |   100 |
|     18 | Printing Suplies |      6 |   14 | Non-Dust Sharpner    |            10 |   100 |
|     19 | School Supplies  |      6 |   14 | Non-Dust Sharpner    |            10 |   100 |
|     20 | Boards & Dusters |      6 |   14 | Non-Dust Sharpner    |            10 |   100 |
|      1 | colors           |      7 |   15 | Transparent          |            55 |   100 |
|      2 | Erasers          |      7 |   15 | Transparent          |            55 |   100 |
|      3 | pencils          |      7 |   15 | Transparent          |            55 |   100 |
|      4 | pens             |      7 |   15 | Transparent          |            55 |   100 |
|      5 | papers           |      7 |   15 | Transparent          |            55 |   100 |
|      6 | sharpners        |      7 |   15 | Transparent          |            55 |   100 |
|      7 | Exam pads        |      7 |   15 | Transparent          |            55 |   100 |
|      8 | Pencil Box       |      7 |   15 | Transparent          |            55 |   100 |
|      9 | Calculators      |      7 |   15 | Transparent          |            55 |   100 |
|     10 | Notebooks        |      7 |   15 | Transparent          |            55 |   100 |
|     11 | Files            |      7 |   15 | Transparent          |            55 |   100 |
|     12 | Folders          |      7 |   15 | Transparent          |            55 |   100 |
|     13 | Tools            |      7 |   15 | Transparent          |            55 |   100 |
|     14 | scissors         |      7 |   15 | Transparent          |            55 |   100 |
|     15 | glue             |      7 |   15 | Transparent          |            55 |   100 |
|     16 | Staplers         |      7 |   15 | Transparent          |            55 |   100 |
|     17 | Punching machine |      7 |   15 | Transparent          |            55 |   100 |
|     18 | Printing Suplies |      7 |   15 | Transparent          |            55 |   100 |
|     19 | School Supplies  |      7 |   15 | Transparent          |            55 |   100 |
|     20 | Boards & Dusters |      7 |   15 | Transparent          |            55 |   100 |
|      1 | colors           |      7 |   16 | Non-Transparent      |            65 |   100 |
|      2 | Erasers          |      7 |   16 | Non-Transparent      |            65 |   100 |
|      3 | pencils          |      7 |   16 | Non-Transparent      |            65 |   100 |
|      4 | pens             |      7 |   16 | Non-Transparent      |            65 |   100 |
|      5 | papers           |      7 |   16 | Non-Transparent      |            65 |   100 |
|      6 | sharpners        |      7 |   16 | Non-Transparent      |            65 |   100 |
|      7 | Exam pads        |      7 |   16 | Non-Transparent      |            65 |   100 |
|      8 | Pencil Box       |      7 |   16 | Non-Transparent      |            65 |   100 |
|      9 | Calculators      |      7 |   16 | Non-Transparent      |            65 |   100 |
|     10 | Notebooks        |      7 |   16 | Non-Transparent      |            65 |   100 |
|     11 | Files            |      7 |   16 | Non-Transparent      |            65 |   100 |
|     12 | Folders          |      7 |   16 | Non-Transparent      |            65 |   100 |
|     13 | Tools            |      7 |   16 | Non-Transparent      |            65 |   100 |
|     14 | scissors         |      7 |   16 | Non-Transparent      |            65 |   100 |
|     15 | glue             |      7 |   16 | Non-Transparent      |            65 |   100 |
|     16 | Staplers         |      7 |   16 | Non-Transparent      |            65 |   100 |
|     17 | Punching machine |      7 |   16 | Non-Transparent      |            65 |   100 |
|     18 | Printing Suplies |      7 |   16 | Non-Transparent      |            65 |   100 |
|     19 | School Supplies  |      7 |   16 | Non-Transparent      |            65 |   100 |
|     20 | Boards & Dusters |      7 |   16 | Non-Transparent      |            65 |   100 |
|      1 | colors           |      8 |   17 | Pouch                |            15 |   100 |
|      2 | Erasers          |      8 |   17 | Pouch                |            15 |   100 |
|      3 | pencils          |      8 |   17 | Pouch                |            15 |   100 |
|      4 | pens             |      8 |   17 | Pouch                |            15 |   100 |
|      5 | papers           |      8 |   17 | Pouch                |            15 |   100 |
|      6 | sharpners        |      8 |   17 | Pouch                |            15 |   100 |
|      7 | Exam pads        |      8 |   17 | Pouch                |            15 |   100 |
|      8 | Pencil Box       |      8 |   17 | Pouch                |            15 |   100 |
|      9 | Calculators      |      8 |   17 | Pouch                |            15 |   100 |
|     10 | Notebooks        |      8 |   17 | Pouch                |            15 |   100 |
|     11 | Files            |      8 |   17 | Pouch                |            15 |   100 |
|     12 | Folders          |      8 |   17 | Pouch                |            15 |   100 |
|     13 | Tools            |      8 |   17 | Pouch                |            15 |   100 |
|     14 | scissors         |      8 |   17 | Pouch                |            15 |   100 |
|     15 | glue             |      8 |   17 | Pouch                |            15 |   100 |
|     16 | Staplers         |      8 |   17 | Pouch                |            15 |   100 |
|     17 | Punching machine |      8 |   17 | Pouch                |            15 |   100 |
|     18 | Printing Suplies |      8 |   17 | Pouch                |            15 |   100 |
|     19 | School Supplies  |      8 |   17 | Pouch                |            15 |   100 |
|     20 | Boards & Dusters |      8 |   17 | Pouch                |            15 |   100 |
|      1 | colors           |      8 |   18 | Geometry Box         |            25 |   100 |
|      2 | Erasers          |      8 |   18 | Geometry Box         |            25 |   100 |
|      3 | pencils          |      8 |   18 | Geometry Box         |            25 |   100 |
|      4 | pens             |      8 |   18 | Geometry Box         |            25 |   100 |
|      5 | papers           |      8 |   18 | Geometry Box         |            25 |   100 |
|      6 | sharpners        |      8 |   18 | Geometry Box         |            25 |   100 |
|      7 | Exam pads        |      8 |   18 | Geometry Box         |            25 |   100 |
|      8 | Pencil Box       |      8 |   18 | Geometry Box         |            25 |   100 |
|      9 | Calculators      |      8 |   18 | Geometry Box         |            25 |   100 |
|     10 | Notebooks        |      8 |   18 | Geometry Box         |            25 |   100 |
|     11 | Files            |      8 |   18 | Geometry Box         |            25 |   100 |
|     12 | Folders          |      8 |   18 | Geometry Box         |            25 |   100 |
|     13 | Tools            |      8 |   18 | Geometry Box         |            25 |   100 |
|     14 | scissors         |      8 |   18 | Geometry Box         |            25 |   100 |
|     15 | glue             |      8 |   18 | Geometry Box         |            25 |   100 |
|     16 | Staplers         |      8 |   18 | Geometry Box         |            25 |   100 |
|     17 | Punching machine |      8 |   18 | Geometry Box         |            25 |   100 |
|     18 | Printing Suplies |      8 |   18 | Geometry Box         |            25 |   100 |
|     19 | School Supplies  |      8 |   18 | Geometry Box         |            25 |   100 |
|     20 | Boards & Dusters |      8 |   18 | Geometry Box         |            25 |   100 |
|      1 | colors           |      9 |   19 | Normal Calculator    |            75 |   100 |
|      2 | Erasers          |      9 |   19 | Normal Calculator    |            75 |   100 |
|      3 | pencils          |      9 |   19 | Normal Calculator    |            75 |   100 |
|      4 | pens             |      9 |   19 | Normal Calculator    |            75 |   100 |
|      5 | papers           |      9 |   19 | Normal Calculator    |            75 |   100 |
|      6 | sharpners        |      9 |   19 | Normal Calculator    |            75 |   100 |
|      7 | Exam pads        |      9 |   19 | Normal Calculator    |            75 |   100 |
|      8 | Pencil Box       |      9 |   19 | Normal Calculator    |            75 |   100 |
|      9 | Calculators      |      9 |   19 | Normal Calculator    |            75 |   100 |
|     10 | Notebooks        |      9 |   19 | Normal Calculator    |            75 |   100 |
|     11 | Files            |      9 |   19 | Normal Calculator    |            75 |   100 |
|     12 | Folders          |      9 |   19 | Normal Calculator    |            75 |   100 |
|     13 | Tools            |      9 |   19 | Normal Calculator    |            75 |   100 |
|     14 | scissors         |      9 |   19 | Normal Calculator    |            75 |   100 |
|     15 | glue             |      9 |   19 | Normal Calculator    |            75 |   100 |
|     16 | Staplers         |      9 |   19 | Normal Calculator    |            75 |   100 |
|     17 | Punching machine |      9 |   19 | Normal Calculator    |            75 |   100 |
|     18 | Printing Suplies |      9 |   19 | Normal Calculator    |            75 |   100 |
|     19 | School Supplies  |      9 |   19 | Normal Calculator    |            75 |   100 |
|     20 | Boards & Dusters |      9 |   19 | Normal Calculator    |            75 |   100 |
|      1 | colors           |      9 |   20 | Scintific Calculator |           125 |   100 |
|      2 | Erasers          |      9 |   20 | Scintific Calculator |           125 |   100 |
|      3 | pencils          |      9 |   20 | Scintific Calculator |           125 |   100 |
|      4 | pens             |      9 |   20 | Scintific Calculator |           125 |   100 |
|      5 | papers           |      9 |   20 | Scintific Calculator |           125 |   100 |
|      6 | sharpners        |      9 |   20 | Scintific Calculator |           125 |   100 |
|      7 | Exam pads        |      9 |   20 | Scintific Calculator |           125 |   100 |
|      8 | Pencil Box       |      9 |   20 | Scintific Calculator |           125 |   100 |
|      9 | Calculators      |      9 |   20 | Scintific Calculator |           125 |   100 |
|     10 | Notebooks        |      9 |   20 | Scintific Calculator |           125 |   100 |
|     11 | Files            |      9 |   20 | Scintific Calculator |           125 |   100 |
|     12 | Folders          |      9 |   20 | Scintific Calculator |           125 |   100 |
|     13 | Tools            |      9 |   20 | Scintific Calculator |           125 |   100 |
|     14 | scissors         |      9 |   20 | Scintific Calculator |           125 |   100 |
|     15 | glue             |      9 |   20 | Scintific Calculator |           125 |   100 |
|     16 | Staplers         |      9 |   20 | Scintific Calculator |           125 |   100 |
|     17 | Punching machine |      9 |   20 | Scintific Calculator |           125 |   100 |
|     18 | Printing Suplies |      9 |   20 | Scintific Calculator |           125 |   100 |
|     19 | School Supplies  |      9 |   20 | Scintific Calculator |           125 |   100 |
|     20 | Boards & Dusters |      9 |   20 | Scintific Calculator |           125 |   100 |
|      1 | colors           |     10 |   21 | Spiral Notebook      |            25 |   100 |
|      2 | Erasers          |     10 |   21 | Spiral Notebook      |            25 |   100 |
|      3 | pencils          |     10 |   21 | Spiral Notebook      |            25 |   100 |
|      4 | pens             |     10 |   21 | Spiral Notebook      |            25 |   100 |
|      5 | papers           |     10 |   21 | Spiral Notebook      |            25 |   100 |
|      6 | sharpners        |     10 |   21 | Spiral Notebook      |            25 |   100 |
|      7 | Exam pads        |     10 |   21 | Spiral Notebook      |            25 |   100 |
|      8 | Pencil Box       |     10 |   21 | Spiral Notebook      |            25 |   100 |
|      9 | Calculators      |     10 |   21 | Spiral Notebook      |            25 |   100 |
|     10 | Notebooks        |     10 |   21 | Spiral Notebook      |            25 |   100 |
|     11 | Files            |     10 |   21 | Spiral Notebook      |            25 |   100 |
|     12 | Folders          |     10 |   21 | Spiral Notebook      |            25 |   100 |
|     13 | Tools            |     10 |   21 | Spiral Notebook      |            25 |   100 |
|     14 | scissors         |     10 |   21 | Spiral Notebook      |            25 |   100 |
|     15 | glue             |     10 |   21 | Spiral Notebook      |            25 |   100 |
|     16 | Staplers         |     10 |   21 | Spiral Notebook      |            25 |   100 |
|     17 | Punching machine |     10 |   21 | Spiral Notebook      |            25 |   100 |
|     18 | Printing Suplies |     10 |   21 | Spiral Notebook      |            25 |   100 |
|     19 | School Supplies  |     10 |   21 | Spiral Notebook      |            25 |   100 |
|     20 | Boards & Dusters |     10 |   21 | Spiral Notebook      |            25 |   100 |
|      1 | colors           |     10 |   22 | Composite Notebook   |            35 |   100 |
|      2 | Erasers          |     10 |   22 | Composite Notebook   |            35 |   100 |
|      3 | pencils          |     10 |   22 | Composite Notebook   |            35 |   100 |
|      4 | pens             |     10 |   22 | Composite Notebook   |            35 |   100 |
|      5 | papers           |     10 |   22 | Composite Notebook   |            35 |   100 |
|      6 | sharpners        |     10 |   22 | Composite Notebook   |            35 |   100 |
|      7 | Exam pads        |     10 |   22 | Composite Notebook   |            35 |   100 |
|      8 | Pencil Box       |     10 |   22 | Composite Notebook   |            35 |   100 |
|      9 | Calculators      |     10 |   22 | Composite Notebook   |            35 |   100 |
|     10 | Notebooks        |     10 |   22 | Composite Notebook   |            35 |   100 |
|     11 | Files            |     10 |   22 | Composite Notebook   |            35 |   100 |
|     12 | Folders          |     10 |   22 | Composite Notebook   |            35 |   100 |
|     13 | Tools            |     10 |   22 | Composite Notebook   |            35 |   100 |
|     14 | scissors         |     10 |   22 | Composite Notebook   |            35 |   100 |
|     15 | glue             |     10 |   22 | Composite Notebook   |            35 |   100 |
|     16 | Staplers         |     10 |   22 | Composite Notebook   |            35 |   100 |
|     17 | Punching machine |     10 |   22 | Composite Notebook   |            35 |   100 |
|     18 | Printing Suplies |     10 |   22 | Composite Notebook   |            35 |   100 |
|     19 | School Supplies  |     10 |   22 | Composite Notebook   |            35 |   100 |
|     20 | Boards & Dusters |     10 |   22 | Composite Notebook   |            35 |   100 |
|      1 | colors           |     11 |   23 | officefiles          |            25 |   100 |
|      2 | Erasers          |     11 |   23 | officefiles          |            25 |   100 |
|      3 | pencils          |     11 |   23 | officefiles          |            25 |   100 |
|      4 | pens             |     11 |   23 | officefiles          |            25 |   100 |
|      5 | papers           |     11 |   23 | officefiles          |            25 |   100 |
|      6 | sharpners        |     11 |   23 | officefiles          |            25 |   100 |
|      7 | Exam pads        |     11 |   23 | officefiles          |            25 |   100 |
|      8 | Pencil Box       |     11 |   23 | officefiles          |            25 |   100 |
|      9 | Calculators      |     11 |   23 | officefiles          |            25 |   100 |
|     10 | Notebooks        |     11 |   23 | officefiles          |            25 |   100 |
|     11 | Files            |     11 |   23 | officefiles          |            25 |   100 |
|     12 | Folders          |     11 |   23 | officefiles          |            25 |   100 |
|     13 | Tools            |     11 |   23 | officefiles          |            25 |   100 |
|     14 | scissors         |     11 |   23 | officefiles          |            25 |   100 |
|     15 | glue             |     11 |   23 | officefiles          |            25 |   100 |
|     16 | Staplers         |     11 |   23 | officefiles          |            25 |   100 |
|     17 | Punching machine |     11 |   23 | officefiles          |            25 |   100 |
|     18 | Printing Suplies |     11 |   23 | officefiles          |            25 |   100 |
|     19 | School Supplies  |     11 |   23 | officefiles          |            25 |   100 |
|     20 | Boards & Dusters |     11 |   23 | officefiles          |            25 |   100 |
|      1 | colors           |     11 |   24 | Boxfiles             |            45 |   100 |
|      2 | Erasers          |     11 |   24 | Boxfiles             |            45 |   100 |
|      3 | pencils          |     11 |   24 | Boxfiles             |            45 |   100 |
|      4 | pens             |     11 |   24 | Boxfiles             |            45 |   100 |
|      5 | papers           |     11 |   24 | Boxfiles             |            45 |   100 |
|      6 | sharpners        |     11 |   24 | Boxfiles             |            45 |   100 |
|      7 | Exam pads        |     11 |   24 | Boxfiles             |            45 |   100 |
|      8 | Pencil Box       |     11 |   24 | Boxfiles             |            45 |   100 |
|      9 | Calculators      |     11 |   24 | Boxfiles             |            45 |   100 |
|     10 | Notebooks        |     11 |   24 | Boxfiles             |            45 |   100 |
|     11 | Files            |     11 |   24 | Boxfiles             |            45 |   100 |
|     12 | Folders          |     11 |   24 | Boxfiles             |            45 |   100 |
|     13 | Tools            |     11 |   24 | Boxfiles             |            45 |   100 |
|     14 | scissors         |     11 |   24 | Boxfiles             |            45 |   100 |
|     15 | glue             |     11 |   24 | Boxfiles             |            45 |   100 |
|     16 | Staplers         |     11 |   24 | Boxfiles             |            45 |   100 |
|     17 | Punching machine |     11 |   24 | Boxfiles             |            45 |   100 |
|     18 | Printing Suplies |     11 |   24 | Boxfiles             |            45 |   100 |
|     19 | School Supplies  |     11 |   24 | Boxfiles             |            45 |   100 |
|     20 | Boards & Dusters |     11 |   24 | Boxfiles             |            45 |   100 |
|      1 | colors           |     12 |   25 | Expandable folder    |            55 |   100 |
|      2 | Erasers          |     12 |   25 | Expandable folder    |            55 |   100 |
|      3 | pencils          |     12 |   25 | Expandable folder    |            55 |   100 |
|      4 | pens             |     12 |   25 | Expandable folder    |            55 |   100 |
|      5 | papers           |     12 |   25 | Expandable folder    |            55 |   100 |
|      6 | sharpners        |     12 |   25 | Expandable folder    |            55 |   100 |
|      7 | Exam pads        |     12 |   25 | Expandable folder    |            55 |   100 |
|      8 | Pencil Box       |     12 |   25 | Expandable folder    |            55 |   100 |
|      9 | Calculators      |     12 |   25 | Expandable folder    |            55 |   100 |
|     10 | Notebooks        |     12 |   25 | Expandable folder    |            55 |   100 |
|     11 | Files            |     12 |   25 | Expandable folder    |            55 |   100 |
|     12 | Folders          |     12 |   25 | Expandable folder    |            55 |   100 |
|     13 | Tools            |     12 |   25 | Expandable folder    |            55 |   100 |
|     14 | scissors         |     12 |   25 | Expandable folder    |            55 |   100 |
|     15 | glue             |     12 |   25 | Expandable folder    |            55 |   100 |
|     16 | Staplers         |     12 |   25 | Expandable folder    |            55 |   100 |
|     17 | Punching machine |     12 |   25 | Expandable folder    |            55 |   100 |
|     18 | Printing Suplies |     12 |   25 | Expandable folder    |            55 |   100 |
|     19 | School Supplies  |     12 |   25 | Expandable folder    |            55 |   100 |
|     20 | Boards & Dusters |     12 |   25 | Expandable folder    |            55 |   100 |
|      1 | colors           |     12 |   26 | Leather Folder       |            75 |   100 |
|      2 | Erasers          |     12 |   26 | Leather Folder       |            75 |   100 |
|      3 | pencils          |     12 |   26 | Leather Folder       |            75 |   100 |
|      4 | pens             |     12 |   26 | Leather Folder       |            75 |   100 |
|      5 | papers           |     12 |   26 | Leather Folder       |            75 |   100 |
|      6 | sharpners        |     12 |   26 | Leather Folder       |            75 |   100 |
|      7 | Exam pads        |     12 |   26 | Leather Folder       |            75 |   100 |
|      8 | Pencil Box       |     12 |   26 | Leather Folder       |            75 |   100 |
|      9 | Calculators      |     12 |   26 | Leather Folder       |            75 |   100 |
|     10 | Notebooks        |     12 |   26 | Leather Folder       |            75 |   100 |
|     11 | Files            |     12 |   26 | Leather Folder       |            75 |   100 |
|     12 | Folders          |     12 |   26 | Leather Folder       |            75 |   100 |
|     13 | Tools            |     12 |   26 | Leather Folder       |            75 |   100 |
|     14 | scissors         |     12 |   26 | Leather Folder       |            75 |   100 |
|     15 | glue             |     12 |   26 | Leather Folder       |            75 |   100 |
|     16 | Staplers         |     12 |   26 | Leather Folder       |            75 |   100 |
|     17 | Punching machine |     12 |   26 | Leather Folder       |            75 |   100 |
|     18 | Printing Suplies |     12 |   26 | Leather Folder       |            75 |   100 |
|     19 | School Supplies  |     12 |   26 | Leather Folder       |            75 |   100 |
|     20 | Boards & Dusters |     12 |   26 | Leather Folder       |            75 |   100 |
|      1 | colors           |     13 |   27 | Compass              |            25 |   100 |
|      2 | Erasers          |     13 |   27 | Compass              |            25 |   100 |
|      3 | pencils          |     13 |   27 | Compass              |            25 |   100 |
|      4 | pens             |     13 |   27 | Compass              |            25 |   100 |
|      5 | papers           |     13 |   27 | Compass              |            25 |   100 |
|      6 | sharpners        |     13 |   27 | Compass              |            25 |   100 |
|      7 | Exam pads        |     13 |   27 | Compass              |            25 |   100 |
|      8 | Pencil Box       |     13 |   27 | Compass              |            25 |   100 |
|      9 | Calculators      |     13 |   27 | Compass              |            25 |   100 |
|     10 | Notebooks        |     13 |   27 | Compass              |            25 |   100 |
|     11 | Files            |     13 |   27 | Compass              |            25 |   100 |
|     12 | Folders          |     13 |   27 | Compass              |            25 |   100 |
|     13 | Tools            |     13 |   27 | Compass              |            25 |   100 |
|     14 | scissors         |     13 |   27 | Compass              |            25 |   100 |
|     15 | glue             |     13 |   27 | Compass              |            25 |   100 |
|     16 | Staplers         |     13 |   27 | Compass              |            25 |   100 |
|     17 | Punching machine |     13 |   27 | Compass              |            25 |   100 |
|     18 | Printing Suplies |     13 |   27 | Compass              |            25 |   100 |
|     19 | School Supplies  |     13 |   27 | Compass              |            25 |   100 |
|     20 | Boards & Dusters |     13 |   27 | Compass              |            25 |   100 |
|      1 | colors           |     13 |   28 | Divider              |            15 |   100 |
|      2 | Erasers          |     13 |   28 | Divider              |            15 |   100 |
|      3 | pencils          |     13 |   28 | Divider              |            15 |   100 |
|      4 | pens             |     13 |   28 | Divider              |            15 |   100 |
|      5 | papers           |     13 |   28 | Divider              |            15 |   100 |
|      6 | sharpners        |     13 |   28 | Divider              |            15 |   100 |
|      7 | Exam pads        |     13 |   28 | Divider              |            15 |   100 |
|      8 | Pencil Box       |     13 |   28 | Divider              |            15 |   100 |
|      9 | Calculators      |     13 |   28 | Divider              |            15 |   100 |
|     10 | Notebooks        |     13 |   28 | Divider              |            15 |   100 |
|     11 | Files            |     13 |   28 | Divider              |            15 |   100 |
|     12 | Folders          |     13 |   28 | Divider              |            15 |   100 |
|     13 | Tools            |     13 |   28 | Divider              |            15 |   100 |
|     14 | scissors         |     13 |   28 | Divider              |            15 |   100 |
|     15 | glue             |     13 |   28 | Divider              |            15 |   100 |
|     16 | Staplers         |     13 |   28 | Divider              |            15 |   100 |
|     17 | Punching machine |     13 |   28 | Divider              |            15 |   100 |
|     18 | Printing Suplies |     13 |   28 | Divider              |            15 |   100 |
|     19 | School Supplies  |     13 |   28 | Divider              |            15 |   100 |
|     20 | Boards & Dusters |     13 |   28 | Divider              |            15 |   100 |
|      1 | colors           |     14 |   29 | paper Scissor        |            25 |   100 |
|      2 | Erasers          |     14 |   29 | paper Scissor        |            25 |   100 |
|      3 | pencils          |     14 |   29 | paper Scissor        |            25 |   100 |
|      4 | pens             |     14 |   29 | paper Scissor        |            25 |   100 |
|      5 | papers           |     14 |   29 | paper Scissor        |            25 |   100 |
|      6 | sharpners        |     14 |   29 | paper Scissor        |            25 |   100 |
|      7 | Exam pads        |     14 |   29 | paper Scissor        |            25 |   100 |
|      8 | Pencil Box       |     14 |   29 | paper Scissor        |            25 |   100 |
|      9 | Calculators      |     14 |   29 | paper Scissor        |            25 |   100 |
|     10 | Notebooks        |     14 |   29 | paper Scissor        |            25 |   100 |
|     11 | Files            |     14 |   29 | paper Scissor        |            25 |   100 |
|     12 | Folders          |     14 |   29 | paper Scissor        |            25 |   100 |
|     13 | Tools            |     14 |   29 | paper Scissor        |            25 |   100 |
|     14 | scissors         |     14 |   29 | paper Scissor        |            25 |   100 |
|     15 | glue             |     14 |   29 | paper Scissor        |            25 |   100 |
|     16 | Staplers         |     14 |   29 | paper Scissor        |            25 |   100 |
|     17 | Punching machine |     14 |   29 | paper Scissor        |            25 |   100 |
|     18 | Printing Suplies |     14 |   29 | paper Scissor        |            25 |   100 |
|     19 | School Supplies  |     14 |   29 | paper Scissor        |            25 |   100 |
|     20 | Boards & Dusters |     14 |   29 | paper Scissor        |            25 |   100 |
|      1 | colors           |     14 |   30 | Clothe Scissor       |            35 |   100 |
|      2 | Erasers          |     14 |   30 | Clothe Scissor       |            35 |   100 |
|      3 | pencils          |     14 |   30 | Clothe Scissor       |            35 |   100 |
|      4 | pens             |     14 |   30 | Clothe Scissor       |            35 |   100 |
|      5 | papers           |     14 |   30 | Clothe Scissor       |            35 |   100 |
|      6 | sharpners        |     14 |   30 | Clothe Scissor       |            35 |   100 |
|      7 | Exam pads        |     14 |   30 | Clothe Scissor       |            35 |   100 |
|      8 | Pencil Box       |     14 |   30 | Clothe Scissor       |            35 |   100 |
|      9 | Calculators      |     14 |   30 | Clothe Scissor       |            35 |   100 |
|     10 | Notebooks        |     14 |   30 | Clothe Scissor       |            35 |   100 |
|     11 | Files            |     14 |   30 | Clothe Scissor       |            35 |   100 |
|     12 | Folders          |     14 |   30 | Clothe Scissor       |            35 |   100 |
|     13 | Tools            |     14 |   30 | Clothe Scissor       |            35 |   100 |
|     14 | scissors         |     14 |   30 | Clothe Scissor       |            35 |   100 |
|     15 | glue             |     14 |   30 | Clothe Scissor       |            35 |   100 |
|     16 | Staplers         |     14 |   30 | Clothe Scissor       |            35 |   100 |
|     17 | Punching machine |     14 |   30 | Clothe Scissor       |            35 |   100 |
|     18 | Printing Suplies |     14 |   30 | Clothe Scissor       |            35 |   100 |
|     19 | School Supplies  |     14 |   30 | Clothe Scissor       |            35 |   100 |
|     20 | Boards & Dusters |     14 |   30 | Clothe Scissor       |            35 |   100 |
|      1 | colors           |     15 |   31 | Fevicol              |            15 |   100 |
|      2 | Erasers          |     15 |   31 | Fevicol              |            15 |   100 |
|      3 | pencils          |     15 |   31 | Fevicol              |            15 |   100 |
|      4 | pens             |     15 |   31 | Fevicol              |            15 |   100 |
|      5 | papers           |     15 |   31 | Fevicol              |            15 |   100 |
|      6 | sharpners        |     15 |   31 | Fevicol              |            15 |   100 |
|      7 | Exam pads        |     15 |   31 | Fevicol              |            15 |   100 |
|      8 | Pencil Box       |     15 |   31 | Fevicol              |            15 |   100 |
|      9 | Calculators      |     15 |   31 | Fevicol              |            15 |   100 |
|     10 | Notebooks        |     15 |   31 | Fevicol              |            15 |   100 |
|     11 | Files            |     15 |   31 | Fevicol              |            15 |   100 |
|     12 | Folders          |     15 |   31 | Fevicol              |            15 |   100 |
|     13 | Tools            |     15 |   31 | Fevicol              |            15 |   100 |
|     14 | scissors         |     15 |   31 | Fevicol              |            15 |   100 |
|     15 | glue             |     15 |   31 | Fevicol              |            15 |   100 |
|     16 | Staplers         |     15 |   31 | Fevicol              |            15 |   100 |
|     17 | Punching machine |     15 |   31 | Fevicol              |            15 |   100 |
|     18 | Printing Suplies |     15 |   31 | Fevicol              |            15 |   100 |
|     19 | School Supplies  |     15 |   31 | Fevicol              |            15 |   100 |
|     20 | Boards & Dusters |     15 |   31 | Fevicol              |            15 |   100 |
|      1 | colors           |     15 |   32 | Hot Glue             |            25 |   100 |
|      2 | Erasers          |     15 |   32 | Hot Glue             |            25 |   100 |
|      3 | pencils          |     15 |   32 | Hot Glue             |            25 |   100 |
|      4 | pens             |     15 |   32 | Hot Glue             |            25 |   100 |
|      5 | papers           |     15 |   32 | Hot Glue             |            25 |   100 |
|      6 | sharpners        |     15 |   32 | Hot Glue             |            25 |   100 |
|      7 | Exam pads        |     15 |   32 | Hot Glue             |            25 |   100 |
|      8 | Pencil Box       |     15 |   32 | Hot Glue             |            25 |   100 |
|      9 | Calculators      |     15 |   32 | Hot Glue             |            25 |   100 |
|     10 | Notebooks        |     15 |   32 | Hot Glue             |            25 |   100 |
|     11 | Files            |     15 |   32 | Hot Glue             |            25 |   100 |
|     12 | Folders          |     15 |   32 | Hot Glue             |            25 |   100 |
|     13 | Tools            |     15 |   32 | Hot Glue             |            25 |   100 |
|     14 | scissors         |     15 |   32 | Hot Glue             |            25 |   100 |
|     15 | glue             |     15 |   32 | Hot Glue             |            25 |   100 |
|     16 | Staplers         |     15 |   32 | Hot Glue             |            25 |   100 |
|     17 | Punching machine |     15 |   32 | Hot Glue             |            25 |   100 |
|     18 | Printing Suplies |     15 |   32 | Hot Glue             |            25 |   100 |
|     19 | School Supplies  |     15 |   32 | Hot Glue             |            25 |   100 |
|     20 | Boards & Dusters |     15 |   32 | Hot Glue             |            25 |   100 |
|      1 | colors           |     16 |   33 | stapler-Big          |            55 |   100 |
|      2 | Erasers          |     16 |   33 | stapler-Big          |            55 |   100 |
|      3 | pencils          |     16 |   33 | stapler-Big          |            55 |   100 |
|      4 | pens             |     16 |   33 | stapler-Big          |            55 |   100 |
|      5 | papers           |     16 |   33 | stapler-Big          |            55 |   100 |
|      6 | sharpners        |     16 |   33 | stapler-Big          |            55 |   100 |
|      7 | Exam pads        |     16 |   33 | stapler-Big          |            55 |   100 |
|      8 | Pencil Box       |     16 |   33 | stapler-Big          |            55 |   100 |
|      9 | Calculators      |     16 |   33 | stapler-Big          |            55 |   100 |
|     10 | Notebooks        |     16 |   33 | stapler-Big          |            55 |   100 |
|     11 | Files            |     16 |   33 | stapler-Big          |            55 |   100 |
|     12 | Folders          |     16 |   33 | stapler-Big          |            55 |   100 |
|     13 | Tools            |     16 |   33 | stapler-Big          |            55 |   100 |
|     14 | scissors         |     16 |   33 | stapler-Big          |            55 |   100 |
|     15 | glue             |     16 |   33 | stapler-Big          |            55 |   100 |
|     16 | Staplers         |     16 |   33 | stapler-Big          |            55 |   100 |
|     17 | Punching machine |     16 |   33 | stapler-Big          |            55 |   100 |
|     18 | Printing Suplies |     16 |   33 | stapler-Big          |            55 |   100 |
|     19 | School Supplies  |     16 |   33 | stapler-Big          |            55 |   100 |
|     20 | Boards & Dusters |     16 |   33 | stapler-Big          |            55 |   100 |
|      1 | colors           |     16 |   34 | Stapler-small        |            25 |   100 |
|      2 | Erasers          |     16 |   34 | Stapler-small        |            25 |   100 |
|      3 | pencils          |     16 |   34 | Stapler-small        |            25 |   100 |
|      4 | pens             |     16 |   34 | Stapler-small        |            25 |   100 |
|      5 | papers           |     16 |   34 | Stapler-small        |            25 |   100 |
|      6 | sharpners        |     16 |   34 | Stapler-small        |            25 |   100 |
|      7 | Exam pads        |     16 |   34 | Stapler-small        |            25 |   100 |
|      8 | Pencil Box       |     16 |   34 | Stapler-small        |            25 |   100 |
|      9 | Calculators      |     16 |   34 | Stapler-small        |            25 |   100 |
|     10 | Notebooks        |     16 |   34 | Stapler-small        |            25 |   100 |
|     11 | Files            |     16 |   34 | Stapler-small        |            25 |   100 |
|     12 | Folders          |     16 |   34 | Stapler-small        |            25 |   100 |
|     13 | Tools            |     16 |   34 | Stapler-small        |            25 |   100 |
|     14 | scissors         |     16 |   34 | Stapler-small        |            25 |   100 |
|     15 | glue             |     16 |   34 | Stapler-small        |            25 |   100 |
|     16 | Staplers         |     16 |   34 | Stapler-small        |            25 |   100 |
|     17 | Punching machine |     16 |   34 | Stapler-small        |            25 |   100 |
|     18 | Printing Suplies |     16 |   34 | Stapler-small        |            25 |   100 |
|     19 | School Supplies  |     16 |   34 | Stapler-small        |            25 |   100 |
|     20 | Boards & Dusters |     16 |   34 | Stapler-small        |            25 |   100 |
|      1 | colors           |     17 |   35 | Small Punching       |            25 |   100 |
|      2 | Erasers          |     17 |   35 | Small Punching       |            25 |   100 |
|      3 | pencils          |     17 |   35 | Small Punching       |            25 |   100 |
|      4 | pens             |     17 |   35 | Small Punching       |            25 |   100 |
|      5 | papers           |     17 |   35 | Small Punching       |            25 |   100 |
|      6 | sharpners        |     17 |   35 | Small Punching       |            25 |   100 |
|      7 | Exam pads        |     17 |   35 | Small Punching       |            25 |   100 |
|      8 | Pencil Box       |     17 |   35 | Small Punching       |            25 |   100 |
|      9 | Calculators      |     17 |   35 | Small Punching       |            25 |   100 |
|     10 | Notebooks        |     17 |   35 | Small Punching       |            25 |   100 |
|     11 | Files            |     17 |   35 | Small Punching       |            25 |   100 |
|     12 | Folders          |     17 |   35 | Small Punching       |            25 |   100 |
|     13 | Tools            |     17 |   35 | Small Punching       |            25 |   100 |
|     14 | scissors         |     17 |   35 | Small Punching       |            25 |   100 |
|     15 | glue             |     17 |   35 | Small Punching       |            25 |   100 |
|     16 | Staplers         |     17 |   35 | Small Punching       |            25 |   100 |
|     17 | Punching machine |     17 |   35 | Small Punching       |            25 |   100 |
|     18 | Printing Suplies |     17 |   35 | Small Punching       |            25 |   100 |
|     19 | School Supplies  |     17 |   35 | Small Punching       |            25 |   100 |
|     20 | Boards & Dusters |     17 |   35 | Small Punching       |            25 |   100 |
|      1 | colors           |     17 |   36 | Big Punching         |            75 |   100 |
|      2 | Erasers          |     17 |   36 | Big Punching         |            75 |   100 |
|      3 | pencils          |     17 |   36 | Big Punching         |            75 |   100 |
|      4 | pens             |     17 |   36 | Big Punching         |            75 |   100 |
|      5 | papers           |     17 |   36 | Big Punching         |            75 |   100 |
|      6 | sharpners        |     17 |   36 | Big Punching         |            75 |   100 |
|      7 | Exam pads        |     17 |   36 | Big Punching         |            75 |   100 |
|      8 | Pencil Box       |     17 |   36 | Big Punching         |            75 |   100 |
|      9 | Calculators      |     17 |   36 | Big Punching         |            75 |   100 |
|     10 | Notebooks        |     17 |   36 | Big Punching         |            75 |   100 |
|     11 | Files            |     17 |   36 | Big Punching         |            75 |   100 |
|     12 | Folders          |     17 |   36 | Big Punching         |            75 |   100 |
|     13 | Tools            |     17 |   36 | Big Punching         |            75 |   100 |
|     14 | scissors         |     17 |   36 | Big Punching         |            75 |   100 |
|     15 | glue             |     17 |   36 | Big Punching         |            75 |   100 |
|     16 | Staplers         |     17 |   36 | Big Punching         |            75 |   100 |
|     17 | Punching machine |     17 |   36 | Big Punching         |            75 |   100 |
|     18 | Printing Suplies |     17 |   36 | Big Punching         |            75 |   100 |
|     19 | School Supplies  |     17 |   36 | Big Punching         |            75 |   100 |
|     20 | Boards & Dusters |     17 |   36 | Big Punching         |            75 |   100 |
|      1 | colors           |     18 |   37 | Papers               |            25 |   100 |
|      2 | Erasers          |     18 |   37 | Papers               |            25 |   100 |
|      3 | pencils          |     18 |   37 | Papers               |            25 |   100 |
|      4 | pens             |     18 |   37 | Papers               |            25 |   100 |
|      5 | papers           |     18 |   37 | Papers               |            25 |   100 |
|      6 | sharpners        |     18 |   37 | Papers               |            25 |   100 |
|      7 | Exam pads        |     18 |   37 | Papers               |            25 |   100 |
|      8 | Pencil Box       |     18 |   37 | Papers               |            25 |   100 |
|      9 | Calculators      |     18 |   37 | Papers               |            25 |   100 |
|     10 | Notebooks        |     18 |   37 | Papers               |            25 |   100 |
|     11 | Files            |     18 |   37 | Papers               |            25 |   100 |
|     12 | Folders          |     18 |   37 | Papers               |            25 |   100 |
|     13 | Tools            |     18 |   37 | Papers               |            25 |   100 |
|     14 | scissors         |     18 |   37 | Papers               |            25 |   100 |
|     15 | glue             |     18 |   37 | Papers               |            25 |   100 |
|     16 | Staplers         |     18 |   37 | Papers               |            25 |   100 |
|     17 | Punching machine |     18 |   37 | Papers               |            25 |   100 |
|     18 | Printing Suplies |     18 |   37 | Papers               |            25 |   100 |
|     19 | School Supplies  |     18 |   37 | Papers               |            25 |   100 |
|     20 | Boards & Dusters |     18 |   37 | Papers               |            25 |   100 |
|      1 | colors           |     18 |   38 | Ink                  |            45 |   100 |
|      2 | Erasers          |     18 |   38 | Ink                  |            45 |   100 |
|      3 | pencils          |     18 |   38 | Ink                  |            45 |   100 |
|      4 | pens             |     18 |   38 | Ink                  |            45 |   100 |
|      5 | papers           |     18 |   38 | Ink                  |            45 |   100 |
|      6 | sharpners        |     18 |   38 | Ink                  |            45 |   100 |
|      7 | Exam pads        |     18 |   38 | Ink                  |            45 |   100 |
|      8 | Pencil Box       |     18 |   38 | Ink                  |            45 |   100 |
|      9 | Calculators      |     18 |   38 | Ink                  |            45 |   100 |
|     10 | Notebooks        |     18 |   38 | Ink                  |            45 |   100 |
|     11 | Files            |     18 |   38 | Ink                  |            45 |   100 |
|     12 | Folders          |     18 |   38 | Ink                  |            45 |   100 |
|     13 | Tools            |     18 |   38 | Ink                  |            45 |   100 |
|     14 | scissors         |     18 |   38 | Ink                  |            45 |   100 |
|     15 | glue             |     18 |   38 | Ink                  |            45 |   100 |
|     16 | Staplers         |     18 |   38 | Ink                  |            45 |   100 |
|     17 | Punching machine |     18 |   38 | Ink                  |            45 |   100 |
|     18 | Printing Suplies |     18 |   38 | Ink                  |            45 |   100 |
|     19 | School Supplies  |     18 |   38 | Ink                  |            45 |   100 |
|     20 | Boards & Dusters |     18 |   38 | Ink                  |            45 |   100 |
|      1 | colors           |     19 |   39 | School Bag           |           125 |   100 |
|      2 | Erasers          |     19 |   39 | School Bag           |           125 |   100 |
|      3 | pencils          |     19 |   39 | School Bag           |           125 |   100 |
|      4 | pens             |     19 |   39 | School Bag           |           125 |   100 |
|      5 | papers           |     19 |   39 | School Bag           |           125 |   100 |
|      6 | sharpners        |     19 |   39 | School Bag           |           125 |   100 |
|      7 | Exam pads        |     19 |   39 | School Bag           |           125 |   100 |
|      8 | Pencil Box       |     19 |   39 | School Bag           |           125 |   100 |
|      9 | Calculators      |     19 |   39 | School Bag           |           125 |   100 |
|     10 | Notebooks        |     19 |   39 | School Bag           |           125 |   100 |
|     11 | Files            |     19 |   39 | School Bag           |           125 |   100 |
|     12 | Folders          |     19 |   39 | School Bag           |           125 |   100 |
|     13 | Tools            |     19 |   39 | School Bag           |           125 |   100 |
|     14 | scissors         |     19 |   39 | School Bag           |           125 |   100 |
|     15 | glue             |     19 |   39 | School Bag           |           125 |   100 |
|     16 | Staplers         |     19 |   39 | School Bag           |           125 |   100 |
|     17 | Punching machine |     19 |   39 | School Bag           |           125 |   100 |
|     18 | Printing Suplies |     19 |   39 | School Bag           |           125 |   100 |
|     19 | School Supplies  |     19 |   39 | School Bag           |           125 |   100 |
|     20 | Boards & Dusters |     19 |   39 | School Bag           |           125 |   100 |
|      1 | colors           |     19 |   40 | School Bottle        |            35 |   100 |
|      2 | Erasers          |     19 |   40 | School Bottle        |            35 |   100 |
|      3 | pencils          |     19 |   40 | School Bottle        |            35 |   100 |
|      4 | pens             |     19 |   40 | School Bottle        |            35 |   100 |
|      5 | papers           |     19 |   40 | School Bottle        |            35 |   100 |
|      6 | sharpners        |     19 |   40 | School Bottle        |            35 |   100 |
|      7 | Exam pads        |     19 |   40 | School Bottle        |            35 |   100 |
|      8 | Pencil Box       |     19 |   40 | School Bottle        |            35 |   100 |
|      9 | Calculators      |     19 |   40 | School Bottle        |            35 |   100 |
|     10 | Notebooks        |     19 |   40 | School Bottle        |            35 |   100 |
|     11 | Files            |     19 |   40 | School Bottle        |            35 |   100 |
|     12 | Folders          |     19 |   40 | School Bottle        |            35 |   100 |
|     13 | Tools            |     19 |   40 | School Bottle        |            35 |   100 |
|     14 | scissors         |     19 |   40 | School Bottle        |            35 |   100 |
|     15 | glue             |     19 |   40 | School Bottle        |            35 |   100 |
|     16 | Staplers         |     19 |   40 | School Bottle        |            35 |   100 |
|     17 | Punching machine |     19 |   40 | School Bottle        |            35 |   100 |
|     18 | Printing Suplies |     19 |   40 | School Bottle        |            35 |   100 |
|     19 | School Supplies  |     19 |   40 | School Bottle        |            35 |   100 |
|     20 | Boards & Dusters |     19 |   40 | School Bottle        |            35 |   100 |
|      1 | colors           |     20 |   41 | White Board+duster   |           125 |   100 |
|      2 | Erasers          |     20 |   41 | White Board+duster   |           125 |   100 |
|      3 | pencils          |     20 |   41 | White Board+duster   |           125 |   100 |
|      4 | pens             |     20 |   41 | White Board+duster   |           125 |   100 |
|      5 | papers           |     20 |   41 | White Board+duster   |           125 |   100 |
|      6 | sharpners        |     20 |   41 | White Board+duster   |           125 |   100 |
|      7 | Exam pads        |     20 |   41 | White Board+duster   |           125 |   100 |
|      8 | Pencil Box       |     20 |   41 | White Board+duster   |           125 |   100 |
|      9 | Calculators      |     20 |   41 | White Board+duster   |           125 |   100 |
|     10 | Notebooks        |     20 |   41 | White Board+duster   |           125 |   100 |
|     11 | Files            |     20 |   41 | White Board+duster   |           125 |   100 |
|     12 | Folders          |     20 |   41 | White Board+duster   |           125 |   100 |
|     13 | Tools            |     20 |   41 | White Board+duster   |           125 |   100 |
|     14 | scissors         |     20 |   41 | White Board+duster   |           125 |   100 |
|     15 | glue             |     20 |   41 | White Board+duster   |           125 |   100 |
|     16 | Staplers         |     20 |   41 | White Board+duster   |           125 |   100 |
|     17 | Punching machine |     20 |   41 | White Board+duster   |           125 |   100 |
|     18 | Printing Suplies |     20 |   41 | White Board+duster   |           125 |   100 |
|     19 | School Supplies  |     20 |   41 | White Board+duster   |           125 |   100 |
|     20 | Boards & Dusters |     20 |   41 | White Board+duster   |           125 |   100 |
|      1 | colors           |     20 |   42 | Black Board+duster   |           100 |   100 |
|      2 | Erasers          |     20 |   42 | Black Board+duster   |           100 |   100 |
|      3 | pencils          |     20 |   42 | Black Board+duster   |           100 |   100 |
|      4 | pens             |     20 |   42 | Black Board+duster   |           100 |   100 |
|      5 | papers           |     20 |   42 | Black Board+duster   |           100 |   100 |
|      6 | sharpners        |     20 |   42 | Black Board+duster   |           100 |   100 |
|      7 | Exam pads        |     20 |   42 | Black Board+duster   |           100 |   100 |
|      8 | Pencil Box       |     20 |   42 | Black Board+duster   |           100 |   100 |
|      9 | Calculators      |     20 |   42 | Black Board+duster   |           100 |   100 |
|     10 | Notebooks        |     20 |   42 | Black Board+duster   |           100 |   100 |
|     11 | Files            |     20 |   42 | Black Board+duster   |           100 |   100 |
|     12 | Folders          |     20 |   42 | Black Board+duster   |           100 |   100 |
|     13 | Tools            |     20 |   42 | Black Board+duster   |           100 |   100 |
|     14 | scissors         |     20 |   42 | Black Board+duster   |           100 |   100 |
|     15 | glue             |     20 |   42 | Black Board+duster   |           100 |   100 |
|     16 | Staplers         |     20 |   42 | Black Board+duster   |           100 |   100 |
|     17 | Punching machine |     20 |   42 | Black Board+duster   |           100 |   100 |
|     18 | Printing Suplies |     20 |   42 | Black Board+duster   |           100 |   100 |
|     19 | School Supplies  |     20 |   42 | Black Board+duster   |           100 |   100 |
|     20 | Boards & Dusters |     20 |   42 | Black Board+duster   |           100 |   100 |
+--------+------------------+--------+------+----------------------+---------------+-------+
840 rows in set (0.01 sec)

mysql> select * from category;
+--------+------------------+
| cat_id | cat_name         |
+--------+------------------+
|      1 | colors           |
|      2 | Erasers          |
|      3 | pencils          |
|      4 | pens             |
|      5 | papers           |
|      6 | sharpners        |
|      7 | Exam pads        |
|      8 | Pencil Box       |
|      9 | Calculators      |
|     10 | Notebooks        |
|     11 | Files            |
|     12 | Folders          |
|     13 | Tools            |
|     14 | scissors         |
|     15 | glue             |
|     16 | Staplers         |
|     17 | Punching machine |
|     18 | Printing Suplies |
|     19 | School Supplies  |
|     20 | Boards & Dusters |
+--------+------------------+
20 rows in set (0.00 sec)

mysql> select * from product;
+--------+------+----------------------+---------------+-------+
| cat_no | p_id | p_name               | product_price | stock |
+--------+------+----------------------+---------------+-------+
|      1 |    1 | Crayons              |            25 |   100 |
|      1 |    2 | Water Colors         |            45 |    50 |
|      1 |    3 | Pencil Colors        |            35 |   100 |
|      2 |    4 | big Eraser           |            10 |   100 |
|      2 |    5 | small Eraser         |             5 |   100 |
|      3 |    6 | H-Pencil             |             5 |   100 |
|      3 |    7 | 2H-Pencil            |             3 |   100 |
|      4 |    8 | Gel Pen              |            15 |   100 |
|      4 |    9 | Ball pen             |            10 |   100 |
|      4 |   10 | Ink pen              |            20 |   100 |
|      5 |   11 | Normal Paper         |            25 |   100 |
|      5 |   12 | Graph Paper          |            15 |   100 |
|      6 |   13 | Dust Sharpner        |            15 |   100 |
|      6 |   14 | Non-Dust Sharpner    |            10 |   100 |
|      7 |   15 | Transparent          |            55 |   100 |
|      7 |   16 | Non-Transparent      |            65 |   100 |
|      8 |   17 | Pouch                |            15 |   100 |
|      8 |   18 | Geometry Box         |            25 |   100 |
|      9 |   19 | Normal Calculator    |            75 |   100 |
|      9 |   20 | Scintific Calculator |           125 |   100 |
|     10 |   21 | Spiral Notebook      |            25 |   100 |
|     10 |   22 | Composite Notebook   |            35 |   100 |
|     11 |   23 | officefiles          |            25 |   100 |
|     11 |   24 | Boxfiles             |            45 |   100 |
|     12 |   25 | Expandable folder    |            55 |   100 |
|     12 |   26 | Leather Folder       |            75 |   100 |
|     13 |   27 | Compass              |            25 |   100 |
|     13 |   28 | Divider              |            15 |   100 |
|     14 |   29 | paper Scissor        |            25 |   100 |
|     14 |   30 | Clothe Scissor       |            35 |   100 |
|     15 |   31 | Fevicol              |            15 |   100 |
|     15 |   32 | Hot Glue             |            25 |   100 |
|     16 |   33 | stapler-Big          |            55 |   100 |
|     16 |   34 | Stapler-small        |            25 |   100 |
|     17 |   35 | Small Punching       |            25 |   100 |
|     17 |   36 | Big Punching         |            75 |   100 |
|     18 |   37 | Papers               |            25 |   100 |
|     18 |   38 | Ink                  |            45 |   100 |
|     19 |   39 | School Bag           |           125 |   100 |
|     19 |   40 | School Bottle        |            35 |   100 |
|     20 |   41 | White Board+duster   |           125 |   100 |
|     20 |   42 | Black Board+duster   |           100 |   100 |
+--------+------+----------------------+---------------+-------+
42 rows in set (0.00 sec)

mysql> select * from category,product;
+--------+------------------+--------+------+----------------------+---------------+-------+
| cat_id | cat_name         | cat_no | p_id | p_name               | product_price | stock |
+--------+------------------+--------+------+----------------------+---------------+-------+
|      1 | colors           |      1 |    1 | Crayons              |            25 |   100 |
|      2 | Erasers          |      1 |    1 | Crayons              |            25 |   100 |
|      3 | pencils          |      1 |    1 | Crayons              |            25 |   100 |
|      4 | pens             |      1 |    1 | Crayons              |            25 |   100 |
|      5 | papers           |      1 |    1 | Crayons              |            25 |   100 |
|      6 | sharpners        |      1 |    1 | Crayons              |            25 |   100 |
|      7 | Exam pads        |      1 |    1 | Crayons              |            25 |   100 |
|      8 | Pencil Box       |      1 |    1 | Crayons              |            25 |   100 |
|      9 | Calculators      |      1 |    1 | Crayons              |            25 |   100 |
|     10 | Notebooks        |      1 |    1 | Crayons              |            25 |   100 |
|     11 | Files            |      1 |    1 | Crayons              |            25 |   100 |
|     12 | Folders          |      1 |    1 | Crayons              |            25 |   100 |
|     13 | Tools            |      1 |    1 | Crayons              |            25 |   100 |
|     14 | scissors         |      1 |    1 | Crayons              |            25 |   100 |
|     15 | glue             |      1 |    1 | Crayons              |            25 |   100 |
|     16 | Staplers         |      1 |    1 | Crayons              |            25 |   100 |
|     17 | Punching machine |      1 |    1 | Crayons              |            25 |   100 |
|     18 | Printing Suplies |      1 |    1 | Crayons              |            25 |   100 |
|     19 | School Supplies  |      1 |    1 | Crayons              |            25 |   100 |
|     20 | Boards & Dusters |      1 |    1 | Crayons              |            25 |   100 |
|      1 | colors           |      1 |    2 | Water Colors         |            45 |    50 |
|      2 | Erasers          |      1 |    2 | Water Colors         |            45 |    50 |
|      3 | pencils          |      1 |    2 | Water Colors         |            45 |    50 |
|      4 | pens             |      1 |    2 | Water Colors         |            45 |    50 |
|      5 | papers           |      1 |    2 | Water Colors         |            45 |    50 |
|      6 | sharpners        |      1 |    2 | Water Colors         |            45 |    50 |
|      7 | Exam pads        |      1 |    2 | Water Colors         |            45 |    50 |
|      8 | Pencil Box       |      1 |    2 | Water Colors         |            45 |    50 |
|      9 | Calculators      |      1 |    2 | Water Colors         |            45 |    50 |
|     10 | Notebooks        |      1 |    2 | Water Colors         |            45 |    50 |
|     11 | Files            |      1 |    2 | Water Colors         |            45 |    50 |
|     12 | Folders          |      1 |    2 | Water Colors         |            45 |    50 |
|     13 | Tools            |      1 |    2 | Water Colors         |            45 |    50 |
|     14 | scissors         |      1 |    2 | Water Colors         |            45 |    50 |
|     15 | glue             |      1 |    2 | Water Colors         |            45 |    50 |
|     16 | Staplers         |      1 |    2 | Water Colors         |            45 |    50 |
|     17 | Punching machine |      1 |    2 | Water Colors         |            45 |    50 |
|     18 | Printing Suplies |      1 |    2 | Water Colors         |            45 |    50 |
|     19 | School Supplies  |      1 |    2 | Water Colors         |            45 |    50 |
|     20 | Boards & Dusters |      1 |    2 | Water Colors         |            45 |    50 |
|      1 | colors           |      1 |    3 | Pencil Colors        |            35 |   100 |
|      2 | Erasers          |      1 |    3 | Pencil Colors        |            35 |   100 |
|      3 | pencils          |      1 |    3 | Pencil Colors        |            35 |   100 |
|      4 | pens             |      1 |    3 | Pencil Colors        |            35 |   100 |
|      5 | papers           |      1 |    3 | Pencil Colors        |            35 |   100 |
|      6 | sharpners        |      1 |    3 | Pencil Colors        |            35 |   100 |
|      7 | Exam pads        |      1 |    3 | Pencil Colors        |            35 |   100 |
|      8 | Pencil Box       |      1 |    3 | Pencil Colors        |            35 |   100 |
|      9 | Calculators      |      1 |    3 | Pencil Colors        |            35 |   100 |
|     10 | Notebooks        |      1 |    3 | Pencil Colors        |            35 |   100 |
|     11 | Files            |      1 |    3 | Pencil Colors        |            35 |   100 |
|     12 | Folders          |      1 |    3 | Pencil Colors        |            35 |   100 |
|     13 | Tools            |      1 |    3 | Pencil Colors        |            35 |   100 |
|     14 | scissors         |      1 |    3 | Pencil Colors        |            35 |   100 |
|     15 | glue             |      1 |    3 | Pencil Colors        |            35 |   100 |
|     16 | Staplers         |      1 |    3 | Pencil Colors        |            35 |   100 |
|     17 | Punching machine |      1 |    3 | Pencil Colors        |            35 |   100 |
|     18 | Printing Suplies |      1 |    3 | Pencil Colors        |            35 |   100 |
|     19 | School Supplies  |      1 |    3 | Pencil Colors        |            35 |   100 |
|     20 | Boards & Dusters |      1 |    3 | Pencil Colors        |            35 |   100 |
|      1 | colors           |      2 |    4 | big Eraser           |            10 |   100 |
|      2 | Erasers          |      2 |    4 | big Eraser           |            10 |   100 |
|      3 | pencils          |      2 |    4 | big Eraser           |            10 |   100 |
|      4 | pens             |      2 |    4 | big Eraser           |            10 |   100 |
|      5 | papers           |      2 |    4 | big Eraser           |            10 |   100 |
|      6 | sharpners        |      2 |    4 | big Eraser           |            10 |   100 |
|      7 | Exam pads        |      2 |    4 | big Eraser           |            10 |   100 |
|      8 | Pencil Box       |      2 |    4 | big Eraser           |            10 |   100 |
|      9 | Calculators      |      2 |    4 | big Eraser           |            10 |   100 |
|     10 | Notebooks        |      2 |    4 | big Eraser           |            10 |   100 |
|     11 | Files            |      2 |    4 | big Eraser           |            10 |   100 |
|     12 | Folders          |      2 |    4 | big Eraser           |            10 |   100 |
|     13 | Tools            |      2 |    4 | big Eraser           |            10 |   100 |
|     14 | scissors         |      2 |    4 | big Eraser           |            10 |   100 |
|     15 | glue             |      2 |    4 | big Eraser           |            10 |   100 |
|     16 | Staplers         |      2 |    4 | big Eraser           |            10 |   100 |
|     17 | Punching machine |      2 |    4 | big Eraser           |            10 |   100 |
|     18 | Printing Suplies |      2 |    4 | big Eraser           |            10 |   100 |
|     19 | School Supplies  |      2 |    4 | big Eraser           |            10 |   100 |
|     20 | Boards & Dusters |      2 |    4 | big Eraser           |            10 |   100 |
|      1 | colors           |      2 |    5 | small Eraser         |             5 |   100 |
|      2 | Erasers          |      2 |    5 | small Eraser         |             5 |   100 |
|      3 | pencils          |      2 |    5 | small Eraser         |             5 |   100 |
|      4 | pens             |      2 |    5 | small Eraser         |             5 |   100 |
|      5 | papers           |      2 |    5 | small Eraser         |             5 |   100 |
|      6 | sharpners        |      2 |    5 | small Eraser         |             5 |   100 |
|      7 | Exam pads        |      2 |    5 | small Eraser         |             5 |   100 |
|      8 | Pencil Box       |      2 |    5 | small Eraser         |             5 |   100 |
|      9 | Calculators      |      2 |    5 | small Eraser         |             5 |   100 |
|     10 | Notebooks        |      2 |    5 | small Eraser         |             5 |   100 |
|     11 | Files            |      2 |    5 | small Eraser         |             5 |   100 |
|     12 | Folders          |      2 |    5 | small Eraser         |             5 |   100 |
|     13 | Tools            |      2 |    5 | small Eraser         |             5 |   100 |
|     14 | scissors         |      2 |    5 | small Eraser         |             5 |   100 |
|     15 | glue             |      2 |    5 | small Eraser         |             5 |   100 |
|     16 | Staplers         |      2 |    5 | small Eraser         |             5 |   100 |
|     17 | Punching machine |      2 |    5 | small Eraser         |             5 |   100 |
|     18 | Printing Suplies |      2 |    5 | small Eraser         |             5 |   100 |
|     19 | School Supplies  |      2 |    5 | small Eraser         |             5 |   100 |
|     20 | Boards & Dusters |      2 |    5 | small Eraser         |             5 |   100 |
|      1 | colors           |      3 |    6 | H-Pencil             |             5 |   100 |
|      2 | Erasers          |      3 |    6 | H-Pencil             |             5 |   100 |
|      3 | pencils          |      3 |    6 | H-Pencil             |             5 |   100 |
|      4 | pens             |      3 |    6 | H-Pencil             |             5 |   100 |
|      5 | papers           |      3 |    6 | H-Pencil             |             5 |   100 |
|      6 | sharpners        |      3 |    6 | H-Pencil             |             5 |   100 |
|      7 | Exam pads        |      3 |    6 | H-Pencil             |             5 |   100 |
|      8 | Pencil Box       |      3 |    6 | H-Pencil             |             5 |   100 |
|      9 | Calculators      |      3 |    6 | H-Pencil             |             5 |   100 |
|     10 | Notebooks        |      3 |    6 | H-Pencil             |             5 |   100 |
|     11 | Files            |      3 |    6 | H-Pencil             |             5 |   100 |
|     12 | Folders          |      3 |    6 | H-Pencil             |             5 |   100 |
|     13 | Tools            |      3 |    6 | H-Pencil             |             5 |   100 |
|     14 | scissors         |      3 |    6 | H-Pencil             |             5 |   100 |
|     15 | glue             |      3 |    6 | H-Pencil             |             5 |   100 |
|     16 | Staplers         |      3 |    6 | H-Pencil             |             5 |   100 |
|     17 | Punching machine |      3 |    6 | H-Pencil             |             5 |   100 |
|     18 | Printing Suplies |      3 |    6 | H-Pencil             |             5 |   100 |
|     19 | School Supplies  |      3 |    6 | H-Pencil             |             5 |   100 |
|     20 | Boards & Dusters |      3 |    6 | H-Pencil             |             5 |   100 |
|      1 | colors           |      3 |    7 | 2H-Pencil            |             3 |   100 |
|      2 | Erasers          |      3 |    7 | 2H-Pencil            |             3 |   100 |
|      3 | pencils          |      3 |    7 | 2H-Pencil            |             3 |   100 |
|      4 | pens             |      3 |    7 | 2H-Pencil            |             3 |   100 |
|      5 | papers           |      3 |    7 | 2H-Pencil            |             3 |   100 |
|      6 | sharpners        |      3 |    7 | 2H-Pencil            |             3 |   100 |
|      7 | Exam pads        |      3 |    7 | 2H-Pencil            |             3 |   100 |
|      8 | Pencil Box       |      3 |    7 | 2H-Pencil            |             3 |   100 |
|      9 | Calculators      |      3 |    7 | 2H-Pencil            |             3 |   100 |
|     10 | Notebooks        |      3 |    7 | 2H-Pencil            |             3 |   100 |
|     11 | Files            |      3 |    7 | 2H-Pencil            |             3 |   100 |
|     12 | Folders          |      3 |    7 | 2H-Pencil            |             3 |   100 |
|     13 | Tools            |      3 |    7 | 2H-Pencil            |             3 |   100 |
|     14 | scissors         |      3 |    7 | 2H-Pencil            |             3 |   100 |
|     15 | glue             |      3 |    7 | 2H-Pencil            |             3 |   100 |
|     16 | Staplers         |      3 |    7 | 2H-Pencil            |             3 |   100 |
|     17 | Punching machine |      3 |    7 | 2H-Pencil            |             3 |   100 |
|     18 | Printing Suplies |      3 |    7 | 2H-Pencil            |             3 |   100 |
|     19 | School Supplies  |      3 |    7 | 2H-Pencil            |             3 |   100 |
|     20 | Boards & Dusters |      3 |    7 | 2H-Pencil            |             3 |   100 |
|      1 | colors           |      4 |    8 | Gel Pen              |            15 |   100 |
|      2 | Erasers          |      4 |    8 | Gel Pen              |            15 |   100 |
|      3 | pencils          |      4 |    8 | Gel Pen              |            15 |   100 |
|      4 | pens             |      4 |    8 | Gel Pen              |            15 |   100 |
|      5 | papers           |      4 |    8 | Gel Pen              |            15 |   100 |
|      6 | sharpners        |      4 |    8 | Gel Pen              |            15 |   100 |
|      7 | Exam pads        |      4 |    8 | Gel Pen              |            15 |   100 |
|      8 | Pencil Box       |      4 |    8 | Gel Pen              |            15 |   100 |
|      9 | Calculators      |      4 |    8 | Gel Pen              |            15 |   100 |
|     10 | Notebooks        |      4 |    8 | Gel Pen              |            15 |   100 |
|     11 | Files            |      4 |    8 | Gel Pen              |            15 |   100 |
|     12 | Folders          |      4 |    8 | Gel Pen              |            15 |   100 |
|     13 | Tools            |      4 |    8 | Gel Pen              |            15 |   100 |
|     14 | scissors         |      4 |    8 | Gel Pen              |            15 |   100 |
|     15 | glue             |      4 |    8 | Gel Pen              |            15 |   100 |
|     16 | Staplers         |      4 |    8 | Gel Pen              |            15 |   100 |
|     17 | Punching machine |      4 |    8 | Gel Pen              |            15 |   100 |
|     18 | Printing Suplies |      4 |    8 | Gel Pen              |            15 |   100 |
|     19 | School Supplies  |      4 |    8 | Gel Pen              |            15 |   100 |
|     20 | Boards & Dusters |      4 |    8 | Gel Pen              |            15 |   100 |
|      1 | colors           |      4 |    9 | Ball pen             |            10 |   100 |
|      2 | Erasers          |      4 |    9 | Ball pen             |            10 |   100 |
|      3 | pencils          |      4 |    9 | Ball pen             |            10 |   100 |
|      4 | pens             |      4 |    9 | Ball pen             |            10 |   100 |
|      5 | papers           |      4 |    9 | Ball pen             |            10 |   100 |
|      6 | sharpners        |      4 |    9 | Ball pen             |            10 |   100 |
|      7 | Exam pads        |      4 |    9 | Ball pen             |            10 |   100 |
|      8 | Pencil Box       |      4 |    9 | Ball pen             |            10 |   100 |
|      9 | Calculators      |      4 |    9 | Ball pen             |            10 |   100 |
|     10 | Notebooks        |      4 |    9 | Ball pen             |            10 |   100 |
|     11 | Files            |      4 |    9 | Ball pen             |            10 |   100 |
|     12 | Folders          |      4 |    9 | Ball pen             |            10 |   100 |
|     13 | Tools            |      4 |    9 | Ball pen             |            10 |   100 |
|     14 | scissors         |      4 |    9 | Ball pen             |            10 |   100 |
|     15 | glue             |      4 |    9 | Ball pen             |            10 |   100 |
|     16 | Staplers         |      4 |    9 | Ball pen             |            10 |   100 |
|     17 | Punching machine |      4 |    9 | Ball pen             |            10 |   100 |
|     18 | Printing Suplies |      4 |    9 | Ball pen             |            10 |   100 |
|     19 | School Supplies  |      4 |    9 | Ball pen             |            10 |   100 |
|     20 | Boards & Dusters |      4 |    9 | Ball pen             |            10 |   100 |
|      1 | colors           |      4 |   10 | Ink pen              |            20 |   100 |
|      2 | Erasers          |      4 |   10 | Ink pen              |            20 |   100 |
|      3 | pencils          |      4 |   10 | Ink pen              |            20 |   100 |
|      4 | pens             |      4 |   10 | Ink pen              |            20 |   100 |
|      5 | papers           |      4 |   10 | Ink pen              |            20 |   100 |
|      6 | sharpners        |      4 |   10 | Ink pen              |            20 |   100 |
|      7 | Exam pads        |      4 |   10 | Ink pen              |            20 |   100 |
|      8 | Pencil Box       |      4 |   10 | Ink pen              |            20 |   100 |
|      9 | Calculators      |      4 |   10 | Ink pen              |            20 |   100 |
|     10 | Notebooks        |      4 |   10 | Ink pen              |            20 |   100 |
|     11 | Files            |      4 |   10 | Ink pen              |            20 |   100 |
|     12 | Folders          |      4 |   10 | Ink pen              |            20 |   100 |
|     13 | Tools            |      4 |   10 | Ink pen              |            20 |   100 |
|     14 | scissors         |      4 |   10 | Ink pen              |            20 |   100 |
|     15 | glue             |      4 |   10 | Ink pen              |            20 |   100 |
|     16 | Staplers         |      4 |   10 | Ink pen              |            20 |   100 |
|     17 | Punching machine |      4 |   10 | Ink pen              |            20 |   100 |
|     18 | Printing Suplies |      4 |   10 | Ink pen              |            20 |   100 |
|     19 | School Supplies  |      4 |   10 | Ink pen              |            20 |   100 |
|     20 | Boards & Dusters |      4 |   10 | Ink pen              |            20 |   100 |
|      1 | colors           |      5 |   11 | Normal Paper         |            25 |   100 |
|      2 | Erasers          |      5 |   11 | Normal Paper         |            25 |   100 |
|      3 | pencils          |      5 |   11 | Normal Paper         |            25 |   100 |
|      4 | pens             |      5 |   11 | Normal Paper         |            25 |   100 |
|      5 | papers           |      5 |   11 | Normal Paper         |            25 |   100 |
|      6 | sharpners        |      5 |   11 | Normal Paper         |            25 |   100 |
|      7 | Exam pads        |      5 |   11 | Normal Paper         |            25 |   100 |
|      8 | Pencil Box       |      5 |   11 | Normal Paper         |            25 |   100 |
|      9 | Calculators      |      5 |   11 | Normal Paper         |            25 |   100 |
|     10 | Notebooks        |      5 |   11 | Normal Paper         |            25 |   100 |
|     11 | Files            |      5 |   11 | Normal Paper         |            25 |   100 |
|     12 | Folders          |      5 |   11 | Normal Paper         |            25 |   100 |
|     13 | Tools            |      5 |   11 | Normal Paper         |            25 |   100 |
|     14 | scissors         |      5 |   11 | Normal Paper         |            25 |   100 |
|     15 | glue             |      5 |   11 | Normal Paper         |            25 |   100 |
|     16 | Staplers         |      5 |   11 | Normal Paper         |            25 |   100 |
|     17 | Punching machine |      5 |   11 | Normal Paper         |            25 |   100 |
|     18 | Printing Suplies |      5 |   11 | Normal Paper         |            25 |   100 |
|     19 | School Supplies  |      5 |   11 | Normal Paper         |            25 |   100 |
|     20 | Boards & Dusters |      5 |   11 | Normal Paper         |            25 |   100 |
|      1 | colors           |      5 |   12 | Graph Paper          |            15 |   100 |
|      2 | Erasers          |      5 |   12 | Graph Paper          |            15 |   100 |
|      3 | pencils          |      5 |   12 | Graph Paper          |            15 |   100 |
|      4 | pens             |      5 |   12 | Graph Paper          |            15 |   100 |
|      5 | papers           |      5 |   12 | Graph Paper          |            15 |   100 |
|      6 | sharpners        |      5 |   12 | Graph Paper          |            15 |   100 |
|      7 | Exam pads        |      5 |   12 | Graph Paper          |            15 |   100 |
|      8 | Pencil Box       |      5 |   12 | Graph Paper          |            15 |   100 |
|      9 | Calculators      |      5 |   12 | Graph Paper          |            15 |   100 |
|     10 | Notebooks        |      5 |   12 | Graph Paper          |            15 |   100 |
|     11 | Files            |      5 |   12 | Graph Paper          |            15 |   100 |
|     12 | Folders          |      5 |   12 | Graph Paper          |            15 |   100 |
|     13 | Tools            |      5 |   12 | Graph Paper          |            15 |   100 |
|     14 | scissors         |      5 |   12 | Graph Paper          |            15 |   100 |
|     15 | glue             |      5 |   12 | Graph Paper          |            15 |   100 |
|     16 | Staplers         |      5 |   12 | Graph Paper          |            15 |   100 |
|     17 | Punching machine |      5 |   12 | Graph Paper          |            15 |   100 |
|     18 | Printing Suplies |      5 |   12 | Graph Paper          |            15 |   100 |
|     19 | School Supplies  |      5 |   12 | Graph Paper          |            15 |   100 |
|     20 | Boards & Dusters |      5 |   12 | Graph Paper          |            15 |   100 |
|      1 | colors           |      6 |   13 | Dust Sharpner        |            15 |   100 |
|      2 | Erasers          |      6 |   13 | Dust Sharpner        |            15 |   100 |
|      3 | pencils          |      6 |   13 | Dust Sharpner        |            15 |   100 |
|      4 | pens             |      6 |   13 | Dust Sharpner        |            15 |   100 |
|      5 | papers           |      6 |   13 | Dust Sharpner        |            15 |   100 |
|      6 | sharpners        |      6 |   13 | Dust Sharpner        |            15 |   100 |
|      7 | Exam pads        |      6 |   13 | Dust Sharpner        |            15 |   100 |
|      8 | Pencil Box       |      6 |   13 | Dust Sharpner        |            15 |   100 |
|      9 | Calculators      |      6 |   13 | Dust Sharpner        |            15 |   100 |
|     10 | Notebooks        |      6 |   13 | Dust Sharpner        |            15 |   100 |
|     11 | Files            |      6 |   13 | Dust Sharpner        |            15 |   100 |
|     12 | Folders          |      6 |   13 | Dust Sharpner        |            15 |   100 |
|     13 | Tools            |      6 |   13 | Dust Sharpner        |            15 |   100 |
|     14 | scissors         |      6 |   13 | Dust Sharpner        |            15 |   100 |
|     15 | glue             |      6 |   13 | Dust Sharpner        |            15 |   100 |
|     16 | Staplers         |      6 |   13 | Dust Sharpner        |            15 |   100 |
|     17 | Punching machine |      6 |   13 | Dust Sharpner        |            15 |   100 |
|     18 | Printing Suplies |      6 |   13 | Dust Sharpner        |            15 |   100 |
|     19 | School Supplies  |      6 |   13 | Dust Sharpner        |            15 |   100 |
|     20 | Boards & Dusters |      6 |   13 | Dust Sharpner        |            15 |   100 |
|      1 | colors           |      6 |   14 | Non-Dust Sharpner    |            10 |   100 |
|      2 | Erasers          |      6 |   14 | Non-Dust Sharpner    |            10 |   100 |
|      3 | pencils          |      6 |   14 | Non-Dust Sharpner    |            10 |   100 |
|      4 | pens             |      6 |   14 | Non-Dust Sharpner    |            10 |   100 |
|      5 | papers           |      6 |   14 | Non-Dust Sharpner    |            10 |   100 |
|      6 | sharpners        |      6 |   14 | Non-Dust Sharpner    |            10 |   100 |
|      7 | Exam pads        |      6 |   14 | Non-Dust Sharpner    |            10 |   100 |
|      8 | Pencil Box       |      6 |   14 | Non-Dust Sharpner    |            10 |   100 |
|      9 | Calculators      |      6 |   14 | Non-Dust Sharpner    |            10 |   100 |
|     10 | Notebooks        |      6 |   14 | Non-Dust Sharpner    |            10 |   100 |
|     11 | Files            |      6 |   14 | Non-Dust Sharpner    |            10 |   100 |
|     12 | Folders          |      6 |   14 | Non-Dust Sharpner    |            10 |   100 |
|     13 | Tools            |      6 |   14 | Non-Dust Sharpner    |            10 |   100 |
|     14 | scissors         |      6 |   14 | Non-Dust Sharpner    |            10 |   100 |
|     15 | glue             |      6 |   14 | Non-Dust Sharpner    |            10 |   100 |
|     16 | Staplers         |      6 |   14 | Non-Dust Sharpner    |            10 |   100 |
|     17 | Punching machine |      6 |   14 | Non-Dust Sharpner    |            10 |   100 |
|     18 | Printing Suplies |      6 |   14 | Non-Dust Sharpner    |            10 |   100 |
|     19 | School Supplies  |      6 |   14 | Non-Dust Sharpner    |            10 |   100 |
|     20 | Boards & Dusters |      6 |   14 | Non-Dust Sharpner    |            10 |   100 |
|      1 | colors           |      7 |   15 | Transparent          |            55 |   100 |
|      2 | Erasers          |      7 |   15 | Transparent          |            55 |   100 |
|      3 | pencils          |      7 |   15 | Transparent          |            55 |   100 |
|      4 | pens             |      7 |   15 | Transparent          |            55 |   100 |
|      5 | papers           |      7 |   15 | Transparent          |            55 |   100 |
|      6 | sharpners        |      7 |   15 | Transparent          |            55 |   100 |
|      7 | Exam pads        |      7 |   15 | Transparent          |            55 |   100 |
|      8 | Pencil Box       |      7 |   15 | Transparent          |            55 |   100 |
|      9 | Calculators      |      7 |   15 | Transparent          |            55 |   100 |
|     10 | Notebooks        |      7 |   15 | Transparent          |            55 |   100 |
|     11 | Files            |      7 |   15 | Transparent          |            55 |   100 |
|     12 | Folders          |      7 |   15 | Transparent          |            55 |   100 |
|     13 | Tools            |      7 |   15 | Transparent          |            55 |   100 |
|     14 | scissors         |      7 |   15 | Transparent          |            55 |   100 |
|     15 | glue             |      7 |   15 | Transparent          |            55 |   100 |
|     16 | Staplers         |      7 |   15 | Transparent          |            55 |   100 |
|     17 | Punching machine |      7 |   15 | Transparent          |            55 |   100 |
|     18 | Printing Suplies |      7 |   15 | Transparent          |            55 |   100 |
|     19 | School Supplies  |      7 |   15 | Transparent          |            55 |   100 |
|     20 | Boards & Dusters |      7 |   15 | Transparent          |            55 |   100 |
|      1 | colors           |      7 |   16 | Non-Transparent      |            65 |   100 |
|      2 | Erasers          |      7 |   16 | Non-Transparent      |            65 |   100 |
|      3 | pencils          |      7 |   16 | Non-Transparent      |            65 |   100 |
|      4 | pens             |      7 |   16 | Non-Transparent      |            65 |   100 |
|      5 | papers           |      7 |   16 | Non-Transparent      |            65 |   100 |
|      6 | sharpners        |      7 |   16 | Non-Transparent      |            65 |   100 |
|      7 | Exam pads        |      7 |   16 | Non-Transparent      |            65 |   100 |
|      8 | Pencil Box       |      7 |   16 | Non-Transparent      |            65 |   100 |
|      9 | Calculators      |      7 |   16 | Non-Transparent      |            65 |   100 |
|     10 | Notebooks        |      7 |   16 | Non-Transparent      |            65 |   100 |
|     11 | Files            |      7 |   16 | Non-Transparent      |            65 |   100 |
|     12 | Folders          |      7 |   16 | Non-Transparent      |            65 |   100 |
|     13 | Tools            |      7 |   16 | Non-Transparent      |            65 |   100 |
|     14 | scissors         |      7 |   16 | Non-Transparent      |            65 |   100 |
|     15 | glue             |      7 |   16 | Non-Transparent      |            65 |   100 |
|     16 | Staplers         |      7 |   16 | Non-Transparent      |            65 |   100 |
|     17 | Punching machine |      7 |   16 | Non-Transparent      |            65 |   100 |
|     18 | Printing Suplies |      7 |   16 | Non-Transparent      |            65 |   100 |
|     19 | School Supplies  |      7 |   16 | Non-Transparent      |            65 |   100 |
|     20 | Boards & Dusters |      7 |   16 | Non-Transparent      |            65 |   100 |
|      1 | colors           |      8 |   17 | Pouch                |            15 |   100 |
|      2 | Erasers          |      8 |   17 | Pouch                |            15 |   100 |
|      3 | pencils          |      8 |   17 | Pouch                |            15 |   100 |
|      4 | pens             |      8 |   17 | Pouch                |            15 |   100 |
|      5 | papers           |      8 |   17 | Pouch                |            15 |   100 |
|      6 | sharpners        |      8 |   17 | Pouch                |            15 |   100 |
|      7 | Exam pads        |      8 |   17 | Pouch                |            15 |   100 |
|      8 | Pencil Box       |      8 |   17 | Pouch                |            15 |   100 |
|      9 | Calculators      |      8 |   17 | Pouch                |            15 |   100 |
|     10 | Notebooks        |      8 |   17 | Pouch                |            15 |   100 |
|     11 | Files            |      8 |   17 | Pouch                |            15 |   100 |
|     12 | Folders          |      8 |   17 | Pouch                |            15 |   100 |
|     13 | Tools            |      8 |   17 | Pouch                |            15 |   100 |
|     14 | scissors         |      8 |   17 | Pouch                |            15 |   100 |
|     15 | glue             |      8 |   17 | Pouch                |            15 |   100 |
|     16 | Staplers         |      8 |   17 | Pouch                |            15 |   100 |
|     17 | Punching machine |      8 |   17 | Pouch                |            15 |   100 |
|     18 | Printing Suplies |      8 |   17 | Pouch                |            15 |   100 |
|     19 | School Supplies  |      8 |   17 | Pouch                |            15 |   100 |
|     20 | Boards & Dusters |      8 |   17 | Pouch                |            15 |   100 |
|      1 | colors           |      8 |   18 | Geometry Box         |            25 |   100 |
|      2 | Erasers          |      8 |   18 | Geometry Box         |            25 |   100 |
|      3 | pencils          |      8 |   18 | Geometry Box         |            25 |   100 |
|      4 | pens             |      8 |   18 | Geometry Box         |            25 |   100 |
|      5 | papers           |      8 |   18 | Geometry Box         |            25 |   100 |
|      6 | sharpners        |      8 |   18 | Geometry Box         |            25 |   100 |
|      7 | Exam pads        |      8 |   18 | Geometry Box         |            25 |   100 |
|      8 | Pencil Box       |      8 |   18 | Geometry Box         |            25 |   100 |
|      9 | Calculators      |      8 |   18 | Geometry Box         |            25 |   100 |
|     10 | Notebooks        |      8 |   18 | Geometry Box         |            25 |   100 |
|     11 | Files            |      8 |   18 | Geometry Box         |            25 |   100 |
|     12 | Folders          |      8 |   18 | Geometry Box         |            25 |   100 |
|     13 | Tools            |      8 |   18 | Geometry Box         |            25 |   100 |
|     14 | scissors         |      8 |   18 | Geometry Box         |            25 |   100 |
|     15 | glue             |      8 |   18 | Geometry Box         |            25 |   100 |
|     16 | Staplers         |      8 |   18 | Geometry Box         |            25 |   100 |
|     17 | Punching machine |      8 |   18 | Geometry Box         |            25 |   100 |
|     18 | Printing Suplies |      8 |   18 | Geometry Box         |            25 |   100 |
|     19 | School Supplies  |      8 |   18 | Geometry Box         |            25 |   100 |
|     20 | Boards & Dusters |      8 |   18 | Geometry Box         |            25 |   100 |
|      1 | colors           |      9 |   19 | Normal Calculator    |            75 |   100 |
|      2 | Erasers          |      9 |   19 | Normal Calculator    |            75 |   100 |
|      3 | pencils          |      9 |   19 | Normal Calculator    |            75 |   100 |
|      4 | pens             |      9 |   19 | Normal Calculator    |            75 |   100 |
|      5 | papers           |      9 |   19 | Normal Calculator    |            75 |   100 |
|      6 | sharpners        |      9 |   19 | Normal Calculator    |            75 |   100 |
|      7 | Exam pads        |      9 |   19 | Normal Calculator    |            75 |   100 |
|      8 | Pencil Box       |      9 |   19 | Normal Calculator    |            75 |   100 |
|      9 | Calculators      |      9 |   19 | Normal Calculator    |            75 |   100 |
|     10 | Notebooks        |      9 |   19 | Normal Calculator    |            75 |   100 |
|     11 | Files            |      9 |   19 | Normal Calculator    |            75 |   100 |
|     12 | Folders          |      9 |   19 | Normal Calculator    |            75 |   100 |
|     13 | Tools            |      9 |   19 | Normal Calculator    |            75 |   100 |
|     14 | scissors         |      9 |   19 | Normal Calculator    |            75 |   100 |
|     15 | glue             |      9 |   19 | Normal Calculator    |            75 |   100 |
|     16 | Staplers         |      9 |   19 | Normal Calculator    |            75 |   100 |
|     17 | Punching machine |      9 |   19 | Normal Calculator    |            75 |   100 |
|     18 | Printing Suplies |      9 |   19 | Normal Calculator    |            75 |   100 |
|     19 | School Supplies  |      9 |   19 | Normal Calculator    |            75 |   100 |
|     20 | Boards & Dusters |      9 |   19 | Normal Calculator    |            75 |   100 |
|      1 | colors           |      9 |   20 | Scintific Calculator |           125 |   100 |
|      2 | Erasers          |      9 |   20 | Scintific Calculator |           125 |   100 |
|      3 | pencils          |      9 |   20 | Scintific Calculator |           125 |   100 |
|      4 | pens             |      9 |   20 | Scintific Calculator |           125 |   100 |
|      5 | papers           |      9 |   20 | Scintific Calculator |           125 |   100 |
|      6 | sharpners        |      9 |   20 | Scintific Calculator |           125 |   100 |
|      7 | Exam pads        |      9 |   20 | Scintific Calculator |           125 |   100 |
|      8 | Pencil Box       |      9 |   20 | Scintific Calculator |           125 |   100 |
|      9 | Calculators      |      9 |   20 | Scintific Calculator |           125 |   100 |
|     10 | Notebooks        |      9 |   20 | Scintific Calculator |           125 |   100 |
|     11 | Files            |      9 |   20 | Scintific Calculator |           125 |   100 |
|     12 | Folders          |      9 |   20 | Scintific Calculator |           125 |   100 |
|     13 | Tools            |      9 |   20 | Scintific Calculator |           125 |   100 |
|     14 | scissors         |      9 |   20 | Scintific Calculator |           125 |   100 |
|     15 | glue             |      9 |   20 | Scintific Calculator |           125 |   100 |
|     16 | Staplers         |      9 |   20 | Scintific Calculator |           125 |   100 |
|     17 | Punching machine |      9 |   20 | Scintific Calculator |           125 |   100 |
|     18 | Printing Suplies |      9 |   20 | Scintific Calculator |           125 |   100 |
|     19 | School Supplies  |      9 |   20 | Scintific Calculator |           125 |   100 |
|     20 | Boards & Dusters |      9 |   20 | Scintific Calculator |           125 |   100 |
|      1 | colors           |     10 |   21 | Spiral Notebook      |            25 |   100 |
|      2 | Erasers          |     10 |   21 | Spiral Notebook      |            25 |   100 |
|      3 | pencils          |     10 |   21 | Spiral Notebook      |            25 |   100 |
|      4 | pens             |     10 |   21 | Spiral Notebook      |            25 |   100 |
|      5 | papers           |     10 |   21 | Spiral Notebook      |            25 |   100 |
|      6 | sharpners        |     10 |   21 | Spiral Notebook      |            25 |   100 |
|      7 | Exam pads        |     10 |   21 | Spiral Notebook      |            25 |   100 |
|      8 | Pencil Box       |     10 |   21 | Spiral Notebook      |            25 |   100 |
|      9 | Calculators      |     10 |   21 | Spiral Notebook      |            25 |   100 |
|     10 | Notebooks        |     10 |   21 | Spiral Notebook      |            25 |   100 |
|     11 | Files            |     10 |   21 | Spiral Notebook      |            25 |   100 |
|     12 | Folders          |     10 |   21 | Spiral Notebook      |            25 |   100 |
|     13 | Tools            |     10 |   21 | Spiral Notebook      |            25 |   100 |
|     14 | scissors         |     10 |   21 | Spiral Notebook      |            25 |   100 |
|     15 | glue             |     10 |   21 | Spiral Notebook      |            25 |   100 |
|     16 | Staplers         |     10 |   21 | Spiral Notebook      |            25 |   100 |
|     17 | Punching machine |     10 |   21 | Spiral Notebook      |            25 |   100 |
|     18 | Printing Suplies |     10 |   21 | Spiral Notebook      |            25 |   100 |
|     19 | School Supplies  |     10 |   21 | Spiral Notebook      |            25 |   100 |
|     20 | Boards & Dusters |     10 |   21 | Spiral Notebook      |            25 |   100 |
|      1 | colors           |     10 |   22 | Composite Notebook   |            35 |   100 |
|      2 | Erasers          |     10 |   22 | Composite Notebook   |            35 |   100 |
|      3 | pencils          |     10 |   22 | Composite Notebook   |            35 |   100 |
|      4 | pens             |     10 |   22 | Composite Notebook   |            35 |   100 |
|      5 | papers           |     10 |   22 | Composite Notebook   |            35 |   100 |
|      6 | sharpners        |     10 |   22 | Composite Notebook   |            35 |   100 |
|      7 | Exam pads        |     10 |   22 | Composite Notebook   |            35 |   100 |
|      8 | Pencil Box       |     10 |   22 | Composite Notebook   |            35 |   100 |
|      9 | Calculators      |     10 |   22 | Composite Notebook   |            35 |   100 |
|     10 | Notebooks        |     10 |   22 | Composite Notebook   |            35 |   100 |
|     11 | Files            |     10 |   22 | Composite Notebook   |            35 |   100 |
|     12 | Folders          |     10 |   22 | Composite Notebook   |            35 |   100 |
|     13 | Tools            |     10 |   22 | Composite Notebook   |            35 |   100 |
|     14 | scissors         |     10 |   22 | Composite Notebook   |            35 |   100 |
|     15 | glue             |     10 |   22 | Composite Notebook   |            35 |   100 |
|     16 | Staplers         |     10 |   22 | Composite Notebook   |            35 |   100 |
|     17 | Punching machine |     10 |   22 | Composite Notebook   |            35 |   100 |
|     18 | Printing Suplies |     10 |   22 | Composite Notebook   |            35 |   100 |
|     19 | School Supplies  |     10 |   22 | Composite Notebook   |            35 |   100 |
|     20 | Boards & Dusters |     10 |   22 | Composite Notebook   |            35 |   100 |
|      1 | colors           |     11 |   23 | officefiles          |            25 |   100 |
|      2 | Erasers          |     11 |   23 | officefiles          |            25 |   100 |
|      3 | pencils          |     11 |   23 | officefiles          |            25 |   100 |
|      4 | pens             |     11 |   23 | officefiles          |            25 |   100 |
|      5 | papers           |     11 |   23 | officefiles          |            25 |   100 |
|      6 | sharpners        |     11 |   23 | officefiles          |            25 |   100 |
|      7 | Exam pads        |     11 |   23 | officefiles          |            25 |   100 |
|      8 | Pencil Box       |     11 |   23 | officefiles          |            25 |   100 |
|      9 | Calculators      |     11 |   23 | officefiles          |            25 |   100 |
|     10 | Notebooks        |     11 |   23 | officefiles          |            25 |   100 |
|     11 | Files            |     11 |   23 | officefiles          |            25 |   100 |
|     12 | Folders          |     11 |   23 | officefiles          |            25 |   100 |
|     13 | Tools            |     11 |   23 | officefiles          |            25 |   100 |
|     14 | scissors         |     11 |   23 | officefiles          |            25 |   100 |
|     15 | glue             |     11 |   23 | officefiles          |            25 |   100 |
|     16 | Staplers         |     11 |   23 | officefiles          |            25 |   100 |
|     17 | Punching machine |     11 |   23 | officefiles          |            25 |   100 |
|     18 | Printing Suplies |     11 |   23 | officefiles          |            25 |   100 |
|     19 | School Supplies  |     11 |   23 | officefiles          |            25 |   100 |
|     20 | Boards & Dusters |     11 |   23 | officefiles          |            25 |   100 |
|      1 | colors           |     11 |   24 | Boxfiles             |            45 |   100 |
|      2 | Erasers          |     11 |   24 | Boxfiles             |            45 |   100 |
|      3 | pencils          |     11 |   24 | Boxfiles             |            45 |   100 |
|      4 | pens             |     11 |   24 | Boxfiles             |            45 |   100 |
|      5 | papers           |     11 |   24 | Boxfiles             |            45 |   100 |
|      6 | sharpners        |     11 |   24 | Boxfiles             |            45 |   100 |
|      7 | Exam pads        |     11 |   24 | Boxfiles             |            45 |   100 |
|      8 | Pencil Box       |     11 |   24 | Boxfiles             |            45 |   100 |
|      9 | Calculators      |     11 |   24 | Boxfiles             |            45 |   100 |
|     10 | Notebooks        |     11 |   24 | Boxfiles             |            45 |   100 |
|     11 | Files            |     11 |   24 | Boxfiles             |            45 |   100 |
|     12 | Folders          |     11 |   24 | Boxfiles             |            45 |   100 |
|     13 | Tools            |     11 |   24 | Boxfiles             |            45 |   100 |
|     14 | scissors         |     11 |   24 | Boxfiles             |            45 |   100 |
|     15 | glue             |     11 |   24 | Boxfiles             |            45 |   100 |
|     16 | Staplers         |     11 |   24 | Boxfiles             |            45 |   100 |
|     17 | Punching machine |     11 |   24 | Boxfiles             |            45 |   100 |
|     18 | Printing Suplies |     11 |   24 | Boxfiles             |            45 |   100 |
|     19 | School Supplies  |     11 |   24 | Boxfiles             |            45 |   100 |
|     20 | Boards & Dusters |     11 |   24 | Boxfiles             |            45 |   100 |
|      1 | colors           |     12 |   25 | Expandable folder    |            55 |   100 |
|      2 | Erasers          |     12 |   25 | Expandable folder    |            55 |   100 |
|      3 | pencils          |     12 |   25 | Expandable folder    |            55 |   100 |
|      4 | pens             |     12 |   25 | Expandable folder    |            55 |   100 |
|      5 | papers           |     12 |   25 | Expandable folder    |            55 |   100 |
|      6 | sharpners        |     12 |   25 | Expandable folder    |            55 |   100 |
|      7 | Exam pads        |     12 |   25 | Expandable folder    |            55 |   100 |
|      8 | Pencil Box       |     12 |   25 | Expandable folder    |            55 |   100 |
|      9 | Calculators      |     12 |   25 | Expandable folder    |            55 |   100 |
|     10 | Notebooks        |     12 |   25 | Expandable folder    |            55 |   100 |
|     11 | Files            |     12 |   25 | Expandable folder    |            55 |   100 |
|     12 | Folders          |     12 |   25 | Expandable folder    |            55 |   100 |
|     13 | Tools            |     12 |   25 | Expandable folder    |            55 |   100 |
|     14 | scissors         |     12 |   25 | Expandable folder    |            55 |   100 |
|     15 | glue             |     12 |   25 | Expandable folder    |            55 |   100 |
|     16 | Staplers         |     12 |   25 | Expandable folder    |            55 |   100 |
|     17 | Punching machine |     12 |   25 | Expandable folder    |            55 |   100 |
|     18 | Printing Suplies |     12 |   25 | Expandable folder    |            55 |   100 |
|     19 | School Supplies  |     12 |   25 | Expandable folder    |            55 |   100 |
|     20 | Boards & Dusters |     12 |   25 | Expandable folder    |            55 |   100 |
|      1 | colors           |     12 |   26 | Leather Folder       |            75 |   100 |
|      2 | Erasers          |     12 |   26 | Leather Folder       |            75 |   100 |
|      3 | pencils          |     12 |   26 | Leather Folder       |            75 |   100 |
|      4 | pens             |     12 |   26 | Leather Folder       |            75 |   100 |
|      5 | papers           |     12 |   26 | Leather Folder       |            75 |   100 |
|      6 | sharpners        |     12 |   26 | Leather Folder       |            75 |   100 |
|      7 | Exam pads        |     12 |   26 | Leather Folder       |            75 |   100 |
|      8 | Pencil Box       |     12 |   26 | Leather Folder       |            75 |   100 |
|      9 | Calculators      |     12 |   26 | Leather Folder       |            75 |   100 |
|     10 | Notebooks        |     12 |   26 | Leather Folder       |            75 |   100 |
|     11 | Files            |     12 |   26 | Leather Folder       |            75 |   100 |
|     12 | Folders          |     12 |   26 | Leather Folder       |            75 |   100 |
|     13 | Tools            |     12 |   26 | Leather Folder       |            75 |   100 |
|     14 | scissors         |     12 |   26 | Leather Folder       |            75 |   100 |
|     15 | glue             |     12 |   26 | Leather Folder       |            75 |   100 |
|     16 | Staplers         |     12 |   26 | Leather Folder       |            75 |   100 |
|     17 | Punching machine |     12 |   26 | Leather Folder       |            75 |   100 |
|     18 | Printing Suplies |     12 |   26 | Leather Folder       |            75 |   100 |
|     19 | School Supplies  |     12 |   26 | Leather Folder       |            75 |   100 |
|     20 | Boards & Dusters |     12 |   26 | Leather Folder       |            75 |   100 |
|      1 | colors           |     13 |   27 | Compass              |            25 |   100 |
|      2 | Erasers          |     13 |   27 | Compass              |            25 |   100 |
|      3 | pencils          |     13 |   27 | Compass              |            25 |   100 |
|      4 | pens             |     13 |   27 | Compass              |            25 |   100 |
|      5 | papers           |     13 |   27 | Compass              |            25 |   100 |
|      6 | sharpners        |     13 |   27 | Compass              |            25 |   100 |
|      7 | Exam pads        |     13 |   27 | Compass              |            25 |   100 |
|      8 | Pencil Box       |     13 |   27 | Compass              |            25 |   100 |
|      9 | Calculators      |     13 |   27 | Compass              |            25 |   100 |
|     10 | Notebooks        |     13 |   27 | Compass              |            25 |   100 |
|     11 | Files            |     13 |   27 | Compass              |            25 |   100 |
|     12 | Folders          |     13 |   27 | Compass              |            25 |   100 |
|     13 | Tools            |     13 |   27 | Compass              |            25 |   100 |
|     14 | scissors         |     13 |   27 | Compass              |            25 |   100 |
|     15 | glue             |     13 |   27 | Compass              |            25 |   100 |
|     16 | Staplers         |     13 |   27 | Compass              |            25 |   100 |
|     17 | Punching machine |     13 |   27 | Compass              |            25 |   100 |
|     18 | Printing Suplies |     13 |   27 | Compass              |            25 |   100 |
|     19 | School Supplies  |     13 |   27 | Compass              |            25 |   100 |
|     20 | Boards & Dusters |     13 |   27 | Compass              |            25 |   100 |
|      1 | colors           |     13 |   28 | Divider              |            15 |   100 |
|      2 | Erasers          |     13 |   28 | Divider              |            15 |   100 |
|      3 | pencils          |     13 |   28 | Divider              |            15 |   100 |
|      4 | pens             |     13 |   28 | Divider              |            15 |   100 |
|      5 | papers           |     13 |   28 | Divider              |            15 |   100 |
|      6 | sharpners        |     13 |   28 | Divider              |            15 |   100 |
|      7 | Exam pads        |     13 |   28 | Divider              |            15 |   100 |
|      8 | Pencil Box       |     13 |   28 | Divider              |            15 |   100 |
|      9 | Calculators      |     13 |   28 | Divider              |            15 |   100 |
|     10 | Notebooks        |     13 |   28 | Divider              |            15 |   100 |
|     11 | Files            |     13 |   28 | Divider              |            15 |   100 |
|     12 | Folders          |     13 |   28 | Divider              |            15 |   100 |
|     13 | Tools            |     13 |   28 | Divider              |            15 |   100 |
|     14 | scissors         |     13 |   28 | Divider              |            15 |   100 |
|     15 | glue             |     13 |   28 | Divider              |            15 |   100 |
|     16 | Staplers         |     13 |   28 | Divider              |            15 |   100 |
|     17 | Punching machine |     13 |   28 | Divider              |            15 |   100 |
|     18 | Printing Suplies |     13 |   28 | Divider              |            15 |   100 |
|     19 | School Supplies  |     13 |   28 | Divider              |            15 |   100 |
|     20 | Boards & Dusters |     13 |   28 | Divider              |            15 |   100 |
|      1 | colors           |     14 |   29 | paper Scissor        |            25 |   100 |
|      2 | Erasers          |     14 |   29 | paper Scissor        |            25 |   100 |
|      3 | pencils          |     14 |   29 | paper Scissor        |            25 |   100 |
|      4 | pens             |     14 |   29 | paper Scissor        |            25 |   100 |
|      5 | papers           |     14 |   29 | paper Scissor        |            25 |   100 |
|      6 | sharpners        |     14 |   29 | paper Scissor        |            25 |   100 |
|      7 | Exam pads        |     14 |   29 | paper Scissor        |            25 |   100 |
|      8 | Pencil Box       |     14 |   29 | paper Scissor        |            25 |   100 |
|      9 | Calculators      |     14 |   29 | paper Scissor        |            25 |   100 |
|     10 | Notebooks        |     14 |   29 | paper Scissor        |            25 |   100 |
|     11 | Files            |     14 |   29 | paper Scissor        |            25 |   100 |
|     12 | Folders          |     14 |   29 | paper Scissor        |            25 |   100 |
|     13 | Tools            |     14 |   29 | paper Scissor        |            25 |   100 |
|     14 | scissors         |     14 |   29 | paper Scissor        |            25 |   100 |
|     15 | glue             |     14 |   29 | paper Scissor        |            25 |   100 |
|     16 | Staplers         |     14 |   29 | paper Scissor        |            25 |   100 |
|     17 | Punching machine |     14 |   29 | paper Scissor        |            25 |   100 |
|     18 | Printing Suplies |     14 |   29 | paper Scissor        |            25 |   100 |
|     19 | School Supplies  |     14 |   29 | paper Scissor        |            25 |   100 |
|     20 | Boards & Dusters |     14 |   29 | paper Scissor        |            25 |   100 |
|      1 | colors           |     14 |   30 | Clothe Scissor       |            35 |   100 |
|      2 | Erasers          |     14 |   30 | Clothe Scissor       |            35 |   100 |
|      3 | pencils          |     14 |   30 | Clothe Scissor       |            35 |   100 |
|      4 | pens             |     14 |   30 | Clothe Scissor       |            35 |   100 |
|      5 | papers           |     14 |   30 | Clothe Scissor       |            35 |   100 |
|      6 | sharpners        |     14 |   30 | Clothe Scissor       |            35 |   100 |
|      7 | Exam pads        |     14 |   30 | Clothe Scissor       |            35 |   100 |
|      8 | Pencil Box       |     14 |   30 | Clothe Scissor       |            35 |   100 |
|      9 | Calculators      |     14 |   30 | Clothe Scissor       |            35 |   100 |
|     10 | Notebooks        |     14 |   30 | Clothe Scissor       |            35 |   100 |
|     11 | Files            |     14 |   30 | Clothe Scissor       |            35 |   100 |
|     12 | Folders          |     14 |   30 | Clothe Scissor       |            35 |   100 |
|     13 | Tools            |     14 |   30 | Clothe Scissor       |            35 |   100 |
|     14 | scissors         |     14 |   30 | Clothe Scissor       |            35 |   100 |
|     15 | glue             |     14 |   30 | Clothe Scissor       |            35 |   100 |
|     16 | Staplers         |     14 |   30 | Clothe Scissor       |            35 |   100 |
|     17 | Punching machine |     14 |   30 | Clothe Scissor       |            35 |   100 |
|     18 | Printing Suplies |     14 |   30 | Clothe Scissor       |            35 |   100 |
|     19 | School Supplies  |     14 |   30 | Clothe Scissor       |            35 |   100 |
|     20 | Boards & Dusters |     14 |   30 | Clothe Scissor       |            35 |   100 |
|      1 | colors           |     15 |   31 | Fevicol              |            15 |   100 |
|      2 | Erasers          |     15 |   31 | Fevicol              |            15 |   100 |
|      3 | pencils          |     15 |   31 | Fevicol              |            15 |   100 |
|      4 | pens             |     15 |   31 | Fevicol              |            15 |   100 |
|      5 | papers           |     15 |   31 | Fevicol              |            15 |   100 |
|      6 | sharpners        |     15 |   31 | Fevicol              |            15 |   100 |
|      7 | Exam pads        |     15 |   31 | Fevicol              |            15 |   100 |
|      8 | Pencil Box       |     15 |   31 | Fevicol              |            15 |   100 |
|      9 | Calculators      |     15 |   31 | Fevicol              |            15 |   100 |
|     10 | Notebooks        |     15 |   31 | Fevicol              |            15 |   100 |
|     11 | Files            |     15 |   31 | Fevicol              |            15 |   100 |
|     12 | Folders          |     15 |   31 | Fevicol              |            15 |   100 |
|     13 | Tools            |     15 |   31 | Fevicol              |            15 |   100 |
|     14 | scissors         |     15 |   31 | Fevicol              |            15 |   100 |
|     15 | glue             |     15 |   31 | Fevicol              |            15 |   100 |
|     16 | Staplers         |     15 |   31 | Fevicol              |            15 |   100 |
|     17 | Punching machine |     15 |   31 | Fevicol              |            15 |   100 |
|     18 | Printing Suplies |     15 |   31 | Fevicol              |            15 |   100 |
|     19 | School Supplies  |     15 |   31 | Fevicol              |            15 |   100 |
|     20 | Boards & Dusters |     15 |   31 | Fevicol              |            15 |   100 |
|      1 | colors           |     15 |   32 | Hot Glue             |            25 |   100 |
|      2 | Erasers          |     15 |   32 | Hot Glue             |            25 |   100 |
|      3 | pencils          |     15 |   32 | Hot Glue             |            25 |   100 |
|      4 | pens             |     15 |   32 | Hot Glue             |            25 |   100 |
|      5 | papers           |     15 |   32 | Hot Glue             |            25 |   100 |
|      6 | sharpners        |     15 |   32 | Hot Glue             |            25 |   100 |
|      7 | Exam pads        |     15 |   32 | Hot Glue             |            25 |   100 |
|      8 | Pencil Box       |     15 |   32 | Hot Glue             |            25 |   100 |
|      9 | Calculators      |     15 |   32 | Hot Glue             |            25 |   100 |
|     10 | Notebooks        |     15 |   32 | Hot Glue             |            25 |   100 |
|     11 | Files            |     15 |   32 | Hot Glue             |            25 |   100 |
|     12 | Folders          |     15 |   32 | Hot Glue             |            25 |   100 |
|     13 | Tools            |     15 |   32 | Hot Glue             |            25 |   100 |
|     14 | scissors         |     15 |   32 | Hot Glue             |            25 |   100 |
|     15 | glue             |     15 |   32 | Hot Glue             |            25 |   100 |
|     16 | Staplers         |     15 |   32 | Hot Glue             |            25 |   100 |
|     17 | Punching machine |     15 |   32 | Hot Glue             |            25 |   100 |
|     18 | Printing Suplies |     15 |   32 | Hot Glue             |            25 |   100 |
|     19 | School Supplies  |     15 |   32 | Hot Glue             |            25 |   100 |
|     20 | Boards & Dusters |     15 |   32 | Hot Glue             |            25 |   100 |
|      1 | colors           |     16 |   33 | stapler-Big          |            55 |   100 |
|      2 | Erasers          |     16 |   33 | stapler-Big          |            55 |   100 |
|      3 | pencils          |     16 |   33 | stapler-Big          |            55 |   100 |
|      4 | pens             |     16 |   33 | stapler-Big          |            55 |   100 |
|      5 | papers           |     16 |   33 | stapler-Big          |            55 |   100 |
|      6 | sharpners        |     16 |   33 | stapler-Big          |            55 |   100 |
|      7 | Exam pads        |     16 |   33 | stapler-Big          |            55 |   100 |
|      8 | Pencil Box       |     16 |   33 | stapler-Big          |            55 |   100 |
|      9 | Calculators      |     16 |   33 | stapler-Big          |            55 |   100 |
|     10 | Notebooks        |     16 |   33 | stapler-Big          |            55 |   100 |
|     11 | Files            |     16 |   33 | stapler-Big          |            55 |   100 |
|     12 | Folders          |     16 |   33 | stapler-Big          |            55 |   100 |
|     13 | Tools            |     16 |   33 | stapler-Big          |            55 |   100 |
|     14 | scissors         |     16 |   33 | stapler-Big          |            55 |   100 |
|     15 | glue             |     16 |   33 | stapler-Big          |            55 |   100 |
|     16 | Staplers         |     16 |   33 | stapler-Big          |            55 |   100 |
|     17 | Punching machine |     16 |   33 | stapler-Big          |            55 |   100 |
|     18 | Printing Suplies |     16 |   33 | stapler-Big          |            55 |   100 |
|     19 | School Supplies  |     16 |   33 | stapler-Big          |            55 |   100 |
|     20 | Boards & Dusters |     16 |   33 | stapler-Big          |            55 |   100 |
|      1 | colors           |     16 |   34 | Stapler-small        |            25 |   100 |
|      2 | Erasers          |     16 |   34 | Stapler-small        |            25 |   100 |
|      3 | pencils          |     16 |   34 | Stapler-small        |            25 |   100 |
|      4 | pens             |     16 |   34 | Stapler-small        |            25 |   100 |
|      5 | papers           |     16 |   34 | Stapler-small        |            25 |   100 |
|      6 | sharpners        |     16 |   34 | Stapler-small        |            25 |   100 |
|      7 | Exam pads        |     16 |   34 | Stapler-small        |            25 |   100 |
|      8 | Pencil Box       |     16 |   34 | Stapler-small        |            25 |   100 |
|      9 | Calculators      |     16 |   34 | Stapler-small        |            25 |   100 |
|     10 | Notebooks        |     16 |   34 | Stapler-small        |            25 |   100 |
|     11 | Files            |     16 |   34 | Stapler-small        |            25 |   100 |
|     12 | Folders          |     16 |   34 | Stapler-small        |            25 |   100 |
|     13 | Tools            |     16 |   34 | Stapler-small        |            25 |   100 |
|     14 | scissors         |     16 |   34 | Stapler-small        |            25 |   100 |
|     15 | glue             |     16 |   34 | Stapler-small        |            25 |   100 |
|     16 | Staplers         |     16 |   34 | Stapler-small        |            25 |   100 |
|     17 | Punching machine |     16 |   34 | Stapler-small        |            25 |   100 |
|     18 | Printing Suplies |     16 |   34 | Stapler-small        |            25 |   100 |
|     19 | School Supplies  |     16 |   34 | Stapler-small        |            25 |   100 |
|     20 | Boards & Dusters |     16 |   34 | Stapler-small        |            25 |   100 |
|      1 | colors           |     17 |   35 | Small Punching       |            25 |   100 |
|      2 | Erasers          |     17 |   35 | Small Punching       |            25 |   100 |
|      3 | pencils          |     17 |   35 | Small Punching       |            25 |   100 |
|      4 | pens             |     17 |   35 | Small Punching       |            25 |   100 |
|      5 | papers           |     17 |   35 | Small Punching       |            25 |   100 |
|      6 | sharpners        |     17 |   35 | Small Punching       |            25 |   100 |
|      7 | Exam pads        |     17 |   35 | Small Punching       |            25 |   100 |
|      8 | Pencil Box       |     17 |   35 | Small Punching       |            25 |   100 |
|      9 | Calculators      |     17 |   35 | Small Punching       |            25 |   100 |
|     10 | Notebooks        |     17 |   35 | Small Punching       |            25 |   100 |
|     11 | Files            |     17 |   35 | Small Punching       |            25 |   100 |
|     12 | Folders          |     17 |   35 | Small Punching       |            25 |   100 |
|     13 | Tools            |     17 |   35 | Small Punching       |            25 |   100 |
|     14 | scissors         |     17 |   35 | Small Punching       |            25 |   100 |
|     15 | glue             |     17 |   35 | Small Punching       |            25 |   100 |
|     16 | Staplers         |     17 |   35 | Small Punching       |            25 |   100 |
|     17 | Punching machine |     17 |   35 | Small Punching       |            25 |   100 |
|     18 | Printing Suplies |     17 |   35 | Small Punching       |            25 |   100 |
|     19 | School Supplies  |     17 |   35 | Small Punching       |            25 |   100 |
|     20 | Boards & Dusters |     17 |   35 | Small Punching       |            25 |   100 |
|      1 | colors           |     17 |   36 | Big Punching         |            75 |   100 |
|      2 | Erasers          |     17 |   36 | Big Punching         |            75 |   100 |
|      3 | pencils          |     17 |   36 | Big Punching         |            75 |   100 |
|      4 | pens             |     17 |   36 | Big Punching         |            75 |   100 |
|      5 | papers           |     17 |   36 | Big Punching         |            75 |   100 |
|      6 | sharpners        |     17 |   36 | Big Punching         |            75 |   100 |
|      7 | Exam pads        |     17 |   36 | Big Punching         |            75 |   100 |
|      8 | Pencil Box       |     17 |   36 | Big Punching         |            75 |   100 |
|      9 | Calculators      |     17 |   36 | Big Punching         |            75 |   100 |
|     10 | Notebooks        |     17 |   36 | Big Punching         |            75 |   100 |
|     11 | Files            |     17 |   36 | Big Punching         |            75 |   100 |
|     12 | Folders          |     17 |   36 | Big Punching         |            75 |   100 |
|     13 | Tools            |     17 |   36 | Big Punching         |            75 |   100 |
|     14 | scissors         |     17 |   36 | Big Punching         |            75 |   100 |
|     15 | glue             |     17 |   36 | Big Punching         |            75 |   100 |
|     16 | Staplers         |     17 |   36 | Big Punching         |            75 |   100 |
|     17 | Punching machine |     17 |   36 | Big Punching         |            75 |   100 |
|     18 | Printing Suplies |     17 |   36 | Big Punching         |            75 |   100 |
|     19 | School Supplies  |     17 |   36 | Big Punching         |            75 |   100 |
|     20 | Boards & Dusters |     17 |   36 | Big Punching         |            75 |   100 |
|      1 | colors           |     18 |   37 | Papers               |            25 |   100 |
|      2 | Erasers          |     18 |   37 | Papers               |            25 |   100 |
|      3 | pencils          |     18 |   37 | Papers               |            25 |   100 |
|      4 | pens             |     18 |   37 | Papers               |            25 |   100 |
|      5 | papers           |     18 |   37 | Papers               |            25 |   100 |
|      6 | sharpners        |     18 |   37 | Papers               |            25 |   100 |
|      7 | Exam pads        |     18 |   37 | Papers               |            25 |   100 |
|      8 | Pencil Box       |     18 |   37 | Papers               |            25 |   100 |
|      9 | Calculators      |     18 |   37 | Papers               |            25 |   100 |
|     10 | Notebooks        |     18 |   37 | Papers               |            25 |   100 |
|     11 | Files            |     18 |   37 | Papers               |            25 |   100 |
|     12 | Folders          |     18 |   37 | Papers               |            25 |   100 |
|     13 | Tools            |     18 |   37 | Papers               |            25 |   100 |
|     14 | scissors         |     18 |   37 | Papers               |            25 |   100 |
|     15 | glue             |     18 |   37 | Papers               |            25 |   100 |
|     16 | Staplers         |     18 |   37 | Papers               |            25 |   100 |
|     17 | Punching machine |     18 |   37 | Papers               |            25 |   100 |
|     18 | Printing Suplies |     18 |   37 | Papers               |            25 |   100 |
|     19 | School Supplies  |     18 |   37 | Papers               |            25 |   100 |
|     20 | Boards & Dusters |     18 |   37 | Papers               |            25 |   100 |
|      1 | colors           |     18 |   38 | Ink                  |            45 |   100 |
|      2 | Erasers          |     18 |   38 | Ink                  |            45 |   100 |
|      3 | pencils          |     18 |   38 | Ink                  |            45 |   100 |
|      4 | pens             |     18 |   38 | Ink                  |            45 |   100 |
|      5 | papers           |     18 |   38 | Ink                  |            45 |   100 |
|      6 | sharpners        |     18 |   38 | Ink                  |            45 |   100 |
|      7 | Exam pads        |     18 |   38 | Ink                  |            45 |   100 |
|      8 | Pencil Box       |     18 |   38 | Ink                  |            45 |   100 |
|      9 | Calculators      |     18 |   38 | Ink                  |            45 |   100 |
|     10 | Notebooks        |     18 |   38 | Ink                  |            45 |   100 |
|     11 | Files            |     18 |   38 | Ink                  |            45 |   100 |
|     12 | Folders          |     18 |   38 | Ink                  |            45 |   100 |
|     13 | Tools            |     18 |   38 | Ink                  |            45 |   100 |
|     14 | scissors         |     18 |   38 | Ink                  |            45 |   100 |
|     15 | glue             |     18 |   38 | Ink                  |            45 |   100 |
|     16 | Staplers         |     18 |   38 | Ink                  |            45 |   100 |
|     17 | Punching machine |     18 |   38 | Ink                  |            45 |   100 |
|     18 | Printing Suplies |     18 |   38 | Ink                  |            45 |   100 |
|     19 | School Supplies  |     18 |   38 | Ink                  |            45 |   100 |
|     20 | Boards & Dusters |     18 |   38 | Ink                  |            45 |   100 |
|      1 | colors           |     19 |   39 | School Bag           |           125 |   100 |
|      2 | Erasers          |     19 |   39 | School Bag           |           125 |   100 |
|      3 | pencils          |     19 |   39 | School Bag           |           125 |   100 |
|      4 | pens             |     19 |   39 | School Bag           |           125 |   100 |
|      5 | papers           |     19 |   39 | School Bag           |           125 |   100 |
|      6 | sharpners        |     19 |   39 | School Bag           |           125 |   100 |
|      7 | Exam pads        |     19 |   39 | School Bag           |           125 |   100 |
|      8 | Pencil Box       |     19 |   39 | School Bag           |           125 |   100 |
|      9 | Calculators      |     19 |   39 | School Bag           |           125 |   100 |
|     10 | Notebooks        |     19 |   39 | School Bag           |           125 |   100 |
|     11 | Files            |     19 |   39 | School Bag           |           125 |   100 |
|     12 | Folders          |     19 |   39 | School Bag           |           125 |   100 |
|     13 | Tools            |     19 |   39 | School Bag           |           125 |   100 |
|     14 | scissors         |     19 |   39 | School Bag           |           125 |   100 |
|     15 | glue             |     19 |   39 | School Bag           |           125 |   100 |
|     16 | Staplers         |     19 |   39 | School Bag           |           125 |   100 |
|     17 | Punching machine |     19 |   39 | School Bag           |           125 |   100 |
|     18 | Printing Suplies |     19 |   39 | School Bag           |           125 |   100 |
|     19 | School Supplies  |     19 |   39 | School Bag           |           125 |   100 |
|     20 | Boards & Dusters |     19 |   39 | School Bag           |           125 |   100 |
|      1 | colors           |     19 |   40 | School Bottle        |            35 |   100 |
|      2 | Erasers          |     19 |   40 | School Bottle        |            35 |   100 |
|      3 | pencils          |     19 |   40 | School Bottle        |            35 |   100 |
|      4 | pens             |     19 |   40 | School Bottle        |            35 |   100 |
|      5 | papers           |     19 |   40 | School Bottle        |            35 |   100 |
|      6 | sharpners        |     19 |   40 | School Bottle        |            35 |   100 |
|      7 | Exam pads        |     19 |   40 | School Bottle        |            35 |   100 |
|      8 | Pencil Box       |     19 |   40 | School Bottle        |            35 |   100 |
|      9 | Calculators      |     19 |   40 | School Bottle        |            35 |   100 |
|     10 | Notebooks        |     19 |   40 | School Bottle        |            35 |   100 |
|     11 | Files            |     19 |   40 | School Bottle        |            35 |   100 |
|     12 | Folders          |     19 |   40 | School Bottle        |            35 |   100 |
|     13 | Tools            |     19 |   40 | School Bottle        |            35 |   100 |
|     14 | scissors         |     19 |   40 | School Bottle        |            35 |   100 |
|     15 | glue             |     19 |   40 | School Bottle        |            35 |   100 |
|     16 | Staplers         |     19 |   40 | School Bottle        |            35 |   100 |
|     17 | Punching machine |     19 |   40 | School Bottle        |            35 |   100 |
|     18 | Printing Suplies |     19 |   40 | School Bottle        |            35 |   100 |
|     19 | School Supplies  |     19 |   40 | School Bottle        |            35 |   100 |
|     20 | Boards & Dusters |     19 |   40 | School Bottle        |            35 |   100 |
|      1 | colors           |     20 |   41 | White Board+duster   |           125 |   100 |
|      2 | Erasers          |     20 |   41 | White Board+duster   |           125 |   100 |
|      3 | pencils          |     20 |   41 | White Board+duster   |           125 |   100 |
|      4 | pens             |     20 |   41 | White Board+duster   |           125 |   100 |
|      5 | papers           |     20 |   41 | White Board+duster   |           125 |   100 |
|      6 | sharpners        |     20 |   41 | White Board+duster   |           125 |   100 |
|      7 | Exam pads        |     20 |   41 | White Board+duster   |           125 |   100 |
|      8 | Pencil Box       |     20 |   41 | White Board+duster   |           125 |   100 |
|      9 | Calculators      |     20 |   41 | White Board+duster   |           125 |   100 |
|     10 | Notebooks        |     20 |   41 | White Board+duster   |           125 |   100 |
|     11 | Files            |     20 |   41 | White Board+duster   |           125 |   100 |
|     12 | Folders          |     20 |   41 | White Board+duster   |           125 |   100 |
|     13 | Tools            |     20 |   41 | White Board+duster   |           125 |   100 |
|     14 | scissors         |     20 |   41 | White Board+duster   |           125 |   100 |
|     15 | glue             |     20 |   41 | White Board+duster   |           125 |   100 |
|     16 | Staplers         |     20 |   41 | White Board+duster   |           125 |   100 |
|     17 | Punching machine |     20 |   41 | White Board+duster   |           125 |   100 |
|     18 | Printing Suplies |     20 |   41 | White Board+duster   |           125 |   100 |
|     19 | School Supplies  |     20 |   41 | White Board+duster   |           125 |   100 |
|     20 | Boards & Dusters |     20 |   41 | White Board+duster   |           125 |   100 |
|      1 | colors           |     20 |   42 | Black Board+duster   |           100 |   100 |
|      2 | Erasers          |     20 |   42 | Black Board+duster   |           100 |   100 |
|      3 | pencils          |     20 |   42 | Black Board+duster   |           100 |   100 |
|      4 | pens             |     20 |   42 | Black Board+duster   |           100 |   100 |
|      5 | papers           |     20 |   42 | Black Board+duster   |           100 |   100 |
|      6 | sharpners        |     20 |   42 | Black Board+duster   |           100 |   100 |
|      7 | Exam pads        |     20 |   42 | Black Board+duster   |           100 |   100 |
|      8 | Pencil Box       |     20 |   42 | Black Board+duster   |           100 |   100 |
|      9 | Calculators      |     20 |   42 | Black Board+duster   |           100 |   100 |
|     10 | Notebooks        |     20 |   42 | Black Board+duster   |           100 |   100 |
|     11 | Files            |     20 |   42 | Black Board+duster   |           100 |   100 |
|     12 | Folders          |     20 |   42 | Black Board+duster   |           100 |   100 |
|     13 | Tools            |     20 |   42 | Black Board+duster   |           100 |   100 |
|     14 | scissors         |     20 |   42 | Black Board+duster   |           100 |   100 |
|     15 | glue             |     20 |   42 | Black Board+duster   |           100 |   100 |
|     16 | Staplers         |     20 |   42 | Black Board+duster   |           100 |   100 |
|     17 | Punching machine |     20 |   42 | Black Board+duster   |           100 |   100 |
|     18 | Printing Suplies |     20 |   42 | Black Board+duster   |           100 |   100 |
|     19 | School Supplies  |     20 |   42 | Black Board+duster   |           100 |   100 |
|     20 | Boards & Dusters |     20 |   42 | Black Board+duster   |           100 |   100 |
+--------+------------------+--------+------+----------------------+---------------+-------+
840 rows in set (0.00 sec)

mysql> select * from category,product where category.cat_no=product.cat_no;
ERROR 1054 (42S22): Unknown column 'category.cat_no' in 'where clause'
mysql> select * from category,product where category.cat_id=product.cat_no;
+--------+------------------+--------+------+----------------------+---------------+-------+
| cat_id | cat_name         | cat_no | p_id | p_name               | product_price | stock |
+--------+------------------+--------+------+----------------------+---------------+-------+
|      1 | colors           |      1 |    1 | Crayons              |            25 |   100 |
|      1 | colors           |      1 |    2 | Water Colors         |            45 |    50 |
|      1 | colors           |      1 |    3 | Pencil Colors        |            35 |   100 |
|      2 | Erasers          |      2 |    4 | big Eraser           |            10 |   100 |
|      2 | Erasers          |      2 |    5 | small Eraser         |             5 |   100 |
|      3 | pencils          |      3 |    6 | H-Pencil             |             5 |   100 |
|      3 | pencils          |      3 |    7 | 2H-Pencil            |             3 |   100 |
|      4 | pens             |      4 |    8 | Gel Pen              |            15 |   100 |
|      4 | pens             |      4 |    9 | Ball pen             |            10 |   100 |
|      4 | pens             |      4 |   10 | Ink pen              |            20 |   100 |
|      5 | papers           |      5 |   11 | Normal Paper         |            25 |   100 |
|      5 | papers           |      5 |   12 | Graph Paper          |            15 |   100 |
|      6 | sharpners        |      6 |   13 | Dust Sharpner        |            15 |   100 |
|      6 | sharpners        |      6 |   14 | Non-Dust Sharpner    |            10 |   100 |
|      7 | Exam pads        |      7 |   15 | Transparent          |            55 |   100 |
|      7 | Exam pads        |      7 |   16 | Non-Transparent      |            65 |   100 |
|      8 | Pencil Box       |      8 |   17 | Pouch                |            15 |   100 |
|      8 | Pencil Box       |      8 |   18 | Geometry Box         |            25 |   100 |
|      9 | Calculators      |      9 |   19 | Normal Calculator    |            75 |   100 |
|      9 | Calculators      |      9 |   20 | Scintific Calculator |           125 |   100 |
|     10 | Notebooks        |     10 |   21 | Spiral Notebook      |            25 |   100 |
|     10 | Notebooks        |     10 |   22 | Composite Notebook   |            35 |   100 |
|     11 | Files            |     11 |   23 | officefiles          |            25 |   100 |
|     11 | Files            |     11 |   24 | Boxfiles             |            45 |   100 |
|     12 | Folders          |     12 |   25 | Expandable folder    |            55 |   100 |
|     12 | Folders          |     12 |   26 | Leather Folder       |            75 |   100 |
|     13 | Tools            |     13 |   27 | Compass              |            25 |   100 |
|     13 | Tools            |     13 |   28 | Divider              |            15 |   100 |
|     14 | scissors         |     14 |   29 | paper Scissor        |            25 |   100 |
|     14 | scissors         |     14 |   30 | Clothe Scissor       |            35 |   100 |
|     15 | glue             |     15 |   31 | Fevicol              |            15 |   100 |
|     15 | glue             |     15 |   32 | Hot Glue             |            25 |   100 |
|     16 | Staplers         |     16 |   33 | stapler-Big          |            55 |   100 |
|     16 | Staplers         |     16 |   34 | Stapler-small        |            25 |   100 |
|     17 | Punching machine |     17 |   35 | Small Punching       |            25 |   100 |
|     17 | Punching machine |     17 |   36 | Big Punching         |            75 |   100 |
|     18 | Printing Suplies |     18 |   37 | Papers               |            25 |   100 |
|     18 | Printing Suplies |     18 |   38 | Ink                  |            45 |   100 |
|     19 | School Supplies  |     19 |   39 | School Bag           |           125 |   100 |
|     19 | School Supplies  |     19 |   40 | School Bottle        |            35 |   100 |
|     20 | Boards & Dusters |     20 |   41 | White Board+duster   |           125 |   100 |
|     20 | Boards & Dusters |     20 |   42 | Black Board+duster   |           100 |   100 |
+--------+------------------+--------+------+----------------------+---------------+-------+
42 rows in set (0.00 sec)

mysql> select category.cat_id,p_name,product_price,stock  from category,product where category.cat_id=product.cat_no;
+--------+----------------------+---------------+-------+
| cat_id | p_name               | product_price | stock |
+--------+----------------------+---------------+-------+
|      1 | Crayons              |            25 |   100 |
|      1 | Water Colors         |            45 |    50 |
|      1 | Pencil Colors        |            35 |   100 |
|      2 | big Eraser           |            10 |   100 |
|      2 | small Eraser         |             5 |   100 |
|      3 | H-Pencil             |             5 |   100 |
|      3 | 2H-Pencil            |             3 |   100 |
|      4 | Gel Pen              |            15 |   100 |
|      4 | Ball pen             |            10 |   100 |
|      4 | Ink pen              |            20 |   100 |
|      5 | Normal Paper         |            25 |   100 |
|      5 | Graph Paper          |            15 |   100 |
|      6 | Dust Sharpner        |            15 |   100 |
|      6 | Non-Dust Sharpner    |            10 |   100 |
|      7 | Transparent          |            55 |   100 |
|      7 | Non-Transparent      |            65 |   100 |
|      8 | Pouch                |            15 |   100 |
|      8 | Geometry Box         |            25 |   100 |
|      9 | Normal Calculator    |            75 |   100 |
|      9 | Scintific Calculator |           125 |   100 |
|     10 | Spiral Notebook      |            25 |   100 |
|     10 | Composite Notebook   |            35 |   100 |
|     11 | officefiles          |            25 |   100 |
|     11 | Boxfiles             |            45 |   100 |
|     12 | Expandable folder    |            55 |   100 |
|     12 | Leather Folder       |            75 |   100 |
|     13 | Compass              |            25 |   100 |
|     13 | Divider              |            15 |   100 |
|     14 | paper Scissor        |            25 |   100 |
|     14 | Clothe Scissor       |            35 |   100 |
|     15 | Fevicol              |            15 |   100 |
|     15 | Hot Glue             |            25 |   100 |
|     16 | stapler-Big          |            55 |   100 |
|     16 | Stapler-small        |            25 |   100 |
|     17 | Small Punching       |            25 |   100 |
|     17 | Big Punching         |            75 |   100 |
|     18 | Papers               |            25 |   100 |
|     18 | Ink                  |            45 |   100 |
|     19 | School Bag           |           125 |   100 |
|     19 | School Bottle        |            35 |   100 |
|     20 | White Board+duster   |           125 |   100 |
|     20 | Black Board+duster   |           100 |   100 |
+--------+----------------------+---------------+-------+
42 rows in set (0.00 sec)

mysql> select cat_name,sum(product_price) from product,category where category.cat_id.product.cat_no ;
ERROR 1064 (42000): You have an error in your SQL syntax; check the manual that corresponds to your MySQL server version for the right syntax to use near '.cat_no' at line 1
mysql> select cat_name,sum(product_price) from product,category where category.cat_id=product.cat_no  ;
ERROR 1140 (42000): In aggregated query without GROUP BY, expression #1 of SELECT list contains nonaggregated column 'oms.category.cat_name'; this is incompatible with sql_mode=only_full_group_by
mysql> select cat_name,sum(product_price) from product,category where category.cat_id=product.cat_no group by product.cat_no ;
+------------------+--------------------+
| cat_name         | sum(product_price) |
+------------------+--------------------+
| colors           |                105 |
| Erasers          |                 15 |
| pencils          |                  8 |
| pens             |                 45 |
| papers           |                 40 |
| sharpners        |                 25 |
| Exam pads        |                120 |
| Pencil Box       |                 40 |
| Calculators      |                200 |
| Notebooks        |                 60 |
| Files            |                 70 |
| Folders          |                130 |
| Tools            |                 40 |
| scissors         |                 60 |
| glue             |                 40 |
| Staplers         |                 80 |
| Punching machine |                100 |
| Printing Suplies |                 70 |
| School Supplies  |                160 |
| Boards & Dusters |                225 |
+------------------+--------------------+
20 rows in set (0.00 sec)

mysql> select cat_name,avg(product_price) from product,category where category.cat_id=product.cat_no group by product.cat_no ;
+------------------+--------------------+
| cat_name         | avg(product_price) |
+------------------+--------------------+
| colors           |            35.0000 |
| Erasers          |             7.5000 |
| pencils          |             4.0000 |
| pens             |            15.0000 |
| papers           |            20.0000 |
| sharpners        |            12.5000 |
| Exam pads        |            60.0000 |
| Pencil Box       |            20.0000 |
| Calculators      |           100.0000 |
| Notebooks        |            30.0000 |
| Files            |            35.0000 |
| Folders          |            65.0000 |
| Tools            |            20.0000 |
| scissors         |            30.0000 |
| glue             |            20.0000 |
| Staplers         |            40.0000 |
| Punching machine |            50.0000 |
| Printing Suplies |            35.0000 |
| School Supplies  |            80.0000 |
| Boards & Dusters |           112.5000 |
+------------------+--------------------+
20 rows in set (0.00 sec)

mysql> select cat_name,avg(product_price) as average from product,category where category.cat_id=product.cat_no group by product.cat_no ;
+------------------+----------+
| cat_name         | average  |
+------------------+----------+
| colors           |  35.0000 |
| Erasers          |   7.5000 |
| pencils          |   4.0000 |
| pens             |  15.0000 |
| papers           |  20.0000 |
| sharpners        |  12.5000 |
| Exam pads        |  60.0000 |
| Pencil Box       |  20.0000 |
| Calculators      | 100.0000 |
| Notebooks        |  30.0000 |
| Files            |  35.0000 |
| Folders          |  65.0000 |
| Tools            |  20.0000 |
| scissors         |  30.0000 |
| glue             |  20.0000 |
| Staplers         |  40.0000 |
| Punching machine |  50.0000 |
| Printing Suplies |  35.0000 |
| School Supplies  |  80.0000 |
| Boards & Dusters | 112.5000 |
+------------------+----------+
20 rows in set (0.01 sec)

mysql> select cat_name,avg(product_price) as average from product,category where category.cat_id=product.cat_no group by product.cat_no having avg(product_price)>15;
+------------------+----------+
| cat_name         | average  |
+------------------+----------+
| colors           |  35.0000 |
| papers           |  20.0000 |
| Exam pads        |  60.0000 |
| Pencil Box       |  20.0000 |
| Calculators      | 100.0000 |
| Notebooks        |  30.0000 |
| Files            |  35.0000 |
| Folders          |  65.0000 |
| Tools            |  20.0000 |
| scissors         |  30.0000 |
| glue             |  20.0000 |
| Staplers         |  40.0000 |
| Punching machine |  50.0000 |
| Printing Suplies |  35.0000 |
| School Supplies  |  80.0000 |
| Boards & Dusters | 112.5000 |
+------------------+----------+
16 rows in set (0.00 sec)

mysql> select cat_name,avg(product_price) as average from product,category where category.cat_id=product.cat_no group by product.cat_no having avg(product_price)>15 order by avg(product_price);
+------------------+----------+
| cat_name         | average  |
+------------------+----------+
| Tools            |  20.0000 |
| Pencil Box       |  20.0000 |
| papers           |  20.0000 |
| glue             |  20.0000 |
| Notebooks        |  30.0000 |
| scissors         |  30.0000 |
| colors           |  35.0000 |
| Files            |  35.0000 |
| Printing Suplies |  35.0000 |
| Staplers         |  40.0000 |
| Punching machine |  50.0000 |
| Exam pads        |  60.0000 |
| Folders          |  65.0000 |
| School Supplies  |  80.0000 |
| Calculators      | 100.0000 |
| Boards & Dusters | 112.5000 |
+------------------+----------+
16 rows in set (0.00 sec)

mysql> select cat_name,avg(product_price) as average from product,category where category.cat_id=product.cat_no group by product.cat_no having avg(product_price)>15 order by avg(product_price) desc;
+------------------+----------+
| cat_name         | average  |
+------------------+----------+
| Boards & Dusters | 112.5000 |
| Calculators      | 100.0000 |
| School Supplies  |  80.0000 |
| Folders          |  65.0000 |
| Exam pads        |  60.0000 |
| Punching machine |  50.0000 |
| Staplers         |  40.0000 |
| colors           |  35.0000 |
| Files            |  35.0000 |
| Printing Suplies |  35.0000 |
| Notebooks        |  30.0000 |
| scissors         |  30.0000 |
| Tools            |  20.0000 |
| Pencil Box       |  20.0000 |
| papers           |  20.0000 |
| glue             |  20.0000 |
+------------------+----------+
16 rows in set (0.00 sec)

mysql> select from customer,orders,selects where customer.cust_id=orders.cust_id and orders.or_id=selects.or_id;
ERROR 1064 (42000): You have an error in your SQL syntax; check the manual that corresponds to your MySQL server version for the right syntax to use near 'from customer,orders,selects where customer.cust_id=orders.cust_id and orders.or' at line 1
mysql> select * from customer,orders,selects where customer.cust_id=orders.cust_id and orders.or_id=selects.or_id;
ERROR 1054 (42S22): Unknown column 'orders.cust_id' in 'where clause'
mysql> select * from customer,orders,selects where customer.cust_id=orders.cust_no and orders.or_id=selects.or_id;
+---------+----------------+---------------------------+--------+------+-------------+-------+---------+------------+-----------+-------+------+------+---------+
| cust_id | cust_name      | email                     | street | city | state       | or_id | cust_no | or_date    | total_amt | or_id | p_id | qty  | tot_amt |
+---------+----------------+---------------------------+--------+------+-------------+-------+---------+------------+-----------+-------+------+------+---------+
|       1 | Yash Jeswani   | yashjeswani2420@gmail.com | Katraj | Pune | Maharashtra |     1 |       1 | 2019-04-19 |         0 |     1 |    1 |    3 |       0 |
|       1 | Yash Jeswani   | yashjeswani2420@gmail.com | Katraj | Pune | Maharashtra |     1 |       1 | 2019-04-19 |         0 |     1 |    4 |    2 |       0 |
|       1 | Yash Jeswani   | yashjeswani2420@gmail.com | Katraj | Pune | Maharashtra |     2 |       1 | 2019-05-19 |         0 |     2 |    7 |    2 |       0 |
|       1 | Yash Jeswani   | yashjeswani2420@gmail.com | Katraj | Pune | Maharashtra |     2 |       1 | 2019-05-19 |         0 |     2 |   11 |    3 |       0 |
|       2 | Kunal Sachdev  | kunalsachdev456@gmail.com | Katraj | Pune | Maharashtra |     3 |       2 | 2019-06-19 |         0 |     3 |   13 |    4 |       0 |
|       2 | Kunal Sachdev  | kunalsachdev456@gmail.com | Katraj | Pune | Maharashtra |     3 |       2 | 2019-06-19 |         0 |     3 |   17 |    1 |       0 |
|       2 | Kunal Sachdev  | kunalsachdev456@gmail.com | Katraj | Pune | Maharashtra |     4 |       2 | 2019-07-10 |         0 |     4 |   21 |    5 |       0 |
|       2 | Kunal Sachdev  | kunalsachdev456@gmail.com | Katraj | Pune | Maharashtra |     4 |       2 | 2019-07-10 |         0 |     4 |   26 |    4 |       0 |
|       3 | Animesh Landge | anni.landge@gmail.com     | Katraj | Pune | Maharashtra |     5 |       3 | 2019-07-15 |         0 |     5 |   28 |    2 |       0 |
|       3 | Animesh Landge | anni.landge@gmail.com     | Katraj | Pune | Maharashtra |     5 |       3 | 2019-07-15 |         0 |     5 |   38 |    3 |       0 |
+---------+----------------+---------------------------+--------+------+-------------+-------+---------+------------+-----------+-------+------+------+---------+
10 rows in set (0.00 sec)

mysql> select  p_id ,qty,or_date  from customer,orders,selects where customer.cust_id=orders.cust_no and orders.or_id=selects.or_id and cust_name="yash jeswani";
+------+------+------------+
| p_id | qty  | or_date    |
+------+------+------------+
|    1 |    3 | 2019-04-19 |
|    4 |    2 | 2019-04-19 |
|    7 |    2 | 2019-05-19 |
|   11 |    3 | 2019-05-19 |
+------+------+------------+
4 rows in set (0.00 sec)

mysql> select  p_id ,qty,or_date  from customer,orders,selects where customer.cust_id=orders.cust_no and orders.or_id=selects.or_id and cust_name="yash jeswani" and orders.or_id=1;
+------+------+------------+
| p_id | qty  | or_date    |
+------+------+------------+
|    1 |    3 | 2019-04-19 |
|    4 |    2 | 2019-04-19 |
+------+------+------------+
2 rows in set (0.01 sec)

mysql> select * from selects;
+-------+------+------+---------+
| or_id | p_id | qty  | tot_amt |
+-------+------+------+---------+
|     1 |    1 |    3 |       0 |
|     1 |    4 |    2 |       0 |
|     2 |    7 |    2 |       0 |
|     2 |   11 |    3 |       0 |
|     3 |   13 |    4 |       0 |
|     3 |   17 |    1 |       0 |
|     4 |   21 |    5 |       0 |
|     4 |   26 |    4 |       0 |
|     5 |   28 |    2 |       0 |
|     5 |   38 |    3 |       0 |
+-------+------+------+---------+
10 rows in set (0.00 sec)

mysql> update selects set tot_amt=(select product_price from product where p_id=selects.p_id) * qty;
Query OK, 10 rows affected (0.05 sec)
Rows matched: 10  Changed: 10  Warnings: 0

mysql> select * from selects;
+-------+------+------+---------+
| or_id | p_id | qty  | tot_amt |
+-------+------+------+---------+
|     1 |    1 |    3 |      75 |
|     1 |    4 |    2 |      20 |
|     2 |    7 |    2 |       6 |
|     2 |   11 |    3 |      75 |
|     3 |   13 |    4 |      60 |
|     3 |   17 |    1 |      15 |
|     4 |   21 |    5 |     125 |
|     4 |   26 |    4 |     300 |
|     5 |   28 |    2 |      30 |
|     5 |   38 |    3 |     135 |
+-------+------+------+---------+
10 rows in set (0.00 sec)

mysql> 

